Archive member included because of file (symbol)

/home/iliya/work/SL/SimplicityStudio/SimplicityStudio_v3/developer/toolchains/gnu_arm/4.8_2013q4/bin/../lib/gcc/arm-none-eabi/4.8.3/armv6-m/libgcc.a(_udivsi3.o)
                              ./emusb/em_usbd.o (__aeabi_uidiv)
/home/iliya/work/SL/SimplicityStudio/SimplicityStudio_v3/developer/toolchains/gnu_arm/4.8_2013q4/bin/../lib/gcc/arm-none-eabi/4.8.3/armv6-m/libgcc.a(_divsi3.o)
                              ./emusb/em_usbd.o (__aeabi_idiv)
/home/iliya/work/SL/SimplicityStudio/SimplicityStudio_v3/developer/toolchains/gnu_arm/4.8_2013q4/bin/../lib/gcc/arm-none-eabi/4.8.3/armv6-m/libgcc.a(_dvmd_tls.o)
                              /home/iliya/work/SL/SimplicityStudio/SimplicityStudio_v3/developer/toolchains/gnu_arm/4.8_2013q4/bin/../lib/gcc/arm-none-eabi/4.8.3/armv6-m/libgcc.a(_udivsi3.o) (__aeabi_idiv0)
/home/iliya/work/SL/SimplicityStudio/SimplicityStudio_v3/developer/toolchains/gnu_arm/4.8_2013q4/bin/../lib/gcc/arm-none-eabi/4.8.3/armv6-m/libgcc.a(_clzsi2.o)
                              ./emlib/em_cmu.o (__clzsi2)
/home/iliya/work/SL/SimplicityStudio/SimplicityStudio_v3/developer/toolchains/gnu_arm/4.8_2013q4/bin/../lib/gcc/arm-none-eabi/4.8.3/armv6-m/libgcc.a(_aeabi_uldivmod.o)
                              ./emlib/em_usart.o (__aeabi_uldivmod)
/home/iliya/work/SL/SimplicityStudio/SimplicityStudio_v3/developer/toolchains/gnu_arm/4.8_2013q4/bin/../lib/gcc/arm-none-eabi/4.8.3/armv6-m/libgcc.a(_muldi3.o)
                              ./emusb/em_usbtimer.o (__aeabi_lmul)
/home/iliya/work/SL/SimplicityStudio/SimplicityStudio_v3/developer/toolchains/gnu_arm/4.8_2013q4/bin/../lib/gcc/arm-none-eabi/4.8.3/armv6-m/libgcc.a(bpabi.o)
                              /home/iliya/work/SL/SimplicityStudio/SimplicityStudio_v3/developer/toolchains/gnu_arm/4.8_2013q4/bin/../lib/gcc/arm-none-eabi/4.8.3/armv6-m/libgcc.a(_aeabi_uldivmod.o) (__gnu_uldivmod_helper)
/home/iliya/work/SL/SimplicityStudio/SimplicityStudio_v3/developer/toolchains/gnu_arm/4.8_2013q4/bin/../lib/gcc/arm-none-eabi/4.8.3/armv6-m/libgcc.a(_divdi3.o)
                              /home/iliya/work/SL/SimplicityStudio/SimplicityStudio_v3/developer/toolchains/gnu_arm/4.8_2013q4/bin/../lib/gcc/arm-none-eabi/4.8.3/armv6-m/libgcc.a(bpabi.o) (__divdi3)
/home/iliya/work/SL/SimplicityStudio/SimplicityStudio_v3/developer/toolchains/gnu_arm/4.8_2013q4/bin/../lib/gcc/arm-none-eabi/4.8.3/armv6-m/libgcc.a(_udivdi3.o)
                              /home/iliya/work/SL/SimplicityStudio/SimplicityStudio_v3/developer/toolchains/gnu_arm/4.8_2013q4/bin/../lib/gcc/arm-none-eabi/4.8.3/armv6-m/libgcc.a(bpabi.o) (__udivdi3)
/home/iliya/work/SL/SimplicityStudio/SimplicityStudio_v3/developer/toolchains/gnu_arm/4.8_2013q4/bin/../lib/gcc/arm-none-eabi/4.8.3/../../../../arm-none-eabi/lib/armv6-m/libc_s.a(lib_a-exit.o)
                              /home/iliya/work/SL/SimplicityStudio/SimplicityStudio_v3/developer/toolchains/gnu_arm/4.8_2013q4/bin/../lib/gcc/arm-none-eabi/4.8.3/../../../../arm-none-eabi/lib/armv6-m/crt0.o (exit)
/home/iliya/work/SL/SimplicityStudio/SimplicityStudio_v3/developer/toolchains/gnu_arm/4.8_2013q4/bin/../lib/gcc/arm-none-eabi/4.8.3/../../../../arm-none-eabi/lib/armv6-m/libc_s.a(lib_a-impure.o)
                              /home/iliya/work/SL/SimplicityStudio/SimplicityStudio_v3/developer/toolchains/gnu_arm/4.8_2013q4/bin/../lib/gcc/arm-none-eabi/4.8.3/../../../../arm-none-eabi/lib/armv6-m/libc_s.a(lib_a-exit.o) (_global_impure_ptr)
/home/iliya/work/SL/SimplicityStudio/SimplicityStudio_v3/developer/toolchains/gnu_arm/4.8_2013q4/bin/../lib/gcc/arm-none-eabi/4.8.3/../../../../arm-none-eabi/lib/armv6-m/libc_s.a(lib_a-init.o)
                              /home/iliya/work/SL/SimplicityStudio/SimplicityStudio_v3/developer/toolchains/gnu_arm/4.8_2013q4/bin/../lib/gcc/arm-none-eabi/4.8.3/../../../../arm-none-eabi/lib/armv6-m/crt0.o (__libc_init_array)
/home/iliya/work/SL/SimplicityStudio/SimplicityStudio_v3/developer/toolchains/gnu_arm/4.8_2013q4/bin/../lib/gcc/arm-none-eabi/4.8.3/../../../../arm-none-eabi/lib/armv6-m/libc_s.a(lib_a-malloc.o)
                              ./src/main.o (malloc)
/home/iliya/work/SL/SimplicityStudio/SimplicityStudio_v3/developer/toolchains/gnu_arm/4.8_2013q4/bin/../lib/gcc/arm-none-eabi/4.8.3/../../../../arm-none-eabi/lib/armv6-m/libc_s.a(lib_a-memcpy-stub.o)
                              ./Drivers/display.o (memcpy)
/home/iliya/work/SL/SimplicityStudio/SimplicityStudio_v3/developer/toolchains/gnu_arm/4.8_2013q4/bin/../lib/gcc/arm-none-eabi/4.8.3/../../../../arm-none-eabi/lib/armv6-m/libc_s.a(lib_a-memset.o)
                              /home/iliya/work/SL/SimplicityStudio/SimplicityStudio_v3/developer/toolchains/gnu_arm/4.8_2013q4/bin/../lib/gcc/arm-none-eabi/4.8.3/../../../../arm-none-eabi/lib/armv6-m/crt0.o (memset)
[...]
Memory Configuration

Name             Origin             Length             Attributes
FLASH            0x00000000         0x00010000         xr
RAM              0x20000000         0x00002000         xrw
*default*        0x00000000         0xffffffff

Linker script and memory map

LOAD /home/iliya/work/SL/SimplicityStudio/SimplicityStudio_v3/developer/toolchains/gnu_arm/4.8_2013q4/bin/../lib/gcc/arm-none-eabi/4.8.3/armv6-m/crti.o
LOAD /home/iliya/work/SL/SimplicityStudio/SimplicityStudio_v3/developer/toolchains/gnu_arm/4.8_2013q4/bin/../lib/gcc/arm-none-eabi/4.8.3/armv6-m/crtbegin.o
LOAD /home/iliya/work/SL/SimplicityStudio/SimplicityStudio_v3/developer/toolchains/gnu_arm/4.8_2013q4/bin/../lib/gcc/arm-none-eabi/4.8.3/../../../../arm-none-eabi/lib/armv6-m/crt0.o
LOAD ./src/descriptors.o
LOAD ./src/main.o
LOAD ./src/scrolllcd.o
LOAD ./src/usbdrv_hal.o
LOAD ./emusb/em_usbd.o
LOAD ./emusb/em_usbdch9.o
LOAD ./emusb/em_usbdep.o
LOAD ./emusb/em_usbdint.o
LOAD ./emusb/em_usbhal.o
LOAD ./emusb/em_usbtimer.o
LOAD ./emlib/em_assert.o
LOAD ./emlib/em_cmu.o
LOAD ./emlib/em_dma.o
LOAD ./emlib/em_emu.o
LOAD ./emlib/em_gpio.o
LOAD ./emlib/em_int.o
LOAD ./emlib/em_prs.o
LOAD ./emlib/em_rtc.o
LOAD ./emlib/em_system.o
LOAD ./emlib/em_timer.o
LOAD ./emlib/em_usart.o
LOAD ./Drivers/cdc.o
LOAD ./Drivers/display.o
LOAD ./Drivers/displayls013b7dh03.o
LOAD ./Drivers/displaypalemlib.o
LOAD ./Drivers/dmactrl.o
LOAD ./Drivers/udelay.o
LOAD ./CMSIS/efm32hg/startup_gcc_efm32hg.o
LOAD ./CMSIS/efm32hg/system_efm32hg.o
START GROUP
LOAD /home/iliya/work/SL/SimplicityStudio/SimplicityStudio_v3/developer/toolchains/gnu_arm/4.8_2013q4/bin/../lib/gcc/arm-none-eabi/4.8.3/armv6-m/libgcc.a
LOAD /home/iliya/work/SL/SimplicityStudio/SimplicityStudio_v3/developer/toolchains/gnu_arm/4.8_2013q4/bin/../lib/gcc/arm-none-eabi/4.8.3/../../../../arm-none-eabi/lib/armv6-m/libc_s.a
LOAD /home/iliya/work/SL/SimplicityStudio/SimplicityStudio_v3/developer/toolchains/gnu_arm/4.8_2013q4/bin/../lib/gcc/arm-none-eabi/4.8.3/../../../../arm-none-eabi/lib/armv6-m/libnosys.a
END GROUP
START GROUP
LOAD /home/iliya/work/SL/SimplicityStudio/SimplicityStudio_v3/developer/toolchains/gnu_arm/4.8_2013q4/bin/../lib/gcc/arm-none-eabi/4.8.3/armv6-m/libgcc.a
LOAD /home/iliya/work/SL/SimplicityStudio/SimplicityStudio_v3/developer/toolchains/gnu_arm/4.8_2013q4/bin/../lib/gcc/arm-none-eabi/4.8.3/../../../../arm-none-eabi/lib/armv6-m/libg_s.a
LOAD /home/iliya/work/SL/SimplicityStudio/SimplicityStudio_v3/developer/toolchains/gnu_arm/4.8_2013q4/bin/../lib/gcc/arm-none-eabi/4.8.3/../../../../arm-none-eabi/lib/armv6-m/libc_s.a
END GROUP
START GROUP
LOAD /home/iliya/work/SL/SimplicityStudio/SimplicityStudio_v3/developer/toolchains/gnu_arm/4.8_2013q4/bin/../lib/gcc/arm-none-eabi/4.8.3/armv6-m/libgcc.a
LOAD /home/iliya/work/SL/SimplicityStudio/SimplicityStudio_v3/developer/toolchains/gnu_arm/4.8_2013q4/bin/../lib/gcc/arm-none-eabi/4.8.3/../../../../arm-none-eabi/lib/armv6-m/libc_s.a
END GROUP
LOAD /home/iliya/work/SL/SimplicityStudio/SimplicityStudio_v3/developer/toolchains/gnu_arm/4.8_2013q4/bin/../lib/gcc/arm-none-eabi/4.8.3/armv6-m/crtend.o
LOAD /home/iliya/work/SL/SimplicityStudio/SimplicityStudio_v3/developer/toolchains/gnu_arm/4.8_2013q4/bin/../lib/gcc/arm-none-eabi/4.8.3/armv6-m/crtn.o

.text           0x00000000     0xac40
 *(.vectors)
 .vectors       0x00000000       0x94 ./CMSIS/efm32hg/startup_gcc_efm32hg.o
                0x00000000                __Vectors
                0x00000094                __Vectors_End = .
                0x00000094                __Vectors_Size = (__Vectors_End - __Vectors)
                0x00000094                __end__ = .
 *(.text*)
 .text          0x00000094       0x60 /home/iliya/work/SL/SimplicityStudio/SimplicityStudio_v3/developer/toolchains/gnu_arm/4.8_2013q4/bin/../lib/gcc/arm-none-eabi/4.8.3/armv6-m/crtbegin.o
 .text          0x000000f4       0x78 /home/iliya/work/SL/SimplicityStudio/SimplicityStudio_v3/developer/toolchains/gnu_arm/4.8_2013q4/bin/../lib/gcc/arm-none-eabi/4.8.3/../../../../arm-none-eabi/lib/armv6-m/crt0.o
                0x000000f4                _mainCRTStartup
                0x000000f4                _start
 .text.CHIP_Init
                0x0000016c       0x40 ./src/main.o
 .text.main     0x000001ac      0x164 ./src/main.o
                0x000001ac                main
 .text.StateChange
                0x00000310       0x68 ./src/main.o
 .text.scrollLcd
                0x00000378      0x158 ./src/scrolllcd.o
                0x00000378                scrollLcd
 .text.INT_Disable
                0x000004d0       0x28 ./src/usbdrv_hal.o
 .text.INT_Enable
                0x000004f8       0x38 ./src/usbdrv_hal.o
 .text.UsbDrv_CreateFrame
                0x00000530       0x34 ./src/usbdrv_hal.o
                0x00000530                UsbDrv_CreateFrame
 .text.UsbDrv_SendData
                0x00000564       0x2c ./src/usbdrv_hal.o
                0x00000564                UsbDrv_SendData
 .text.NVIC_EnableIRQ
                0x00000590       0x2c ./emusb/em_usbd.o
 .text.NVIC_ClearPendingIRQ
                0x000005bc       0x2c ./emusb/em_usbd.o
 .text.INT_Disable
                0x000005e8       0x28 ./emusb/em_usbd.o
 .text.INT_Enable
                0x00000610       0x38 ./emusb/em_usbd.o
 .text.USBHAL_DisableGlobalInt
                0x00000648       0x24 ./emusb/em_usbd.o
 .text.USBHAL_EnableGlobalInt
                0x0000066c       0x20 ./emusb/em_usbd.o
 .text.USBDHAL_EnableUsbResetAndSuspendInt
                0x0000068c       0x24 ./emusb/em_usbd.o
 .text.USBDHAL_EpIsStalled
                0x000006b0       0x48 ./emusb/em_usbd.o
 .text.USBDHAL_GetStallStatusEp
                0x000006f8       0xc4 ./emusb/em_usbd.o
 .text.USBDHAL_SetEp0InDmaPtr
                0x000007bc       0x20 ./emusb/em_usbd.o
 .text.USBDHAL_SetEp0OutDmaPtr
                0x000007dc       0x20 ./emusb/em_usbd.o
 .text.USBDHAL_StartEp0In
                0x000007fc       0x48 ./emusb/em_usbd.o
 .text.USBDHAL_StartEp0Out
                0x00000844       0x48 ./emusb/em_usbd.o
 .text.USBDHAL_StartEpIn
                0x0000088c       0xa4 ./emusb/em_usbd.o
 .text.USBDHAL_StartEpOut
                0x00000930       0xb0 ./emusb/em_usbd.o
 .text.USBD_ArmEp
                0x000009e0       0x28 ./emusb/em_usbd.o
 .text.USBD_ArmEp0
                0x00000a08       0x84 ./emusb/em_usbd.o
 .text.USBD_ArmEpN
                0x00000a8c       0x28 ./emusb/em_usbd.o
 .text.USBD_GetEpFromAddr
                0x00000ab4       0x88 ./emusb/em_usbd.o
 .text.USBD_Connect
                0x00000b3c       0x14 ./emusb/em_usbd.o
                0x00000b3c                USBD_Connect
 .text.USBD_GetUsbState
                0x00000b50       0x18 ./emusb/em_usbd.o
                0x00000b50                USBD_GetUsbState
 .text.USBD_Init
                0x00000b68      0x514 ./emusb/em_usbd.o
                0x00000b68                USBD_Init
 .text.USBD_Read
                0x0000107c      0x14c ./emusb/em_usbd.o
                0x0000107c                USBD_Read
 .text.USBD_SetUsbState
                0x000011c8       0x88 ./emusb/em_usbd.o
                0x000011c8                USBD_SetUsbState
 .text.USBD_Write
                0x00001250      0x150 ./emusb/em_usbd.o
                0x00001250                USBD_Write
 .text.USBDHAL_ActivateEp
                0x000013a0      0x114 ./emusb/em_usbdch9.o
 .text.USBDHAL_DeactivateEp
                0x000014b4       0x64 ./emusb/em_usbdch9.o
 .text.USBDHAL_GetStallStatusEp
                0x00001518       0xc4 ./emusb/em_usbdch9.o
 .text.USBDHAL_SetAddr
                0x000015dc       0x38 ./emusb/em_usbdch9.o
 .text.USBDHAL_StallEp
                0x00001614       0xcc ./emusb/em_usbdch9.o
 .text.USBDHAL_UnStallEp
                0x000016e0       0xec ./emusb/em_usbdch9.o
 .text.USBD_ActivateAllEps
                0x000017cc       0x48 ./emusb/em_usbdch9.o
 .text.USBD_DeactivateAllEps
                0x00001814       0x5c ./emusb/em_usbdch9.o
 .text.USBD_GetEpFromAddr
                0x00001870       0x88 ./emusb/em_usbdch9.o
 .text.USBDCH9_SetupCmd
                0x000018f8       0xe8 ./emusb/em_usbdch9.o
                0x000018f8                USBDCH9_SetupCmd
 .text.ClearFeature
                0x000019e0       0xe4 ./emusb/em_usbdch9.o
 .text.GetConfiguration
                0x00001ac4       0xbc ./emusb/em_usbdch9.o
 .text.GetDescriptor
                0x00001b80      0x138 ./emusb/em_usbdch9.o
 .text.GetInterface
                0x00001cb8       0xa0 ./emusb/em_usbdch9.o
 .text.GetStatus
                0x00001d58      0x1c8 ./emusb/em_usbdch9.o
 .text.SetAddress
                0x00001f20       0xd4 ./emusb/em_usbdch9.o
 .text.SetConfiguration
                0x00001ff4      0x140 ./emusb/em_usbdch9.o
 .text.SetFeature
                0x00002134      0x118 ./emusb/em_usbdch9.o
 .text.SetInterface
                0x0000224c       0x74 ./emusb/em_usbdch9.o
 .text.USBDHAL_StallEp
                0x000022c0       0xcc ./emusb/em_usbdep.o
 .text.USBDHAL_StartEp0In
                0x0000238c       0x48 ./emusb/em_usbdep.o
 .text.USBDHAL_StartEp0Out
                0x000023d4       0x48 ./emusb/em_usbdep.o
 .text.USBDHAL_StartEp0Setup
                0x0000241c       0x68 ./emusb/em_usbdep.o
 .text.USBD_GetEpFromAddr
                0x00002484       0x88 ./emusb/em_usbdep.o
 .text.USBD_ReArmEp0
                0x0000250c       0x60 ./emusb/em_usbdep.o
 .text.USBDEP_Ep0Handler
                0x0000256c      0x2a0 ./emusb/em_usbdep.o
                0x0000256c                USBDEP_Ep0Handler
 .text.USBDEP_EpHandler
                0x0000280c       0x74 ./emusb/em_usbdep.o
                0x0000280c                USBDEP_EpHandler
 .text.INT_Disable
                0x00002880       0x28 ./emusb/em_usbdint.o
 .text.INT_Enable
                0x000028a8       0x38 ./emusb/em_usbdint.o
 .text.USBHAL_FlushTxFifo
                0x000028e0       0x38 ./emusb/em_usbdint.o
 .text.USBHAL_GetCoreInts
                0x00002918       0x30 ./emusb/em_usbdint.o
 .text.USBDHAL_EnableInts
                0x00002948       0x50 ./emusb/em_usbdint.o
 .text.USBDHAL_Ep0Activate
                0x00002998       0x54 ./emusb/em_usbdint.o
 .text.USBDHAL_GetAllInEpInts
                0x000029ec       0x34 ./emusb/em_usbdint.o
 .text.USBDHAL_GetAllOutEpInts
                0x00002a20       0x34 ./emusb/em_usbdint.o
 .text.USBDHAL_GetInEpInts
                0x00002a54       0x38 ./emusb/em_usbdint.o
 .text.USBDHAL_GetOutEpInts
                0x00002a8c       0x40 ./emusb/em_usbdint.o
 .text.USBDHAL_StartEp0Setup
                0x00002acc       0x68 ./emusb/em_usbdint.o
 .text.USBD_GetEpFromAddr
                0x00002b34       0x88 ./emusb/em_usbdint.o
 .text.USB_IRQHandler
                0x00002bbc      0x148 ./emusb/em_usbdint.o
                0x00002bbc                USB_IRQHandler
 .text.Handle_USB_GINTSTS_ENUMDONE
                0x00002d04       0x30 ./emusb/em_usbdint.o
 .text.Handle_USB_GINTSTS_IEPINT
                0x00002d34      0x154 ./emusb/em_usbdint.o
 .text.Handle_USB_GINTSTS_OEPINT
                0x00002e88       0x98 ./emusb/em_usbdint.o
 .text.Handle_USB_GINTSTS_RESETDET
                0x00002f20       0x34 ./emusb/em_usbdint.o
 .text.Handle_USB_GINTSTS_SOF
                0x00002f54       0x4c ./emusb/em_usbdint.o
 .text.Handle_USB_GINTSTS_USBRST
                0x00002fa0       0xf4 ./emusb/em_usbdint.o
 .text.Handle_USB_GINTSTS_USBSUSP
                0x00003094       0x68 ./emusb/em_usbdint.o
 .text.Handle_USB_GINTSTS_WKUPINT
                0x000030fc       0x2c ./emusb/em_usbdint.o
 .text.HandleOutEpIntr
                0x00003128      0x218 ./emusb/em_usbdint.o
 .text.NVIC_ClearPendingIRQ
                0x00003340       0x2c ./emusb/em_usbhal.o
 .text.INT_Disable
                0x0000336c       0x28 ./emusb/em_usbhal.o
 .text.INT_Enable
                0x00003394       0x38 ./emusb/em_usbhal.o
 .text.USBHAL_FlushRxFifo
                0x000033cc       0x28 ./emusb/em_usbhal.o
 .text.USBHAL_FlushTxFifo
                0x000033f4       0x38 ./emusb/em_usbhal.o
 .text.USBDHAL_DeactivateEp
                0x0000342c       0x64 ./emusb/em_usbhal.o
 .text.USBDHAL_GetInEpInts
                0x00003490       0x38 ./emusb/em_usbhal.o
 .text.USBDHAL_GetOutEpInts
                0x000034c8       0x40 ./emusb/em_usbhal.o
 .text.USBDHAL_SetEPDISNAK
                0x00003508       0x90 ./emusb/em_usbhal.o
 .text.USBD_GetEpFromAddr
                0x00003598       0x88 ./emusb/em_usbhal.o
 .text.PrintI   0x00003620       0x10 ./emusb/em_usbhal.o
 .text.assertEFM
                0x00003630       0x14 ./emusb/em_usbhal.o
                0x00003630                assertEFM
 .text.USBHAL_CoreReset
                0x00003644       0x6c ./emusb/em_usbhal.o
                0x00003644                USBHAL_CoreReset
 .text.USBDHAL_Connect
                0x000036b0       0x24 ./emusb/em_usbhal.o
                0x000036b0                USBDHAL_Connect
 .text.USBDHAL_CoreInit
                0x000036d4      0x31c ./emusb/em_usbhal.o
                0x000036d4                USBDHAL_CoreInit
 .text.USBDHAL_AbortAllEps
                0x000039f0      0x468 ./emusb/em_usbhal.o
                0x000039f0                USBDHAL_AbortAllEps
 .text.USBDHAL_AbortAllTransfers
                0x00003e58       0xac ./emusb/em_usbhal.o
                0x00003e58                USBDHAL_AbortAllTransfers
 .text.NVIC_EnableIRQ
                0x00003f04       0x2c ./emusb/em_usbtimer.o
 .text.NVIC_ClearPendingIRQ
                0x00003f30       0x2c ./emusb/em_usbtimer.o
 .text.INT_Disable
                0x00003f5c       0x28 ./emusb/em_usbtimer.o
 .text.INT_Enable
                0x00003f84       0x38 ./emusb/em_usbtimer.o
 .text.TIMER_CaptureGet
                0x00003fbc       0x20 ./emusb/em_usbtimer.o
 .text.TIMER_CompareSet
                0x00003fdc       0x20 ./emusb/em_usbtimer.o
 .text.TIMER_CounterGet
                0x00003ffc       0x14 ./emusb/em_usbtimer.o
 .text.TIMER_IntClear
                0x00004010       0x18 ./emusb/em_usbtimer.o
 .text.TIMER_IntEnable
                0x00004028       0x1c ./emusb/em_usbtimer.o
 .text.TIMER_IntGet
                0x00004044       0x14 ./emusb/em_usbtimer.o
 .text.TIMER_TopSet
                0x00004058       0x18 ./emusb/em_usbtimer.o
 .text.TIMER0_IRQHandler
                0x00004070       0x54 ./emusb/em_usbtimer.o
                0x00004070                TIMER0_IRQHandler
 .text.DelayTicks
                0x000040c4       0x5c ./emusb/em_usbtimer.o
 .text.USBTIMER_DelayMs
                0x00004120       0x80 ./emusb/em_usbtimer.o
                0x00004120                USBTIMER_DelayMs
 .text.USBTIMER_DelayUs
                0x000041a0      0x100 ./emusb/em_usbtimer.o
                0x000041a0                USBTIMER_DelayUs
 .text.USBTIMER_Init
                0x000042a0      0x1cc ./emusb/em_usbtimer.o
                0x000042a0                USBTIMER_Init
 .text.USBTIMER_Start
                0x0000446c      0x138 ./emusb/em_usbtimer.o
                0x0000446c                USBTIMER_Start
 .text.USBTIMER_Stop
                0x000045a4       0x8c ./emusb/em_usbtimer.o
                0x000045a4                USBTIMER_Stop
 .text.TimerTick
                0x00004630       0x68 ./emusb/em_usbtimer.o
 .text.BUS_RegBitWrite
                0x00004698       0x3c ./emlib/em_cmu.o
 .text.BUS_RegBitRead
                0x000046d4       0x20 ./emlib/em_cmu.o
 .text.CMU_DivToLog2
                0x000046f4       0x44 ./emlib/em_cmu.o
 .text.CMU_Log2ToDiv
                0x00004738       0x1c ./emlib/em_cmu.o
 .text.SYSTEM_GetProdRev
                0x00004754       0x18 ./emlib/em_cmu.o
 .text.auxClkGet
                0x0000476c       0xc0 ./emlib/em_cmu.o
 .text.dbgClkGet
                0x0000482c       0x5c ./emlib/em_cmu.o
 .text.flashWaitStateControl
                0x00004888       0x7c ./emlib/em_cmu.o
 .text.flashWaitStateMax
                0x00004904       0x14 ./emlib/em_cmu.o
 .text.lfClkGet
                0x00004918      0x12c ./emlib/em_cmu.o
 .text.syncReg  0x00004a44       0x2c ./emlib/em_cmu.o
 .text.usbCClkGet
                0x00004a70       0x58 ./emlib/em_cmu.o
 .text.CMU_ClockDivGet
                0x00004ac8      0x10c ./emlib/em_cmu.o
                0x00004ac8                CMU_ClockDivGet
 .text.CMU_ClockDivSet
                0x00004bd4      0x1f0 ./emlib/em_cmu.o
                0x00004bd4                CMU_ClockDivSet
 .text.CMU_ClockEnable
                0x00004dc4       0xc4 ./emlib/em_cmu.o
                0x00004dc4                CMU_ClockEnable
 .text.CMU_ClockFreqGet
                0x00004e88      0x160 ./emlib/em_cmu.o
                0x00004e88                CMU_ClockFreqGet
 .text.CMU_ClockSelectGet
                0x00004fe8      0x1f0 ./emlib/em_cmu.o
                0x00004fe8                CMU_ClockSelectGet
 .text.CMU_ClockSelectSet
                0x000051d8      0x2a0 ./emlib/em_cmu.o
                0x000051d8                CMU_ClockSelectSet
 .text.CMU_OscillatorEnable
                0x00005478       0xe0 ./emlib/em_cmu.o
                0x00005478                CMU_OscillatorEnable
 .text.NVIC_EnableIRQ
                0x00005558       0x2c ./emlib/em_dma.o
 .text.NVIC_DisableIRQ
                0x00005584       0x2c ./emlib/em_dma.o
 .text.NVIC_ClearPendingIRQ
                0x000055b0       0x2c ./emlib/em_dma.o
 .text.BUS_RegBitWrite
                0x000055dc       0x3c ./emlib/em_dma.o
 .text.DMA_Prepare
                0x00005618      0x11c ./emlib/em_dma.o
 .text.DMA_IRQHandler
                0x00005734       0xf4 ./emlib/em_dma.o
                0x00005734                DMA_IRQHandler
 .text.DMA_ActivateBasic
                0x00005828       0x84 ./emlib/em_dma.o
                0x00005828                DMA_ActivateBasic
 .text.DMA_CfgChannel
                0x000058ac       0xd0 ./emlib/em_dma.o
                0x000058ac                DMA_CfgChannel
 .text.DMA_CfgDescr
                0x0000597c       0xa4 ./emlib/em_dma.o
                0x0000597c                DMA_CfgDescr
 .text.DMA_Init
                0x00005a20       0x8c ./emlib/em_dma.o
                0x00005a20                DMA_Init
 .text.DMA_Reset
                0x00005aac       0x80 ./emlib/em_dma.o
                0x00005aac                DMA_Reset
 .text.EMU_UpdateOscConfig
                0x00005b2c       0x18 ./emlib/em_emu.o
                0x00005b2c                EMU_UpdateOscConfig
 .text.GPIO_PinOutClear
                0x00005b44       0xb0 ./emlib/em_gpio.o
 .text.GPIO_PinOutSet
                0x00005bf4       0xb0 ./emlib/em_gpio.o
 .text.GPIO_PinModeSet
                0x00005ca4      0x1b4 ./emlib/em_gpio.o
                0x00005ca4                GPIO_PinModeSet
 .text.PRS_SourceAsyncSignalSet
                0x00005e58       0x4c ./emlib/em_prs.o
                0x00005e58                PRS_SourceAsyncSignalSet
 .text.BUS_RegBitWrite
                0x00005ea4       0x3c ./emlib/em_rtc.o
 .text.RTC_CompareSet
                0x00005ee0       0x54 ./emlib/em_rtc.o
                0x00005ee0                RTC_CompareSet
 .text.RTC_Enable
                0x00005f34       0x28 ./emlib/em_rtc.o
                0x00005f34                RTC_Enable
 .text.RTC_FreezeEnable
                0x00005f5c       0x2c ./emlib/em_rtc.o
                0x00005f5c                RTC_FreezeEnable
 .text.RTC_Init
                0x00005f88       0x4c ./emlib/em_rtc.o
                0x00005f88                RTC_Init
 .text.RTC_CounterReset
                0x00005fd4       0x14 ./emlib/em_rtc.o
                0x00005fd4                RTC_CounterReset
 .text.SYSTEM_ChipRevisionGet
                0x00005fe8       0xa4 ./emlib/em_system.o
                0x00005fe8                SYSTEM_ChipRevisionGet
 .text.TIMER_Init
                0x0000608c      0x108 ./emlib/em_timer.o
                0x0000608c                TIMER_Init
 .text.TIMER_InitCC
                0x00006194       0xd8 ./emlib/em_timer.o
                0x00006194                TIMER_InitCC
 .text.BUS_RegMaskedWrite
                0x0000626c       0x24 ./emlib/em_usart.o
 .text.USART_BaudrateAsyncSet
                0x00006290      0x150 ./emlib/em_usart.o
                0x00006290                USART_BaudrateAsyncSet
 .text.USART_BaudrateSyncSet
                0x000063e0       0xb4 ./emlib/em_usart.o
                0x000063e0                USART_BaudrateSyncSet
 .text.USART_Enable
                0x00006494       0x60 ./emlib/em_usart.o
                0x00006494                USART_Enable
 .text.USART_InitAsync
                0x000064f4       0xa4 ./emlib/em_usart.o
                0x000064f4                USART_InitAsync
 .text.USART_InitSync
                0x00006598       0xd8 ./emlib/em_usart.o
                0x00006598                USART_InitSync
 .text.USART_Reset
                0x00006670       0xa8 ./emlib/em_usart.o
                0x00006670                USART_Reset
 .text.USART_Tx
                0x00006718       0x28 ./emlib/em_usart.o
                0x00006718                USART_Tx
 .text.USART_TxDouble
                0x00006740       0x28 ./emlib/em_usart.o
                0x00006740                USART_TxDouble
 .text.INT_Disable
                0x00006768       0x28 ./Drivers/cdc.o
 .text.INT_Enable
                0x00006790       0x38 ./Drivers/cdc.o
 .text.CDC_Init
                0x000067c8       0x10 ./Drivers/cdc.o
                0x000067c8                CDC_Init
 .text.CDC_SetupCmd
                0x000067d8      0x124 ./Drivers/cdc.o
                0x000067d8                CDC_SetupCmd
 .text.CDC_StateChangeEvent
                0x000068fc      0x128 ./Drivers/cdc.o
                0x000068fc                CDC_StateChangeEvent
 .text.UsbDataReceived
                0x00006a24       0xb0 ./Drivers/cdc.o
 .text.DmaTxComplete
                0x00006ad4       0x94 ./Drivers/cdc.o
 .text.UsbDataTransmitted
                0x00006b68       0xe8 ./Drivers/cdc.o
 .text.DmaRxComplete
                0x00006c50      0x11c ./Drivers/cdc.o
 .text.UartRxTimeout
                0x00006d6c       0xcc ./Drivers/cdc.o
 .text.LineCodingReceived
                0x00006e38      0x150 ./Drivers/cdc.o
 .text.DmaSetup
                0x00006f88      0x110 ./Drivers/cdc.o
 .text.SerialPortInit
                0x00007098       0x84 ./Drivers/cdc.o
 .text.DISPLAY_Init
                0x0000711c       0x54 ./Drivers/display.o
                0x0000711c                DISPLAY_Init
 .text.DISPLAY_DeviceGet
                0x00007170       0x60 ./Drivers/display.o
                0x00007170                DISPLAY_DeviceGet
 .text.DISPLAY_DeviceRegister
                0x000071d0       0x6c ./Drivers/display.o
                0x000071d0                DISPLAY_DeviceRegister
 .text.DISPLAY_Ls013b7dh03Init
                0x0000723c       0xf8 ./Drivers/displayls013b7dh03.o
                0x0000723c                DISPLAY_Ls013b7dh03Init
 .text.DriverRefresh
                0x00007334       0x20 ./Drivers/displayls013b7dh03.o
 .text.DisplayEnable
                0x00007354       0x34 ./Drivers/displayls013b7dh03.o
 .text.DisplayClear
                0x00007388       0x4c ./Drivers/displayls013b7dh03.o
 .text.PixelMatrixAllocate
                0x000073d4       0x68 ./Drivers/displayls013b7dh03.o
 .text.PixelMatrixFree
                0x0000743c       0x18 ./Drivers/displayls013b7dh03.o
 .text.PixelMatrixClear
                0x00007454       0x44 ./Drivers/displayls013b7dh03.o
 .text.PixelMatrixDraw
                0x00007498       0xc4 ./Drivers/displayls013b7dh03.o
 .text.GPIO_PinOutClear
                0x0000755c       0xb0 ./Drivers/displaypalemlib.o
 .text.GPIO_PinOutSet
                0x0000760c       0xb0 ./Drivers/displaypalemlib.o
 .text.PAL_SpiInit
                0x000076bc       0x54 ./Drivers/displaypalemlib.o
                0x000076bc                PAL_SpiInit
 .text.PAL_SpiTransmit
                0x00007710       0x74 ./Drivers/displaypalemlib.o
                0x00007710                PAL_SpiTransmit
 .text.PAL_TimerInit
                0x00007784       0x18 ./Drivers/displaypalemlib.o
                0x00007784                PAL_TimerInit
 .text.PAL_TimerMicroSecondsDelay
                0x0000779c       0x20 ./Drivers/displaypalemlib.o
                0x0000779c                PAL_TimerMicroSecondsDelay
 .text.PAL_GpioInit
                0x000077bc       0x24 ./Drivers/displaypalemlib.o
                0x000077bc                PAL_GpioInit
 .text.PAL_GpioPinModeSet
                0x000077e0       0x4c ./Drivers/displaypalemlib.o
                0x000077e0                PAL_GpioPinModeSet
 .text.PAL_GpioPinOutSet
                0x0000782c       0x28 ./Drivers/displaypalemlib.o
                0x0000782c                PAL_GpioPinOutSet
 .text.PAL_GpioPinOutClear
                0x00007854       0x28 ./Drivers/displaypalemlib.o
                0x00007854                PAL_GpioPinOutClear
 .text.PAL_GpioPinAutoToggle
                0x0000787c       0x80 ./Drivers/displaypalemlib.o
                0x0000787c                PAL_GpioPinAutoToggle
 .text.palClockSetup
                0x000078fc       0x28 ./Drivers/displaypalemlib.o
 .text.rtcSetup
                0x00007924       0x9c ./Drivers/displaypalemlib.o
 .text.NVIC_ClearPendingIRQ
                0x000079c0       0x2c ./Drivers/udelay.o
 .text.INT_Disable
                0x000079ec       0x28 ./Drivers/udelay.o
 .text.INT_Enable
                0x00007a14       0x38 ./Drivers/udelay.o
 .text.RTC_CounterGet
                0x00007a4c       0x14 ./Drivers/udelay.o
 .text.UDELAY_Calibrate
                0x00007a60      0x1f4 ./Drivers/udelay.o
                0x00007a60                UDELAY_Calibrate
 .text.UDELAY_Delay
                0x00007c54       0x34 ./Drivers/udelay.o
                0x00007c54                UDELAY_Delay
 .text.calibrate_delay
                0x00007c88       0xdc ./Drivers/udelay.o
 .text.clock    0x00007d64       0x10 ./Drivers/udelay.o
 .text._delay   0x00007d74       0x14 ./Drivers/udelay.o
 .text          0x00007d88       0x30 ./CMSIS/efm32hg/startup_gcc_efm32hg.o
                0x00007d88                Reset_Handler
                0x00007db4                TIMER2_IRQHandler
                0x00007db4                USART0_TX_IRQHandler
                0x00007db4                I2C0_IRQHandler
                0x00007db4                HardFault_Handler
                0x00007db4                SysTick_Handler
                0x00007db4                USART1_RX_IRQHandler
                0x00007db4                PendSV_Handler
                0x00007db4                NMI_Handler
                0x00007db4                USART1_TX_IRQHandler
                0x00007db4                MSC_IRQHandler
                0x00007db4                ADC0_IRQHandler
                0x00007db4                LEUART0_IRQHandler
                0x00007db4                GPIO_EVEN_IRQHandler
                0x00007db4                RTC_IRQHandler
                0x00007db4                TIMER1_IRQHandler
                0x00007db4                Default_Handler
                0x00007db4                PCNT0_IRQHandler
                0x00007db4                ACMP0_IRQHandler
                0x00007db4                USART0_RX_IRQHandler
                0x00007db4                SVC_Handler
                0x00007db4                CMU_IRQHandler
                0x00007db4                GPIO_ODD_IRQHandler
                0x00007db4                AES_IRQHandler
                0x00007db4                VCMP_IRQHandler
 .text.SystemCoreClockGet
                0x00007db8       0x3c ./CMSIS/efm32hg/system_efm32hg.o
                0x00007db8                SystemCoreClockGet
 .text.SystemMaxCoreClockGet
                0x00007df4       0x10 ./CMSIS/efm32hg/system_efm32hg.o
                0x00007df4                SystemMaxCoreClockGet
 .text.SystemHFClockGet
                0x00007e04      0x100 ./CMSIS/efm32hg/system_efm32hg.o
                0x00007e04                SystemHFClockGet
 .text.SystemInit
                0x00007f04        0x8 ./CMSIS/efm32hg/system_efm32hg.o
                0x00007f04                SystemInit
 .text.SystemLFRCOClockGet
                0x00007f0c       0x10 ./CMSIS/efm32hg/system_efm32hg.o
                0x00007f0c                SystemLFRCOClockGet
 .text.SystemULFRCOClockGet
                0x00007f1c       0x10 ./CMSIS/efm32hg/system_efm32hg.o
                0x00007f1c                SystemULFRCOClockGet
 .text.SystemLFXOClockGet
                0x00007f2c       0x14 ./CMSIS/efm32hg/system_efm32hg.o
                0x00007f2c                SystemLFXOClockGet
 .text          0x00007f40       0x9c /home/iliya/work/SL/SimplicityStudio/SimplicityStudio_v3/developer/toolchains/gnu_arm/4.8_2013q4/bin/../lib/gcc/arm-none-eabi/4.8.3/armv6-m/libgcc.a(_udivsi3.o)
                0x00007f40                __udivsi3
                0x00007f40                __aeabi_uidiv
                0x00007fc8                __aeabi_uidivmod
 .text          0x00007fdc       0xc0 /home/iliya/work/SL/SimplicityStudio/SimplicityStudio_v3/developer/toolchains/gnu_arm/4.8_2013q4/bin/../lib/gcc/arm-none-eabi/4.8.3/armv6-m/libgcc.a(_divsi3.o)
                0x00007fdc                __aeabi_idiv
                0x00007fdc                __divsi3
                0x00008088                __aeabi_idivmod
 .text          0x0000809c        0x4 /home/iliya/work/SL/SimplicityStudio/SimplicityStudio_v3/developer/toolchains/gnu_arm/4.8_2013q4/bin/../lib/gcc/arm-none-eabi/4.8.3/armv6-m/libgcc.a(_dvmd_tls.o)
                0x0000809c                __aeabi_ldiv0
                0x0000809c                __aeabi_idiv0
 .text          0x000080a0       0x3c /home/iliya/work/SL/SimplicityStudio/SimplicityStudio_v3/developer/toolchains/gnu_arm/4.8_2013q4/bin/../lib/gcc/arm-none-eabi/4.8.3/armv6-m/libgcc.a(_clzsi2.o)
                0x000080a0                __clzsi2
 .text          0x000080dc       0x44 /home/iliya/work/SL/SimplicityStudio/SimplicityStudio_v3/developer/toolchains/gnu_arm/4.8_2013q4/bin/../lib/gcc/arm-none-eabi/4.8.3/armv6-m/libgcc.a(_muldi3.o)
                0x000080dc                __aeabi_lmul
                0x000080dc                __muldi3
 .text.exit     0x00008120       0x2c /home/iliya/work/SL/SimplicityStudio/SimplicityStudio_v3/developer/toolchains/gnu_arm/4.8_2013q4/bin/../lib/gcc/arm-none-eabi/4.8.3/../../../../arm-none-eabi/lib/armv6-m/libc_s.a(lib_a-exit.o)
                0x00008120                exit
 .text.__libc_init_array
                0x0000814c       0x4c /home/iliya/work/SL/SimplicityStudio/SimplicityStudio_v3/developer/toolchains/gnu_arm/4.8_2013q4/bin/../lib/gcc/arm-none-eabi/4.8.3/../../../../arm-none-eabi/lib/armv6-m/libc_s.a(lib_a-init.o)
                0x0000814c                __libc_init_array
 .text.malloc   0x00008198       0x14 /home/iliya/work/SL/SimplicityStudio/SimplicityStudio_v3/developer/toolchains/gnu_arm/4.8_2013q4/bin/../lib/gcc/arm-none-eabi/4.8.3/../../../../arm-none-eabi/lib/armv6-m/libc_s.a(lib_a-malloc.o)
                0x00008198                malloc
 .text.free     0x000081ac       0x14 /home/iliya/work/SL/SimplicityStudio/SimplicityStudio_v3/developer/toolchains/gnu_arm/4.8_2013q4/bin/../lib/gcc/arm-none-eabi/4.8.3/../../../../arm-none-eabi/lib/armv6-m/libc_s.a(lib_a-malloc.o)
                0x000081ac                free
 .text.memcpy   0x000081c0       0x12 /home/iliya/work/SL/SimplicityStudio/SimplicityStudio_v3/developer/toolchains/gnu_arm/4.8_2013q4/bin/../lib/gcc/arm-none-eabi/4.8.3/../../../../arm-none-eabi/lib/armv6-m/libc_s.a(lib_a-memcpy-stub.o)
                0x000081c0                memcpy
 .text.memset   0x000081d2       0x10 /home/iliya/work/SL/SimplicityStudio/SimplicityStudio_v3/developer/toolchains/gnu_arm/4.8_2013q4/bin/../lib/gcc/arm-none-eabi/4.8.3/../../../../arm-none-eabi/lib/armv6-m/libc_s.a(lib_a-memset.o)
                0x000081d2                memset
 *fill*         0x000081e2        0x2 
 .text._free_r  0x000081e4       0x90 /home/iliya/work/SL/SimplicityStudio/SimplicityStudio_v3/developer/toolchains/gnu_arm/4.8_2013q4/bin/../lib/gcc/arm-none-eabi/4.8.3/../../../../arm-none-eabi/lib/armv6-m/libc_s.a(lib_a-nano-freer.o)
                0x000081e4                _free_r
 .text._malloc_r
                0x00008274       0xa8 /home/iliya/work/SL/SimplicityStudio/SimplicityStudio_v3/developer/toolchains/gnu_arm/4.8_2013q4/bin/../lib/gcc/arm-none-eabi/4.8.3/../../../../arm-none-eabi/lib/armv6-m/libc_s.a(lib_a-nano-mallocr.o)
                0x00008274                _malloc_r
 .text._perror_r
                0x0000831c       0x54 /home/iliya/work/SL/SimplicityStudio/SimplicityStudio_v3/developer/toolchains/gnu_arm/4.8_2013q4/bin/../lib/gcc/arm-none-eabi/4.8.3/../../../../arm-none-eabi/lib/armv6-m/libc_s.a(lib_a-perror.o)
                0x0000831c                _perror_r
 .text.perror   0x00008370       0x14 /home/iliya/work/SL/SimplicityStudio/SimplicityStudio_v3/developer/toolchains/gnu_arm/4.8_2013q4/bin/../lib/gcc/arm-none-eabi/4.8.3/../../../../arm-none-eabi/lib/armv6-m/libc_s.a(lib_a-perror.o)
                0x00008370                perror
 .text._sbrk_r  0x00008384       0x24 /home/iliya/work/SL/SimplicityStudio/SimplicityStudio_v3/developer/toolchains/gnu_arm/4.8_2013q4/bin/../lib/gcc/arm-none-eabi/4.8.3/../../../../arm-none-eabi/lib/armv6-m/libc_s.a(lib_a-sbrkr.o)
                0x00008384                _sbrk_r
 .text.strcat   0x000083a8       0x1a /home/iliya/work/SL/SimplicityStudio/SimplicityStudio_v3/developer/toolchains/gnu_arm/4.8_2013q4/bin/../lib/gcc/arm-none-eabi/4.8.3/../../../../arm-none-eabi/lib/armv6-m/libc_s.a(lib_a-strcat.o)
                0x000083a8                strcat
 .text.strcpy   0x000083c2       0x10 /home/iliya/work/SL/SimplicityStudio/SimplicityStudio_v3/developer/toolchains/gnu_arm/4.8_2013q4/bin/../lib/gcc/arm-none-eabi/4.8.3/../../../../arm-none-eabi/lib/armv6-m/libc_s.a(lib_a-strcpy.o)
                0x000083c2                strcpy
 *fill*         0x000083d2        0x2 
 .text._strerror_r
                0x000083d4      0x30c /home/iliya/work/SL/SimplicityStudio/SimplicityStudio_v3/developer/toolchains/gnu_arm/4.8_2013q4/bin/../lib/gcc/arm-none-eabi/4.8.3/../../../../arm-none-eabi/lib/armv6-m/libc_s.a(lib_a-strerror.o)
                0x000083d4                _strerror_r
 .text.strlen   0x000086e0        0xe /home/iliya/work/SL/SimplicityStudio/SimplicityStudio_v3/developer/toolchains/gnu_arm/4.8_2013q4/bin/../lib/gcc/arm-none-eabi/4.8.3/../../../../arm-none-eabi/lib/armv6-m/libc_s.a(lib_a-strlen.o)
                0x000086e0                strlen
 .text._user_strerror
                0x000086ee        0x4 /home/iliya/work/SL/SimplicityStudio/SimplicityStudio_v3/developer/toolchains/gnu_arm/4.8_2013q4/bin/../lib/gcc/arm-none-eabi/4.8.3/../../../../arm-none-eabi/lib/armv6-m/libc_s.a(lib_a-u_strerr.o)
                0x000086ee                _user_strerror
 .text._cleanup_r
                0x000086f2       0x34 /home/iliya/work/SL/SimplicityStudio/SimplicityStudio_v3/developer/toolchains/gnu_arm/4.8_2013q4/bin/../lib/gcc/arm-none-eabi/4.8.3/../../../../arm-none-eabi/lib/armv6-m/libc_s.a(lib_a-findfp.o)
                0x000086f2                _cleanup_r
 *fill*         0x00008726        0x2 
 .text.std.isra.0
                0x00008728       0x48 /home/iliya/work/SL/SimplicityStudio/SimplicityStudio_v3/developer/toolchains/gnu_arm/4.8_2013q4/bin/../lib/gcc/arm-none-eabi/4.8.3/../../../../arm-none-eabi/lib/armv6-m/libc_s.a(lib_a-findfp.o)
 .text.__sfmoreglue
                0x00008770       0x2c /home/iliya/work/SL/SimplicityStudio/SimplicityStudio_v3/developer/toolchains/gnu_arm/4.8_2013q4/bin/../lib/gcc/arm-none-eabi/4.8.3/../../../../arm-none-eabi/lib/armv6-m/libc_s.a(lib_a-findfp.o)
                0x00008770                __sfmoreglue
 .text.__sinit  0x0000879c       0x64 /home/iliya/work/SL/SimplicityStudio/SimplicityStudio_v3/developer/toolchains/gnu_arm/4.8_2013q4/bin/../lib/gcc/arm-none-eabi/4.8.3/../../../../arm-none-eabi/lib/armv6-m/libc_s.a(lib_a-findfp.o)
                0x0000879c                __sinit
 .text.__sfp    0x00008800       0x7c /home/iliya/work/SL/SimplicityStudio/SimplicityStudio_v3/developer/toolchains/gnu_arm/4.8_2013q4/bin/../lib/gcc/arm-none-eabi/4.8.3/../../../../arm-none-eabi/lib/armv6-m/libc_s.a(lib_a-findfp.o)
                0x00008800                __sfp
 .text._fputc_r
                0x0000887c       0x4c /home/iliya/work/SL/SimplicityStudio/SimplicityStudio_v3/developer/toolchains/gnu_arm/4.8_2013q4/bin/../lib/gcc/arm-none-eabi/4.8.3/../../../../arm-none-eabi/lib/armv6-m/libc_s.a(lib_a-fputc.o)
                0x0000887c                _fputc_r
 .text.fputc    0x000088c8       0x18 /home/iliya/work/SL/SimplicityStudio/SimplicityStudio_v3/developer/toolchains/gnu_arm/4.8_2013q4/bin/../lib/gcc/arm-none-eabi/4.8.3/../../../../arm-none-eabi/lib/armv6-m/libc_s.a(lib_a-fputc.o)
                0x000088c8                fputc
 .text._fputs_r
                0x000088e0       0xa8 /home/iliya/work/SL/SimplicityStudio/SimplicityStudio_v3/developer/toolchains/gnu_arm/4.8_2013q4/bin/../lib/gcc/arm-none-eabi/4.8.3/../../../../arm-none-eabi/lib/armv6-m/libc_s.a(lib_a-fputs.o)
                0x000088e0                _fputs_r
 .text.fputs    0x00008988       0x18 /home/iliya/work/SL/SimplicityStudio/SimplicityStudio_v3/developer/toolchains/gnu_arm/4.8_2013q4/bin/../lib/gcc/arm-none-eabi/4.8.3/../../../../arm-none-eabi/lib/armv6-m/libc_s.a(lib_a-fputs.o)
                0x00008988                fputs
 .text._putc_r  0x000089a0       0x78 /home/iliya/work/SL/SimplicityStudio/SimplicityStudio_v3/developer/toolchains/gnu_arm/4.8_2013q4/bin/../lib/gcc/arm-none-eabi/4.8.3/../../../../arm-none-eabi/lib/armv6-m/libc_s.a(lib_a-putc.o)
                0x000089a0                _putc_r
 .text.__sread  0x00008a18       0x28 /home/iliya/work/SL/SimplicityStudio/SimplicityStudio_v3/developer/toolchains/gnu_arm/4.8_2013q4/bin/../lib/gcc/arm-none-eabi/4.8.3/../../../../arm-none-eabi/lib/armv6-m/libc_s.a(lib_a-stdio.o)
                0x00008a18                __sread
 .text.__swrite
                0x00008a40       0x38 /home/iliya/work/SL/SimplicityStudio/SimplicityStudio_v3/developer/toolchains/gnu_arm/4.8_2013q4/bin/../lib/gcc/arm-none-eabi/4.8.3/../../../../arm-none-eabi/lib/armv6-m/libc_s.a(lib_a-stdio.o)
                0x00008a40                __swrite
 .text.__sseek  0x00008a78       0x2c /home/iliya/work/SL/SimplicityStudio/SimplicityStudio_v3/developer/toolchains/gnu_arm/4.8_2013q4/bin/../lib/gcc/arm-none-eabi/4.8.3/../../../../arm-none-eabi/lib/armv6-m/libc_s.a(lib_a-stdio.o)
                0x00008a78                __sseek
 .text.__sclose
                0x00008aa4        0xc /home/iliya/work/SL/SimplicityStudio/SimplicityStudio_v3/developer/toolchains/gnu_arm/4.8_2013q4/bin/../lib/gcc/arm-none-eabi/4.8.3/../../../../arm-none-eabi/lib/armv6-m/libc_s.a(lib_a-stdio.o)
                0x00008aa4                __sclose
 .text.__swbuf_r
                0x00008ab0       0xb0 /home/iliya/work/SL/SimplicityStudio/SimplicityStudio_v3/developer/toolchains/gnu_arm/4.8_2013q4/bin/../lib/gcc/arm-none-eabi/4.8.3/../../../../arm-none-eabi/lib/armv6-m/libc_s.a(lib_a-wbuf.o)
                0x00008ab0                __swbuf_r
 .text._write_r
                0x00008b60       0x28 /home/iliya/work/SL/SimplicityStudio/SimplicityStudio_v3/developer/toolchains/gnu_arm/4.8_2013q4/bin/../lib/gcc/arm-none-eabi/4.8.3/../../../../arm-none-eabi/lib/armv6-m/libc_s.a(lib_a-writer.o)
                0x00008b60                _write_r
 .text.__swsetup_r
                0x00008b88       0xe4 /home/iliya/work/SL/SimplicityStudio/SimplicityStudio_v3/developer/toolchains/gnu_arm/4.8_2013q4/bin/../lib/gcc/arm-none-eabi/4.8.3/../../../../arm-none-eabi/lib/armv6-m/libc_s.a(lib_a-wsetup.o)
                0x00008b88                __swsetup_r
 .text._close_r
                0x00008c6c       0x24 /home/iliya/work/SL/SimplicityStudio/SimplicityStudio_v3/developer/toolchains/gnu_arm/4.8_2013q4/bin/../lib/gcc/arm-none-eabi/4.8.3/../../../../arm-none-eabi/lib/armv6-m/libc_s.a(lib_a-closer.o)
                0x00008c6c                _close_r
 .text.__sflush_r
                0x00008c90      0x112 /home/iliya/work/SL/SimplicityStudio/SimplicityStudio_v3/developer/toolchains/gnu_arm/4.8_2013q4/bin/../lib/gcc/arm-none-eabi/4.8.3/../../../../arm-none-eabi/lib/armv6-m/libc_s.a(lib_a-fflush.o)
                0x00008c90                __sflush_r
 *fill*         0x00008da2        0x2 
 .text._fflush_r
                0x00008da4       0x58 /home/iliya/work/SL/SimplicityStudio/SimplicityStudio_v3/developer/toolchains/gnu_arm/4.8_2013q4/bin/../lib/gcc/arm-none-eabi/4.8.3/../../../../arm-none-eabi/lib/armv6-m/libc_s.a(lib_a-fflush.o)
                0x00008da4                _fflush_r
 .text._lseek_r
                0x00008dfc       0x28 /home/iliya/work/SL/SimplicityStudio/SimplicityStudio_v3/developer/toolchains/gnu_arm/4.8_2013q4/bin/../lib/gcc/arm-none-eabi/4.8.3/../../../../arm-none-eabi/lib/armv6-m/libc_s.a(lib_a-lseekr.o)
                0x00008dfc                _lseek_r
 .text.__smakebuf_r
                0x00008e24       0xa0 /home/iliya/work/SL/SimplicityStudio/SimplicityStudio_v3/developer/toolchains/gnu_arm/4.8_2013q4/bin/../lib/gcc/arm-none-eabi/4.8.3/../../../../arm-none-eabi/lib/armv6-m/libc_s.a(lib_a-makebuf.o)
                0x00008e24                __smakebuf_r
 .text._read_r  0x00008ec4       0x28 /home/iliya/work/SL/SimplicityStudio/SimplicityStudio_v3/developer/toolchains/gnu_arm/4.8_2013q4/bin/../lib/gcc/arm-none-eabi/4.8.3/../../../../arm-none-eabi/lib/armv6-m/libc_s.a(lib_a-readr.o)
                0x00008ec4                _read_r
 .text._fstat_r
                0x00008eec       0x24 /home/iliya/work/SL/SimplicityStudio/SimplicityStudio_v3/developer/toolchains/gnu_arm/4.8_2013q4/bin/../lib/gcc/arm-none-eabi/4.8.3/../../../../arm-none-eabi/lib/armv6-m/libc_s.a(lib_a-fstatr.o)
                0x00008eec                _fstat_r
 .text._isatty_r
                0x00008f10       0x24 /home/iliya/work/SL/SimplicityStudio/SimplicityStudio_v3/developer/toolchains/gnu_arm/4.8_2013q4/bin/../lib/gcc/arm-none-eabi/4.8.3/../../../../arm-none-eabi/lib/armv6-m/libc_s.a(lib_a-isattyr.o)
                0x00008f10                _isatty_r
 .text._close   0x00008f34       0x10 /home/iliya/work/SL/SimplicityStudio/SimplicityStudio_v3/developer/toolchains/gnu_arm/4.8_2013q4/bin/../lib/gcc/arm-none-eabi/4.8.3/../../../../arm-none-eabi/lib/armv6-m/libnosys.a(close.o)
                0x00008f34                _close
 .text._fstat   0x00008f44       0x10 /home/iliya/work/SL/SimplicityStudio/SimplicityStudio_v3/developer/toolchains/gnu_arm/4.8_2013q4/bin/../lib/gcc/arm-none-eabi/4.8.3/../../../../arm-none-eabi/lib/armv6-m/libnosys.a(fstat.o)
                0x00008f44                _fstat
 .text._isatty  0x00008f54       0x10 /home/iliya/work/SL/SimplicityStudio/SimplicityStudio_v3/developer/toolchains/gnu_arm/4.8_2013q4/bin/../lib/gcc/arm-none-eabi/4.8.3/../../../../arm-none-eabi/lib/armv6-m/libnosys.a(isatty.o)
                0x00008f54                _isatty
 .text._lseek   0x00008f64       0x10 /home/iliya/work/SL/SimplicityStudio/SimplicityStudio_v3/developer/toolchains/gnu_arm/4.8_2013q4/bin/../lib/gcc/arm-none-eabi/4.8.3/../../../../arm-none-eabi/lib/armv6-m/libnosys.a(lseek.o)
                0x00008f64                _lseek
 .text._read    0x00008f74       0x10 /home/iliya/work/SL/SimplicityStudio/SimplicityStudio_v3/developer/toolchains/gnu_arm/4.8_2013q4/bin/../lib/gcc/arm-none-eabi/4.8.3/../../../../arm-none-eabi/lib/armv6-m/libnosys.a(read.o)
                0x00008f74                _read
 .text._sbrk    0x00008f84       0x34 /home/iliya/work/SL/SimplicityStudio/SimplicityStudio_v3/developer/toolchains/gnu_arm/4.8_2013q4/bin/../lib/gcc/arm-none-eabi/4.8.3/../../../../arm-none-eabi/lib/armv6-m/libnosys.a(sbrk.o)
                0x00008f84                _sbrk
 .text._write   0x00008fb8       0x10 /home/iliya/work/SL/SimplicityStudio/SimplicityStudio_v3/developer/toolchains/gnu_arm/4.8_2013q4/bin/../lib/gcc/arm-none-eabi/4.8.3/../../../../arm-none-eabi/lib/armv6-m/libnosys.a(write.o)
                0x00008fb8                _write
 .text._exit    0x00008fc8        0x4 /home/iliya/work/SL/SimplicityStudio/SimplicityStudio_v3/developer/toolchains/gnu_arm/4.8_2013q4/bin/../lib/gcc/arm-none-eabi/4.8.3/../../../../arm-none-eabi/lib/armv6-m/libnosys.a(_exit.o)
                0x00008fc8                _exit
 .text          0x00008fcc       0x14 /home/iliya/work/SL/SimplicityStudio/SimplicityStudio_v3/developer/toolchains/gnu_arm/4.8_2013q4/bin/../lib/gcc/arm-none-eabi/4.8.3/armv6-m/libgcc.a(_thumb1_case_uqi.o)
                0x00008fcc                __gnu_thumb1_case_uqi
 *(.init)
 .init          0x00008fe0        0x4 /home/iliya/work/SL/SimplicityStudio/SimplicityStudio_v3/developer/toolchains/gnu_arm/4.8_2013q4/bin/../lib/gcc/arm-none-eabi/4.8.3/armv6-m/crti.o
                0x00008fe0                _init
 .init          0x00008fe4        0x8 /home/iliya/work/SL/SimplicityStudio/SimplicityStudio_v3/developer/toolchains/gnu_arm/4.8_2013q4/bin/../lib/gcc/arm-none-eabi/4.8.3/armv6-m/crtn.o
 *(.fini)
 .fini          0x00008fec        0x4 /home/iliya/work/SL/SimplicityStudio/SimplicityStudio_v3/developer/toolchains/gnu_arm/4.8_2013q4/bin/../lib/gcc/arm-none-eabi/4.8.3/armv6-m/crti.o
                0x00008fec                _fini
 .fini          0x00008ff0        0x8 /home/iliya/work/SL/SimplicityStudio/SimplicityStudio_v3/developer/toolchains/gnu_arm/4.8_2013q4/bin/../lib/gcc/arm-none-eabi/4.8.3/armv6-m/crtn.o
 *crtbegin.o(.ctors)
 *crtbegin?.o(.ctors)
 *(EXCLUDE_FILE(*crtend.o *crtend?.o) .ctors)
 *(SORT(.ctors.*))
 *(.ctors)
 *crtbegin.o(.dtors)
 *crtbegin?.o(.dtors)
 *(EXCLUDE_FILE(*crtend.o *crtend?.o) .dtors)
 *(SORT(.dtors.*))
 *(.dtors)
 *(.rodata*)
 .rodata.USBDESC_deviceDesc
                0x00008ff8       0x14 ./src/descriptors.o
                0x00008ff8                USBDESC_deviceDesc
 .rodata.USBDESC_configDesc
                0x0000900c       0x44 ./src/descriptors.o
                0x0000900c                USBDESC_configDesc
 .rodata.langID
                0x00009050        0x4 ./src/descriptors.o
 .rodata.iManufacturer
                0x00009054       0x38 ./src/descriptors.o
 .rodata.iProduct
                0x0000908c       0x5c ./src/descriptors.o
 .rodata.USBDESC_strings
                0x000090e8        0xc ./src/descriptors.o
                0x000090e8                USBDESC_strings
 .rodata.USBDESC_bufferingMultiplier
                0x000090f4        0x4 ./src/descriptors.o
                0x000090f4                USBDESC_bufferingMultiplier
 .rodata.usbConnectedImage
                0x000090f8      0x800 ./src/main.o
 .rodata.usbDisconnectedImage
                0x000098f8      0x800 ./src/main.o
 .rodata.callbacks
                0x0000a0f8       0x14 ./src/main.o
 .rodata.usbInitStruct
                0x0000a10c       0x1c ./src/main.o
 .rodata        0x0000a128       0x2c ./src/main.o
 .rodata        0x0000a154       0x20 ./src/usbdrv_hal.o
 .rodata        0x0000a174       0x74 ./emusb/em_usbd.o
 .rodata.USBDCH9_SetupCmd
                0x0000a1e8       0x30 ./emusb/em_usbdch9.o
 .rodata.USBDEP_Ep0Handler
                0x0000a218       0x14 ./emusb/em_usbdep.o
 .rodata        0x0000a22c       0x18 ./emusb/em_usbdep.o
 .rodata        0x0000a244       0x78 ./emlib/em_cmu.o
 .rodata.CMU_ClockDivGet
                0x0000a2bc       0x20 ./emlib/em_cmu.o
 .rodata.CMU_ClockDivSet
                0x0000a2dc       0x20 ./emlib/em_cmu.o
 .rodata.CMU_ClockEnable
                0x0000a2fc       0x2c ./emlib/em_cmu.o
 .rodata.CMU_ClockSelectGet
                0x0000a328       0x20 ./emlib/em_cmu.o
 .rodata.CMU_ClockSelectSet
                0x0000a348       0x80 ./emlib/em_cmu.o
 .rodata.CMU_OscillatorEnable
                0x0000a3c8       0x18 ./emlib/em_cmu.o
 .rodata        0x0000a3e0       0x14 ./emlib/em_dma.o
 .rodata        0x0000a3f4       0x7c ./emlib/em_gpio.o
 .rodata        0x0000a470       0x14 ./emlib/em_prs.o
 .rodata        0x0000a484       0x14 ./emlib/em_rtc.o
 .rodata        0x0000a498       0x18 ./emlib/em_system.o
 .rodata        0x0000a4b0       0x7c ./emlib/em_timer.o
 .rodata        0x0000a52c       0x14 ./emlib/em_usart.o
 .rodata        0x0000a540       0x18 ./Drivers/cdc.o
 .rodata        0x0000a558       0x18 ./Drivers/displayls013b7dh03.o
 .rodata        0x0000a570       0x84 ./Drivers/displaypalemlib.o
 .rodata        0x0000a5f4        0x4 ./Drivers/udelay.o
 .rodata.str1.1
                0x0000a5f8        0x2 /home/iliya/work/SL/SimplicityStudio/SimplicityStudio_v3/developer/toolchains/gnu_arm/4.8_2013q4/bin/../lib/gcc/arm-none-eabi/4.8.3/../../../../arm-none-eabi/lib/armv6-m/libc_s.a(lib_a-impure.o)
 *fill*         0x0000a5fa        0x2 
 .rodata._global_impure_ptr
                0x0000a5fc        0x4 /home/iliya/work/SL/SimplicityStudio/SimplicityStudio_v3/developer/toolchains/gnu_arm/4.8_2013q4/bin/../lib/gcc/arm-none-eabi/4.8.3/../../../../arm-none-eabi/lib/armv6-m/libc_s.a(lib_a-impure.o)
                0x0000a5fc                _global_impure_ptr
 .rodata.str1.1
                0x0000a600        0x3 /home/iliya/work/SL/SimplicityStudio/SimplicityStudio_v3/developer/toolchains/gnu_arm/4.8_2013q4/bin/../lib/gcc/arm-none-eabi/4.8.3/../../../../arm-none-eabi/lib/armv6-m/libc_s.a(lib_a-perror.o)
 .rodata.str1.1
                0x0000a603      0x5d8 /home/iliya/work/SL/SimplicityStudio/SimplicityStudio_v3/developer/toolchains/gnu_arm/4.8_2013q4/bin/../lib/gcc/arm-none-eabi/4.8.3/../../../../arm-none-eabi/lib/armv6-m/libc_s.a(lib_a-strerror.o)
                                0x5d9 (size before relaxing)
 *fill*         0x0000abdb        0x1 
 .rodata.__sf_fake_stdin
                0x0000abdc       0x20 /home/iliya/work/SL/SimplicityStudio/SimplicityStudio_v3/developer/toolchains/gnu_arm/4.8_2013q4/bin/../lib/gcc/arm-none-eabi/4.8.3/../../../../arm-none-eabi/lib/armv6-m/libc_s.a(lib_a-findfp.o)
                0x0000abdc                __sf_fake_stdin
 .rodata.__sf_fake_stdout
                0x0000abfc       0x20 /home/iliya/work/SL/SimplicityStudio/SimplicityStudio_v3/developer/toolchains/gnu_arm/4.8_2013q4/bin/../lib/gcc/arm-none-eabi/4.8.3/../../../../arm-none-eabi/lib/armv6-m/libc_s.a(lib_a-findfp.o)
                0x0000abfc                __sf_fake_stdout
 .rodata.__sf_fake_stderr
                0x0000ac1c       0x20 /home/iliya/work/SL/SimplicityStudio/SimplicityStudio_v3/developer/toolchains/gnu_arm/4.8_2013q4/bin/../lib/gcc/arm-none-eabi/4.8.3/../../../../arm-none-eabi/lib/armv6-m/libc_s.a(lib_a-findfp.o)
                0x0000ac1c                __sf_fake_stderr
 *(.eh_frame*)
 .eh_frame      0x0000ac3c        0x0 /home/iliya/work/SL/SimplicityStudio/SimplicityStudio_v3/developer/toolchains/gnu_arm/4.8_2013q4/bin/../lib/gcc/arm-none-eabi/4.8.3/armv6-m/crtbegin.o
 .eh_frame      0x0000ac3c        0x4 /home/iliya/work/SL/SimplicityStudio/SimplicityStudio_v3/developer/toolchains/gnu_arm/4.8_2013q4/bin/../lib/gcc/arm-none-eabi/4.8.3/armv6-m/crtend.o

.glue_7         0x0000ac40        0x0
 .glue_7        0x00000000        0x0 linker stubs

.glue_7t        0x0000ac40        0x0
 .glue_7t       0x00000000        0x0 linker stubs

.vfp11_veneer   0x0000ac40        0x0
 .vfp11_veneer  0x00000000        0x0 linker stubs

.v4_bx          0x0000ac40        0x0
 .v4_bx         0x00000000        0x0 linker stubs

.iplt           0x0000ac40        0x0
 .iplt          0x00000000        0x0 /home/iliya/work/SL/SimplicityStudio/SimplicityStudio_v3/developer/toolchains/gnu_arm/4.8_2013q4/bin/../lib/gcc/arm-none-eabi/4.8.3/armv6-m/crtbegin.o

.ARM.extab
 *(.ARM.extab* .gnu.linkonce.armextab.*)
                0x0000ac40                __exidx_start = .

.ARM.exidx      0x0000ac40        0x8
 *(.ARM.exidx* .gnu.linkonce.armexidx.*)
 .ARM.exidx     0x0000ac40        0x8 /home/iliya/work/SL/SimplicityStudio/SimplicityStudio_v3/developer/toolchains/gnu_arm/4.8_2013q4/bin/../lib/gcc/arm-none-eabi/4.8.3/../../../../arm-none-eabi/lib/armv6-m/crt0.o
                0x0000ac48                __exidx_end = .
                0x0000ac48                __etext = .

.rel.dyn        0x0000ac48        0x0
 .rel.iplt      0x00000000        0x0 /home/iliya/work/SL/SimplicityStudio/SimplicityStudio_v3/developer/toolchains/gnu_arm/4.8_2013q4/bin/../lib/gcc/arm-none-eabi/4.8.3/armv6-m/crtbegin.o

.data           0x20000000       0xa4 load address 0x0000ac48
                0x20000000                __data_start__ = .
 *(vtable)
 *(.data*)
 .data.dev      0x20000000        0x4 ./emusb/em_usbd.o
                0x20000000                dev
 .data.cdcLineCoding
                0x20000004        0x8 ./Drivers/cdc.o
 .data.usbRxBuffer
                0x2000000c        0x8 ./Drivers/cdc.o
 .data.uartRxBuffer
                0x20000014        0x8 ./Drivers/cdc.o
 .data.pDisplayDeviceDriverInitFunctions
                0x2000001c        0x8 ./Drivers/display.o
 .data.pixelMatrixPool
                0x20000024        0x4 ./Drivers/displayls013b7dh03.o
 .data.loops_per_jiffy
                0x20000028        0x4 ./Drivers/udelay.o
                0x20000028                loops_per_jiffy
 .data.SystemHFXOClock
                0x2000002c        0x4 ./CMSIS/efm32hg/system_efm32hg.o
 .data.SystemLFXOClock
                0x20000030        0x4 ./CMSIS/efm32hg/system_efm32hg.o
 .data.impure_data
                0x20000034       0x60 /home/iliya/work/SL/SimplicityStudio/SimplicityStudio_v3/developer/toolchains/gnu_arm/4.8_2013q4/bin/../lib/gcc/arm-none-eabi/4.8.3/../../../../arm-none-eabi/lib/armv6-m/libc_s.a(lib_a-impure.o)
 .data._impure_ptr
                0x20000094        0x4 /home/iliya/work/SL/SimplicityStudio/SimplicityStudio_v3/developer/toolchains/gnu_arm/4.8_2013q4/bin/../lib/gcc/arm-none-eabi/4.8.3/../../../../arm-none-eabi/lib/armv6-m/libc_s.a(lib_a-impure.o)
                0x20000094                _impure_ptr
                0x20000098                . = ALIGN (0x4)
 *(.ram)
                0x20000098                . = ALIGN (0x4)
                0x20000098                PROVIDE (__preinit_array_start, .)
 *(.preinit_array)
                0x20000098                PROVIDE (__preinit_array_end, .)
                0x20000098                . = ALIGN (0x4)
                0x20000098                PROVIDE (__init_array_start, .)
 *(SORT(.init_array.*))
 *(.init_array)
 .init_array    0x20000098        0x4 /home/iliya/work/SL/SimplicityStudio/SimplicityStudio_v3/developer/toolchains/gnu_arm/4.8_2013q4/bin/../lib/gcc/arm-none-eabi/4.8.3/armv6-m/crtbegin.o
                0x2000009c                PROVIDE (__init_array_end, .)
                0x2000009c                . = ALIGN (0x4)
                0x2000009c                PROVIDE (__fini_array_start, .)
 *(SORT(.fini_array.*))
 *(.fini_array)
 .fini_array    0x2000009c        0x4 /home/iliya/work/SL/SimplicityStudio/SimplicityStudio_v3/developer/toolchains/gnu_arm/4.8_2013q4/bin/../lib/gcc/arm-none-eabi/4.8.3/armv6-m/crtbegin.o
                0x200000a0                PROVIDE (__fini_array_end, .)
 *(.jcr*)
 .jcr           0x200000a0        0x0 /home/iliya/work/SL/SimplicityStudio/SimplicityStudio_v3/developer/toolchains/gnu_arm/4.8_2013q4/bin/../lib/gcc/arm-none-eabi/4.8.3/armv6-m/crtbegin.o
 .jcr           0x200000a0        0x4 /home/iliya/work/SL/SimplicityStudio/SimplicityStudio_v3/developer/toolchains/gnu_arm/4.8_2013q4/bin/../lib/gcc/arm-none-eabi/4.8.3/armv6-m/crtend.o
                0x200000a4                . = ALIGN (0x4)
                0x200000a4                __data_end__ = .

.igot.plt       0x200000a4        0x0 load address 0x0000acec
 .igot.plt      0x00000000        0x0 /home/iliya/work/SL/SimplicityStudio/SimplicityStudio_v3/developer/toolchains/gnu_arm/4.8_2013q4/bin/../lib/gcc/arm-none-eabi/4.8.3/armv6-m/crtbegin.o

.bss            0x20000100      0xd08 load address 0x0000ae00
                0x20000100                . = ALIGN (0x4)
                0x20000100                __bss_start__ = .
 *(.bss*)
 .bss           0x20000100       0x1c /home/iliya/work/SL/SimplicityStudio/SimplicityStudio_v3/developer/toolchains/gnu_arm/4.8_2013q4/bin/../lib/gcc/arm-none-eabi/4.8.3/armv6-m/crtbegin.o
 .bss.displayDevice
                0x2000011c       0x2c ./src/main.o
 .bss.scrollDisplay
                0x20000148        0x1 ./src/main.o
 *fill*         0x20000149        0x3 
 .bss.blankImage
                0x2000014c      0x800 ./src/main.o
 .bss.device    0x2000094c       0xf8 ./emusb/em_usbd.o
 .bss.txBuf     0x20000a44        0x4 ./emusb/em_usbdch9.o
 .bss.callback.7794
                0x20000a48        0x4 ./emusb/em_usbdep.o
 .bss.xferred.7793
                0x20000a4c        0x4 ./emusb/em_usbdep.o
 .bss.timers    0x20000a50       0x10 ./emusb/em_usbtimer.o
 .bss.head      0x20000a60        0x4 ./emusb/em_usbtimer.o
 .bss.ticksPrMs
                0x20000a64        0x4 ./emusb/em_usbtimer.o
 .bss.ticksPr1us
                0x20000a68        0x4 ./emusb/em_usbtimer.o
 .bss.ticksPr10us
                0x20000a6c        0x4 ./emusb/em_usbtimer.o
 .bss.ticksPr100us
                0x20000a70        0x4 ./emusb/em_usbtimer.o
 .bss.cmuStatus
                0x20000a74        0x4 ./emlib/em_emu.o
 .bss.INT_LockCnt
                0x20000a78        0x4 ./emlib/em_int.o
                0x20000a78                INT_LockCnt
 .bss.usbRxBuffer0
                0x20000a7c       0x40 ./Drivers/cdc.o
 .bss.usbRxBuffer1
                0x20000abc       0x40 ./Drivers/cdc.o
 .bss.uartRxBuffer0
                0x20000afc       0x80 ./Drivers/cdc.o
 .bss.uartRxBuffer1
                0x20000b7c       0x80 ./Drivers/cdc.o
 .bss.usbRxIndex
                0x20000bfc        0x4 ./Drivers/cdc.o
 .bss.usbBytesReceived
                0x20000c00        0x4 ./Drivers/cdc.o
 .bss.uartRxIndex
                0x20000c04        0x4 ./Drivers/cdc.o
 .bss.uartRxCount
                0x20000c08        0x4 ./Drivers/cdc.o
 .bss.LastUsbTxCnt
                0x20000c0c        0x4 ./Drivers/cdc.o
 .bss.dmaRxCompleted
                0x20000c10        0x1 ./Drivers/cdc.o
 .bss.usbRxActive
                0x20000c11        0x1 ./Drivers/cdc.o
 .bss.dmaTxActive
                0x20000c12        0x1 ./Drivers/cdc.o
 .bss.usbTxActive
                0x20000c13        0x1 ./Drivers/cdc.o
 .bss.dmaRxActive
                0x20000c14        0x1 ./Drivers/cdc.o
 *fill*         0x20000c15        0x3 
 .bss.DmaTxCallBack
                0x20000c18        0xc ./Drivers/cdc.o
 .bss.DmaRxCallBack
                0x20000c24        0xc ./Drivers/cdc.o
 .bss.deviceTable
                0x20000c30       0x2c ./Drivers/display.o
 .bss.moduleInitialized
                0x20000c5c        0x1 ./Drivers/display.o
 *fill*         0x20000c5d        0x3 
 .bss.devicesRegistered
                0x20000c60        0x4 ./Drivers/display.o
 .bss.lcdPolarity
                0x20000c64        0x1 ./Drivers/displayls013b7dh03.o
 *fill*         0x20000c65        0x3 
 .bss.pixelMatrixPoolBase
                0x20000c68       0x80 ./Drivers/displayls013b7dh03.o
 .bss.__malloc_sbrk_start
                0x20000ce8        0x4 /home/iliya/work/SL/SimplicityStudio/SimplicityStudio_v3/developer/toolchains/gnu_arm/4.8_2013q4/bin/../lib/gcc/arm-none-eabi/4.8.3/../../../../arm-none-eabi/lib/armv6-m/libc_s.a(lib_a-nano-mallocr.o)
                0x20000ce8                __malloc_sbrk_start
 .bss.__malloc_free_list
                0x20000cec        0x4 /home/iliya/work/SL/SimplicityStudio/SimplicityStudio_v3/developer/toolchains/gnu_arm/4.8_2013q4/bin/../lib/gcc/arm-none-eabi/4.8.3/../../../../arm-none-eabi/lib/armv6-m/libc_s.a(lib_a-nano-mallocr.o)
                0x20000cec                __malloc_free_list
 .bss.heap_end.4237
                0x20000cf0        0x4 /home/iliya/work/SL/SimplicityStudio/SimplicityStudio_v3/developer/toolchains/gnu_arm/4.8_2013q4/bin/../lib/gcc/arm-none-eabi/4.8.3/../../../../arm-none-eabi/lib/armv6-m/libnosys.a(sbrk.o)
 *(COMMON)
 *fill*         0x20000cf4        0xc 
 COMMON         0x20000d00      0x100 ./Drivers/dmactrl.o
                0x20000d00                dmaControlBlock
 COMMON         0x20000e00        0x4 ./CMSIS/efm32hg/system_efm32hg.o
                0x20000e00                SystemCoreClock
 COMMON         0x20000e04        0x4 /home/iliya/work/SL/SimplicityStudio/SimplicityStudio_v3/developer/toolchains/gnu_arm/4.8_2013q4/bin/../lib/gcc/arm-none-eabi/4.8.3/../../../../arm-none-eabi/lib/armv6-m/libc_s.a(lib_a-reent.o)
                0x20000e04                errno
                0x20000e08                . = ALIGN (0x4)
                0x20000e08                __bss_end__ = .

.heap           0x20000e08      0x400
                0x20000e08                __HeapBase = .
                0x20000e08                __end__ = .
                0x20000e08                end = __end__
                0x20000e08                _end = __end__
 *(.heap*)
 .heap          0x20000e08      0x400 ./CMSIS/efm32hg/startup_gcc_efm32hg.o
                0x20001208                __HeapLimit = .

.stack_dummy    0x20000e08      0x400
 *(.stack*)
 .stack         0x20000e08      0x400 ./CMSIS/efm32hg/startup_gcc_efm32hg.o
                0x20002000                __StackTop = (ORIGIN (RAM) + 0x2000)
                0x20001c00                __StackLimit = (__StackTop - SIZEOF (.stack_dummy))
                0x20002000                PROVIDE (__stack, __StackTop)
                0x00000001                ASSERT ((__StackLimit >= __HeapLimit), region RAM overflowed with stack)
                0x00000001                ASSERT ((0x10000 >= (__etext + SIZEOF (.data))), FLASH memory overflowed !)
OUTPUT(SLSTK3400A_usbdcdc.axf elf32-littlearm)

.ARM.attributes
                0x00000000       0x28
 .ARM.attributes
                0x00000000       0x1e /home/iliya/work/SL/SimplicityStudio/SimplicityStudio_v3/developer/toolchains/gnu_arm/4.8_2013q4/bin/../lib/gcc/arm-none-eabi/4.8.3/armv6-m/crti.o
 .ARM.attributes
                0x0000001e       0x2c /home/iliya/work/SL/SimplicityStudio/SimplicityStudio_v3/developer/toolchains/gnu_arm/4.8_2013q4/bin/../lib/gcc/arm-none-eabi/4.8.3/armv6-m/crtbegin.o
 .ARM.attributes
                0x0000004a       0x1b /home/iliya/work/SL/SimplicityStudio/SimplicityStudio_v3/developer/toolchains/gnu_arm/4.8_2013q4/bin/../lib/gcc/arm-none-eabi/4.8.3/../../../../arm-none-eabi/lib/armv6-m/crt0.o
 .ARM.attributes
                0x00000065       0x32 ./src/descriptors.o
 .ARM.attributes
                0x00000097       0x32 ./src/main.o
 .ARM.attributes
                0x000000c9       0x32 ./src/scrolllcd.o
 .ARM.attributes
                0x000000fb       0x32 ./src/usbdrv_hal.o
 .ARM.attributes
                0x0000012d       0x32 ./emusb/em_usbd.o
 .ARM.attributes
                0x0000015f       0x32 ./emusb/em_usbdch9.o
 .ARM.attributes
                0x00000191       0x32 ./emusb/em_usbdep.o
 .ARM.attributes
                0x000001c3       0x32 ./emusb/em_usbdint.o
 .ARM.attributes
                0x000001f5       0x32 ./emusb/em_usbhal.o
 .ARM.attributes
                0x00000227       0x32 ./emusb/em_usbtimer.o
 .ARM.attributes
                0x00000259       0x32 ./emlib/em_cmu.o
 .ARM.attributes
                0x0000028b       0x32 ./emlib/em_dma.o
 .ARM.attributes
                0x000002bd       0x32 ./emlib/em_emu.o
 .ARM.attributes
                0x000002ef       0x32 ./emlib/em_gpio.o
 .ARM.attributes
                0x00000321       0x32 ./emlib/em_int.o
 .ARM.attributes
                0x00000353       0x32 ./emlib/em_prs.o
 .ARM.attributes
                0x00000385       0x32 ./emlib/em_rtc.o
 .ARM.attributes
                0x000003b7       0x32 ./emlib/em_system.o
 .ARM.attributes
                0x000003e9       0x32 ./emlib/em_timer.o
 .ARM.attributes
                0x0000041b       0x32 ./emlib/em_usart.o
 .ARM.attributes
                0x0000044d       0x32 ./Drivers/cdc.o
 .ARM.attributes
                0x0000047f       0x32 ./Drivers/display.o
 .ARM.attributes
                0x000004b1       0x32 ./Drivers/displayls013b7dh03.o
 .ARM.attributes
                0x000004e3       0x32 ./Drivers/displaypalemlib.o
 .ARM.attributes
                0x00000515       0x32 ./Drivers/dmactrl.o
 .ARM.attributes
                0x00000547       0x2b ./Drivers/udelay.o
 .ARM.attributes
                0x00000572       0x1b ./CMSIS/efm32hg/startup_gcc_efm32hg.o
 .ARM.attributes
                0x0000058d       0x32 ./CMSIS/efm32hg/system_efm32hg.o
 .ARM.attributes
                0x000005bf       0x1e /home/iliya/work/SL/SimplicityStudio/SimplicityStudio_v3/developer/toolchains/gnu_arm/4.8_2013q4/bin/../lib/gcc/arm-none-eabi/4.8.3/armv6-m/libgcc.a(_udivsi3.o)
 .ARM.attributes
                0x000005dd       0x1e /home/iliya/work/SL/SimplicityStudio/SimplicityStudio_v3/developer/toolchains/gnu_arm/4.8_2013q4/bin/../lib/gcc/arm-none-eabi/4.8.3/armv6-m/libgcc.a(_divsi3.o)
 .ARM.attributes
                0x000005fb       0x1e /home/iliya/work/SL/SimplicityStudio/SimplicityStudio_v3/developer/toolchains/gnu_arm/4.8_2013q4/bin/../lib/gcc/arm-none-eabi/4.8.3/armv6-m/libgcc.a(_dvmd_tls.o)
 .ARM.attributes
                0x00000619       0x1e /home/iliya/work/SL/SimplicityStudio/SimplicityStudio_v3/developer/toolchains/gnu_arm/4.8_2013q4/bin/../lib/gcc/arm-none-eabi/4.8.3/armv6-m/libgcc.a(_clzsi2.o)
 .ARM.attributes
                0x00000637       0x2c /home/iliya/work/SL/SimplicityStudio/SimplicityStudio_v3/developer/toolchains/gnu_arm/4.8_2013q4/bin/../lib/gcc/arm-none-eabi/4.8.3/armv6-m/libgcc.a(_muldi3.o)
 .ARM.attributes
                0x00000663       0x2c /home/iliya/work/SL/SimplicityStudio/SimplicityStudio_v3/developer/toolchains/gnu_arm/4.8_2013q4/bin/../lib/gcc/arm-none-eabi/4.8.3/../../../../arm-none-eabi/lib/armv6-m/libc_s.a(lib_a-exit.o)
 .ARM.attributes
                0x0000068f       0x2c /home/iliya/work/SL/SimplicityStudio/SimplicityStudio_v3/developer/toolchains/gnu_arm/4.8_2013q4/bin/../lib/gcc/arm-none-eabi/4.8.3/../../../../arm-none-eabi/lib/armv6-m/libc_s.a(lib_a-impure.o)
 .ARM.attributes
                0x000006bb       0x2c /home/iliya/work/SL/SimplicityStudio/SimplicityStudio_v3/developer/toolchains/gnu_arm/4.8_2013q4/bin/../lib/gcc/arm-none-eabi/4.8.3/../../../../arm-none-eabi/lib/armv6-m/libc_s.a(lib_a-init.o)
 .ARM.attributes
                0x000006e7       0x2c /home/iliya/work/SL/SimplicityStudio/SimplicityStudio_v3/developer/toolchains/gnu_arm/4.8_2013q4/bin/../lib/gcc/arm-none-eabi/4.8.3/../../../../arm-none-eabi/lib/armv6-m/libc_s.a(lib_a-malloc.o)
 .ARM.attributes
                0x00000713       0x2c /home/iliya/work/SL/SimplicityStudio/SimplicityStudio_v3/developer/toolchains/gnu_arm/4.8_2013q4/bin/../lib/gcc/arm-none-eabi/4.8.3/../../../../arm-none-eabi/lib/armv6-m/libc_s.a(lib_a-memcpy-stub.o)
 .ARM.attributes
                0x0000073f       0x2c /home/iliya/work/SL/SimplicityStudio/SimplicityStudio_v3/developer/toolchains/gnu_arm/4.8_2013q4/bin/../lib/gcc/arm-none-eabi/4.8.3/../../../../arm-none-eabi/lib/armv6-m/libc_s.a(lib_a-memset.o)
 .ARM.attributes
                0x0000076b       0x2c /home/iliya/work/SL/SimplicityStudio/SimplicityStudio_v3/developer/toolchains/gnu_arm/4.8_2013q4/bin/../lib/gcc/arm-none-eabi/4.8.3/../../../../arm-none-eabi/lib/armv6-m/libc_s.a(lib_a-nano-freer.o)
 .ARM.attributes
                0x00000797       0x2c /home/iliya/work/SL/SimplicityStudio/SimplicityStudio_v3/developer/toolchains/gnu_arm/4.8_2013q4/bin/../lib/gcc/arm-none-eabi/4.8.3/../../../../arm-none-eabi/lib/armv6-m/libc_s.a(lib_a-nano-mallocr.o)
 .ARM.attributes
                0x000007c3       0x2c /home/iliya/work/SL/SimplicityStudio/SimplicityStudio_v3/developer/toolchains/gnu_arm/4.8_2013q4/bin/../lib/gcc/arm-none-eabi/4.8.3/../../../../arm-none-eabi/lib/armv6-m/libc_s.a(lib_a-perror.o)
 .ARM.attributes
                0x000007ef       0x2c /home/iliya/work/SL/SimplicityStudio/SimplicityStudio_v3/developer/toolchains/gnu_arm/4.8_2013q4/bin/../lib/gcc/arm-none-eabi/4.8.3/../../../../arm-none-eabi/lib/armv6-m/libc_s.a(lib_a-sbrkr.o)
 .ARM.attributes
                0x0000081b       0x2c /home/iliya/work/SL/SimplicityStudio/SimplicityStudio_v3/developer/toolchains/gnu_arm/4.8_2013q4/bin/../lib/gcc/arm-none-eabi/4.8.3/../../../../arm-none-eabi/lib/armv6-m/libc_s.a(lib_a-strcat.o)
 .ARM.attributes
                0x00000847       0x2c /home/iliya/work/SL/SimplicityStudio/SimplicityStudio_v3/developer/toolchains/gnu_arm/4.8_2013q4/bin/../lib/gcc/arm-none-eabi/4.8.3/../../../../arm-none-eabi/lib/armv6-m/libc_s.a(lib_a-strcpy.o)
 .ARM.attributes
                0x00000873       0x2c /home/iliya/work/SL/SimplicityStudio/SimplicityStudio_v3/developer/toolchains/gnu_arm/4.8_2013q4/bin/../lib/gcc/arm-none-eabi/4.8.3/../../../../arm-none-eabi/lib/armv6-m/libc_s.a(lib_a-strerror.o)
 .ARM.attributes
                0x0000089f       0x2c /home/iliya/work/SL/SimplicityStudio/SimplicityStudio_v3/developer/toolchains/gnu_arm/4.8_2013q4/bin/../lib/gcc/arm-none-eabi/4.8.3/../../../../arm-none-eabi/lib/armv6-m/libc_s.a(lib_a-strlen.o)
 .ARM.attributes
                0x000008cb       0x2c /home/iliya/work/SL/SimplicityStudio/SimplicityStudio_v3/developer/toolchains/gnu_arm/4.8_2013q4/bin/../lib/gcc/arm-none-eabi/4.8.3/../../../../arm-none-eabi/lib/armv6-m/libc_s.a(lib_a-u_strerr.o)
 .ARM.attributes
                0x000008f7       0x2c /home/iliya/work/SL/SimplicityStudio/SimplicityStudio_v3/developer/toolchains/gnu_arm/4.8_2013q4/bin/../lib/gcc/arm-none-eabi/4.8.3/../../../../arm-none-eabi/lib/armv6-m/libc_s.a(lib_a-findfp.o)
 .ARM.attributes
                0x00000923       0x2c /home/iliya/work/SL/SimplicityStudio/SimplicityStudio_v3/developer/toolchains/gnu_arm/4.8_2013q4/bin/../lib/gcc/arm-none-eabi/4.8.3/../../../../arm-none-eabi/lib/armv6-m/libc_s.a(lib_a-fputc.o)
 .ARM.attributes
                0x0000094f       0x2c /home/iliya/work/SL/SimplicityStudio/SimplicityStudio_v3/developer/toolchains/gnu_arm/4.8_2013q4/bin/../lib/gcc/arm-none-eabi/4.8.3/../../../../arm-none-eabi/lib/armv6-m/libc_s.a(lib_a-fputs.o)
 .ARM.attributes
                0x0000097b       0x2c /home/iliya/work/SL/SimplicityStudio/SimplicityStudio_v3/developer/toolchains/gnu_arm/4.8_2013q4/bin/../lib/gcc/arm-none-eabi/4.8.3/../../../../arm-none-eabi/lib/armv6-m/libc_s.a(lib_a-putc.o)
 .ARM.attributes
                0x000009a7       0x2c /home/iliya/work/SL/SimplicityStudio/SimplicityStudio_v3/developer/toolchains/gnu_arm/4.8_2013q4/bin/../lib/gcc/arm-none-eabi/4.8.3/../../../../arm-none-eabi/lib/armv6-m/libc_s.a(lib_a-reent.o)
 .ARM.attributes
                0x000009d3       0x2c /home/iliya/work/SL/SimplicityStudio/SimplicityStudio_v3/developer/toolchains/gnu_arm/4.8_2013q4/bin/../lib/gcc/arm-none-eabi/4.8.3/../../../../arm-none-eabi/lib/armv6-m/libc_s.a(lib_a-stdio.o)
 .ARM.attributes
                0x000009ff       0x2c /home/iliya/work/SL/SimplicityStudio/SimplicityStudio_v3/developer/toolchains/gnu_arm/4.8_2013q4/bin/../lib/gcc/arm-none-eabi/4.8.3/../../../../arm-none-eabi/lib/armv6-m/libc_s.a(lib_a-wbuf.o)
 .ARM.attributes
                0x00000a2b       0x2c /home/iliya/work/SL/SimplicityStudio/SimplicityStudio_v3/developer/toolchains/gnu_arm/4.8_2013q4/bin/../lib/gcc/arm-none-eabi/4.8.3/../../../../arm-none-eabi/lib/armv6-m/libc_s.a(lib_a-writer.o)
 .ARM.attributes
                0x00000a57       0x2c /home/iliya/work/SL/SimplicityStudio/SimplicityStudio_v3/developer/toolchains/gnu_arm/4.8_2013q4/bin/../lib/gcc/arm-none-eabi/4.8.3/../../../../arm-none-eabi/lib/armv6-m/libc_s.a(lib_a-wsetup.o)
 .ARM.attributes
                0x00000a83       0x2c /home/iliya/work/SL/SimplicityStudio/SimplicityStudio_v3/developer/toolchains/gnu_arm/4.8_2013q4/bin/../lib/gcc/arm-none-eabi/4.8.3/../../../../arm-none-eabi/lib/armv6-m/libc_s.a(lib_a-closer.o)
 .ARM.attributes
                0x00000aaf       0x2c /home/iliya/work/SL/SimplicityStudio/SimplicityStudio_v3/developer/toolchains/gnu_arm/4.8_2013q4/bin/../lib/gcc/arm-none-eabi/4.8.3/../../../../arm-none-eabi/lib/armv6-m/libc_s.a(lib_a-fflush.o)
 .ARM.attributes
                0x00000adb       0x2c /home/iliya/work/SL/SimplicityStudio/SimplicityStudio_v3/developer/toolchains/gnu_arm/4.8_2013q4/bin/../lib/gcc/arm-none-eabi/4.8.3/../../../../arm-none-eabi/lib/armv6-m/libc_s.a(lib_a-lseekr.o)
 .ARM.attributes
                0x00000b07       0x2c /home/iliya/work/SL/SimplicityStudio/SimplicityStudio_v3/developer/toolchains/gnu_arm/4.8_2013q4/bin/../lib/gcc/arm-none-eabi/4.8.3/../../../../arm-none-eabi/lib/armv6-m/libc_s.a(lib_a-makebuf.o)
 .ARM.attributes
                0x00000b33       0x2c /home/iliya/work/SL/SimplicityStudio/SimplicityStudio_v3/developer/toolchains/gnu_arm/4.8_2013q4/bin/../lib/gcc/arm-none-eabi/4.8.3/../../../../arm-none-eabi/lib/armv6-m/libc_s.a(lib_a-readr.o)
 .ARM.attributes
                0x00000b5f       0x2c /home/iliya/work/SL/SimplicityStudio/SimplicityStudio_v3/developer/toolchains/gnu_arm/4.8_2013q4/bin/../lib/gcc/arm-none-eabi/4.8.3/../../../../arm-none-eabi/lib/armv6-m/libc_s.a(lib_a-fstatr.o)
 .ARM.attributes
                0x00000b8b       0x2c /home/iliya/work/SL/SimplicityStudio/SimplicityStudio_v3/developer/toolchains/gnu_arm/4.8_2013q4/bin/../lib/gcc/arm-none-eabi/4.8.3/../../../../arm-none-eabi/lib/armv6-m/libc_s.a(lib_a-isattyr.o)
 .ARM.attributes
                0x00000bb7       0x2c /home/iliya/work/SL/SimplicityStudio/SimplicityStudio_v3/developer/toolchains/gnu_arm/4.8_2013q4/bin/../lib/gcc/arm-none-eabi/4.8.3/../../../../arm-none-eabi/lib/armv6-m/libnosys.a(close.o)
 .ARM.attributes
                0x00000be3       0x2c /home/iliya/work/SL/SimplicityStudio/SimplicityStudio_v3/developer/toolchains/gnu_arm/4.8_2013q4/bin/../lib/gcc/arm-none-eabi/4.8.3/../../../../arm-none-eabi/lib/armv6-m/libnosys.a(fstat.o)
 .ARM.attributes
                0x00000c0f       0x2c /home/iliya/work/SL/SimplicityStudio/SimplicityStudio_v3/developer/toolchains/gnu_arm/4.8_2013q4/bin/../lib/gcc/arm-none-eabi/4.8.3/../../../../arm-none-eabi/lib/armv6-m/libnosys.a(isatty.o)
 .ARM.attributes
                0x00000c3b       0x2c /home/iliya/work/SL/SimplicityStudio/SimplicityStudio_v3/developer/toolchains/gnu_arm/4.8_2013q4/bin/../lib/gcc/arm-none-eabi/4.8.3/../../../../arm-none-eabi/lib/armv6-m/libnosys.a(lseek.o)
 .ARM.attributes
                0x00000c67       0x2c /home/iliya/work/SL/SimplicityStudio/SimplicityStudio_v3/developer/toolchains/gnu_arm/4.8_2013q4/bin/../lib/gcc/arm-none-eabi/4.8.3/../../../../arm-none-eabi/lib/armv6-m/libnosys.a(read.o)
 .ARM.attributes
                0x00000c93       0x2c /home/iliya/work/SL/SimplicityStudio/SimplicityStudio_v3/developer/toolchains/gnu_arm/4.8_2013q4/bin/../lib/gcc/arm-none-eabi/4.8.3/../../../../arm-none-eabi/lib/armv6-m/libnosys.a(sbrk.o)
 .ARM.attributes
                0x00000cbf       0x2c /home/iliya/work/SL/SimplicityStudio/SimplicityStudio_v3/developer/toolchains/gnu_arm/4.8_2013q4/bin/../lib/gcc/arm-none-eabi/4.8.3/../../../../arm-none-eabi/lib/armv6-m/libnosys.a(write.o)
 .ARM.attributes
                0x00000ceb       0x2c /home/iliya/work/SL/SimplicityStudio/SimplicityStudio_v3/developer/toolchains/gnu_arm/4.8_2013q4/bin/../lib/gcc/arm-none-eabi/4.8.3/../../../../arm-none-eabi/lib/armv6-m/libnosys.a(_exit.o)
 .ARM.attributes
                0x00000d17       0x1e /home/iliya/work/SL/SimplicityStudio/SimplicityStudio_v3/developer/toolchains/gnu_arm/4.8_2013q4/bin/../lib/gcc/arm-none-eabi/4.8.3/armv6-m/libgcc.a(_thumb1_case_uqi.o)
 .ARM.attributes
                0x00000d35       0x2c /home/iliya/work/SL/SimplicityStudio/SimplicityStudio_v3/developer/toolchains/gnu_arm/4.8_2013q4/bin/../lib/gcc/arm-none-eabi/4.8.3/armv6-m/crtend.o
 .ARM.attributes
                0x00000d61       0x1e /home/iliya/work/SL/SimplicityStudio/SimplicityStudio_v3/developer/toolchains/gnu_arm/4.8_2013q4/bin/../lib/gcc/arm-none-eabi/4.8.3/armv6-m/crtn.o

.comment        0x00000000       0x70
 .comment       0x00000000       0x70 ./src/descriptors.o
                                 0x71 (size before relaxing)
 .comment       0x00000000       0x71 ./src/main.o
 .comment       0x00000000       0x71 ./src/scrolllcd.o
 .comment       0x00000000       0x71 ./src/usbdrv_hal.o
 .comment       0x00000000       0x71 ./emusb/em_usbd.o
 .comment       0x00000000       0x71 ./emusb/em_usbdch9.o
 .comment       0x00000000       0x71 ./emusb/em_usbdep.o
 .comment       0x00000000       0x71 ./emusb/em_usbdint.o
 .comment       0x00000000       0x71 ./emusb/em_usbhal.o
 .comment       0x00000000       0x71 ./emusb/em_usbtimer.o
 .comment       0x00000000       0x71 ./emlib/em_cmu.o
 .comment       0x00000000       0x71 ./emlib/em_dma.o
 .comment       0x00000000       0x71 ./emlib/em_emu.o
 .comment       0x00000000       0x71 ./emlib/em_gpio.o
 .comment       0x00000000       0x71 ./emlib/em_int.o
 .comment       0x00000000       0x71 ./emlib/em_prs.o
 .comment       0x00000000       0x71 ./emlib/em_rtc.o
 .comment       0x00000000       0x71 ./emlib/em_system.o
 .comment       0x00000000       0x71 ./emlib/em_timer.o
 .comment       0x00000000       0x71 ./emlib/em_usart.o
 .comment       0x00000000       0x71 ./Drivers/cdc.o
 .comment       0x00000000       0x71 ./Drivers/display.o
 .comment       0x00000000       0x71 ./Drivers/displayls013b7dh03.o
 .comment       0x00000000       0x71 ./Drivers/displaypalemlib.o
 .comment       0x00000000       0x71 ./Drivers/dmactrl.o
 .comment       0x00000000       0x71 ./Drivers/udelay.o
 .comment       0x00000000       0x71 ./CMSIS/efm32hg/system_efm32hg.o

.debug_info     0x00000000    0x11405
 .debug_info    0x00000000      0x36e ./src/descriptors.o
 .debug_info    0x0000036e      0xab4 ./src/main.o
 .debug_info    0x00000e22      0x3bd ./src/scrolllcd.o
 .debug_info    0x000011df      0x1ec ./src/usbdrv_hal.o
 .debug_info    0x000013cb     0x1ecf ./emusb/em_usbd.o
 .debug_info    0x0000329a     0x14b0 ./emusb/em_usbdch9.o
 .debug_info    0x0000474a     0x1047 ./emusb/em_usbdep.o
 .debug_info    0x00005791     0x1305 ./emusb/em_usbdint.o
 .debug_info    0x00006a96     0x1511 ./emusb/em_usbhal.o
 .debug_info    0x00007fa7      0xdda ./emusb/em_usbtimer.o
 .debug_info    0x00008d81     0x1218 ./emlib/em_cmu.o
 .debug_info    0x00009f99      0xfff ./emlib/em_dma.o
 .debug_info    0x0000af98      0x63b ./emlib/em_emu.o
 .debug_info    0x0000b5d3      0x642 ./emlib/em_gpio.o
 .debug_info    0x0000bc15       0xa4 ./emlib/em_int.o
 .debug_info    0x0000bcb9      0x231 ./emlib/em_prs.o
 .debug_info    0x0000beea      0x32b ./emlib/em_rtc.o
 .debug_info    0x0000c215      0x243 ./emlib/em_system.o
 .debug_info    0x0000c458      0x8a3 ./emlib/em_timer.o
 .debug_info    0x0000ccfb      0xe13 ./emlib/em_usart.o
 .debug_info    0x0000db0e     0x11c4 ./Drivers/cdc.o
 .debug_info    0x0000ecd2      0x42c ./Drivers/display.o
 .debug_info    0x0000f0fe      0x5ed ./Drivers/displayls013b7dh03.o
 .debug_info    0x0000f6eb      0xd4b ./Drivers/displaypalemlib.o
 .debug_info    0x00010436      0x111 ./Drivers/dmactrl.o
 .debug_info    0x00010547      0x995 ./Drivers/udelay.o
 .debug_info    0x00010edc       0xa3 ./CMSIS/efm32hg/startup_gcc_efm32hg.o
 .debug_info    0x00010f7f      0x486 ./CMSIS/efm32hg/system_efm32hg.o

.debug_abbrev   0x00000000     0x3237
 .debug_abbrev  0x00000000       0xdf ./src/descriptors.o
 .debug_abbrev  0x000000df      0x231 ./src/main.o
 .debug_abbrev  0x00000310       0xfe ./src/scrolllcd.o
 .debug_abbrev  0x0000040e       0xfd ./src/usbdrv_hal.o
 .debug_abbrev  0x0000050b      0x433 ./emusb/em_usbd.o
 .debug_abbrev  0x0000093e      0x30a ./emusb/em_usbdch9.o
 .debug_abbrev  0x00000c48      0x2b5 ./emusb/em_usbdep.o
 .debug_abbrev  0x00000efd      0x362 ./emusb/em_usbdint.o
 .debug_abbrev  0x0000125f      0x39f ./emusb/em_usbhal.o
 .debug_abbrev  0x000015fe      0x264 ./emusb/em_usbtimer.o
 .debug_abbrev  0x00001862      0x2c0 ./emlib/em_cmu.o
 .debug_abbrev  0x00001b22      0x228 ./emlib/em_dma.o
 .debug_abbrev  0x00001d4a      0x1be ./emlib/em_emu.o
 .debug_abbrev  0x00001f08      0x1df ./emlib/em_gpio.o
 .debug_abbrev  0x000020e7       0x44 ./emlib/em_int.o
 .debug_abbrev  0x0000212b       0xe3 ./emlib/em_prs.o
 .debug_abbrev  0x0000220e      0x16d ./emlib/em_rtc.o
 .debug_abbrev  0x0000237b       0xde ./emlib/em_system.o
 .debug_abbrev  0x00002459      0x188 ./emlib/em_timer.o
 .debug_abbrev  0x000025e1      0x1d9 ./emlib/em_usart.o
 .debug_abbrev  0x000027ba      0x279 ./Drivers/cdc.o
 .debug_abbrev  0x00002a33       0xf5 ./Drivers/display.o
 .debug_abbrev  0x00002b28      0x165 ./Drivers/displayls013b7dh03.o
 .debug_abbrev  0x00002c8d      0x1c2 ./Drivers/displaypalemlib.o
 .debug_abbrev  0x00002e4f       0x87 ./Drivers/dmactrl.o
 .debug_abbrev  0x00002ed6      0x209 ./Drivers/udelay.o
 .debug_abbrev  0x000030df       0x14 ./CMSIS/efm32hg/startup_gcc_efm32hg.o
 .debug_abbrev  0x000030f3      0x144 ./CMSIS/efm32hg/system_efm32hg.o

.debug_aranges  0x00000000      0xcd0
 .debug_aranges
                0x00000000       0x18 ./src/descriptors.o
 .debug_aranges
                0x00000018       0x30 ./src/main.o
 .debug_aranges
                0x00000048       0x20 ./src/scrolllcd.o
 .debug_aranges
                0x00000068       0x38 ./src/usbdrv_hal.o
 .debug_aranges
                0x000000a0      0x168 ./emusb/em_usbd.o
 .debug_aranges
                0x00000208       0xb0 ./emusb/em_usbdch9.o
 .debug_aranges
                0x000002b8       0x58 ./emusb/em_usbdep.o
 .debug_aranges
                0x00000310       0xe0 ./emusb/em_usbdint.o
 .debug_aranges
                0x000003f0       0xc0 ./emusb/em_usbhal.o
 .debug_aranges
                0x000004b0       0xb0 ./emusb/em_usbtimer.o
 .debug_aranges
                0x00000560      0x158 ./emlib/em_cmu.o
 .debug_aranges
                0x000006b8       0xb0 ./emlib/em_dma.o
 .debug_aranges
                0x00000768       0x70 ./emlib/em_emu.o
 .debug_aranges
                0x000007d8       0x70 ./emlib/em_gpio.o
 .debug_aranges
                0x00000848       0x18 ./emlib/em_int.o
 .debug_aranges
                0x00000860       0x28 ./emlib/em_prs.o
 .debug_aranges
                0x00000888       0x58 ./emlib/em_rtc.o
 .debug_aranges
                0x000008e0       0x28 ./emlib/em_system.o
 .debug_aranges
                0x00000908       0x50 ./emlib/em_timer.o
 .debug_aranges
                0x00000958       0xc0 ./emlib/em_usart.o
 .debug_aranges
                0x00000a18       0x80 ./Drivers/cdc.o
 .debug_aranges
                0x00000a98       0x38 ./Drivers/display.o
 .debug_aranges
                0x00000ad0       0x58 ./Drivers/displayls013b7dh03.o
 .debug_aranges
                0x00000b28       0xa8 ./Drivers/displaypalemlib.o
 .debug_aranges
                0x00000bd0       0x18 ./Drivers/dmactrl.o
 .debug_aranges
                0x00000be8       0x60 ./Drivers/udelay.o
 .debug_aranges
                0x00000c48       0x20 ./CMSIS/efm32hg/startup_gcc_efm32hg.o
 .debug_aranges
                0x00000c68       0x68 ./CMSIS/efm32hg/system_efm32hg.o

.debug_line     0x00000000     0x6a97
 .debug_line    0x00000000      0x184 ./src/descriptors.o
 .debug_line    0x00000184      0x3a3 ./src/main.o
 .debug_line    0x00000527      0x27a ./src/scrolllcd.o
 .debug_line    0x000007a1      0x202 ./src/usbdrv_hal.o
 .debug_line    0x000009a3      0x869 ./emusb/em_usbd.o
 .debug_line    0x0000120c      0x5f1 ./emusb/em_usbdch9.o
 .debug_line    0x000017fd      0x396 ./emusb/em_usbdep.o
 .debug_line    0x00001b93      0x626 ./emusb/em_usbdint.o
 .debug_line    0x000021b9      0x67a ./emusb/em_usbhal.o
 .debug_line    0x00002833      0x4ed ./emusb/em_usbtimer.o
 .debug_line    0x00002d20      0x8a4 ./emlib/em_cmu.o
 .debug_line    0x000035c4      0x594 ./emlib/em_dma.o
 .debug_line    0x00003b58      0x3f9 ./emlib/em_emu.o
 .debug_line    0x00003f51      0x375 ./emlib/em_gpio.o
 .debug_line    0x000042c6       0xb5 ./emlib/em_int.o
 .debug_line    0x0000437b      0x1f0 ./emlib/em_prs.o
 .debug_line    0x0000456b      0x286 ./emlib/em_rtc.o
 .debug_line    0x000047f1      0x207 ./emlib/em_system.o
 .debug_line    0x000049f8      0x4a6 ./emlib/em_timer.o
 .debug_line    0x00004e9e      0x53d ./emlib/em_usart.o
 .debug_line    0x000053db      0x576 ./Drivers/cdc.o
 .debug_line    0x00005951      0x20d ./Drivers/display.o
 .debug_line    0x00005b5e      0x2b4 ./Drivers/displayls013b7dh03.o
 .debug_line    0x00005e12      0x509 ./Drivers/displaypalemlib.o
 .debug_line    0x0000631b      0x148 ./Drivers/dmactrl.o
 .debug_line    0x00006463      0x39f ./Drivers/udelay.o
 .debug_line    0x00006802       0x74 ./CMSIS/efm32hg/startup_gcc_efm32hg.o
 .debug_line    0x00006876      0x221 ./CMSIS/efm32hg/system_efm32hg.o

.debug_str      0x00000000     0x4a71
 .debug_str     0x00000000      0x30d ./src/descriptors.o
                                0x370 (size before relaxing)
 .debug_str     0x0000030d      0x798 ./src/main.o
                                0xaec (size before relaxing)
 .debug_str     0x00000aa5       0x63 ./src/scrolllcd.o
                                0x412 (size before relaxing)
 .debug_str     0x00000b08       0x7b ./src/usbdrv_hal.o
                                0x2ad (size before relaxing)
 .debug_str     0x00000b83      0xcdd ./emusb/em_usbd.o
                               0x1521 (size before relaxing)
 .debug_str     0x00001860      0x15f ./emusb/em_usbdch9.o
                                0xd09 (size before relaxing)
 .debug_str     0x000019bf       0x5c ./emusb/em_usbdep.o
                                0xbd9 (size before relaxing)
 .debug_str     0x00001a1b      0x239 ./emusb/em_usbdint.o
                                0xda9 (size before relaxing)
 .debug_str     0x00001c54      0x129 ./emusb/em_usbhal.o
                                0xeaf (size before relaxing)
 .debug_str     0x00001d7d      0x6d0 ./emusb/em_usbtimer.o
                                0xc98 (size before relaxing)
 .debug_str     0x0000244d      0x740 ./emlib/em_cmu.o
                                0xd24 (size before relaxing)
 .debug_str     0x00002b8d      0x54e ./emlib/em_dma.o
                                0xb03 (size before relaxing)
 .debug_str     0x000030db      0x151 ./emlib/em_emu.o
                                0x48e (size before relaxing)
 .debug_str     0x0000322c      0x3bb ./emlib/em_gpio.o
                                0x5f1 (size before relaxing)
 .debug_str     0x000035e7       0x12 ./emlib/em_int.o
                                0x1fb (size before relaxing)
 .debug_str     0x000035f9       0xc0 ./emlib/em_prs.o
                                0x2c1 (size before relaxing)
 .debug_str     0x000036b9       0xb5 ./emlib/em_rtc.o
                                0x2d7 (size before relaxing)
 .debug_str     0x0000376e       0xb9 ./emlib/em_system.o
                                0x2cd (size before relaxing)
 .debug_str     0x00003827      0x20b ./emlib/em_timer.o
                                0x927 (size before relaxing)
 .debug_str     0x00003a32      0x872 ./emlib/em_usart.o
                                0xc62 (size before relaxing)
 .debug_str     0x000042a4      0x244 ./Drivers/cdc.o
                               0x1119 (size before relaxing)
 .debug_str     0x000044e8      0x107 ./Drivers/display.o
                                0x47b (size before relaxing)
 .debug_str     0x000045ef       0xe3 ./Drivers/displayls013b7dh03.o
                                0x4db (size before relaxing)
 .debug_str     0x000046d2      0x18d ./Drivers/displaypalemlib.o
                                0xc0f (size before relaxing)
 .debug_str     0x0000485f       0x15 ./Drivers/dmactrl.o
                                0x231 (size before relaxing)
 .debug_str     0x00004874       0xf1 ./Drivers/udelay.o
                                0x94a (size before relaxing)
 .debug_str     0x00004965      0x10c ./CMSIS/efm32hg/system_efm32hg.o
                                0x43a (size before relaxing)

.debug_loc      0x00000000     0x4498
 .debug_loc     0x00000000       0xa8 ./src/main.o
 .debug_loc     0x000000a8       0x3a ./src/scrolllcd.o
 .debug_loc     0x000000e2       0xd4 ./src/usbdrv_hal.o
 .debug_loc     0x000001b6      0x896 ./emusb/em_usbd.o
 .debug_loc     0x00000a4c      0x428 ./emusb/em_usbdch9.o
 .debug_loc     0x00000e74      0x1c0 ./emusb/em_usbdep.o
 .debug_loc     0x00001034      0x518 ./emusb/em_usbdint.o
 .debug_loc     0x0000154c      0x45c ./emusb/em_usbhal.o
 .debug_loc     0x000019a8      0x41e ./emusb/em_usbtimer.o
 .debug_loc     0x00001dc6      0x860 ./emlib/em_cmu.o
 .debug_loc     0x00002626      0x428 ./emlib/em_dma.o
 .debug_loc     0x00002a4e      0x22c ./emlib/em_emu.o
 .debug_loc     0x00002c7a      0x268 ./emlib/em_gpio.o
 .debug_loc     0x00002ee2       0x70 ./emlib/em_prs.o
 .debug_loc     0x00002f52      0x1a8 ./emlib/em_rtc.o
 .debug_loc     0x000030fa       0x70 ./emlib/em_system.o
 .debug_loc     0x0000316a      0x188 ./emlib/em_timer.o
 .debug_loc     0x000032f2      0x49a ./emlib/em_usart.o
 .debug_loc     0x0000378c      0x2c0 ./Drivers/cdc.o
 .debug_loc     0x00003a4c       0xe0 ./Drivers/display.o
 .debug_loc     0x00003b2c      0x1c0 ./Drivers/displayls013b7dh03.o
 .debug_loc     0x00003cec      0x3f0 ./Drivers/displaypalemlib.o
 .debug_loc     0x000040dc      0x1d4 ./Drivers/udelay.o
 .debug_loc     0x000042b0      0x1e8 ./CMSIS/efm32hg/system_efm32hg.o

.debug_ranges   0x00000000      0xae8
 .debug_ranges  0x00000000       0x20 ./src/main.o
 .debug_ranges  0x00000020       0x10 ./src/scrolllcd.o
 .debug_ranges  0x00000030       0x28 ./src/usbdrv_hal.o
 .debug_ranges  0x00000058      0x158 ./emusb/em_usbd.o
 .debug_ranges  0x000001b0       0xa0 ./emusb/em_usbdch9.o
 .debug_ranges  0x00000250       0x48 ./emusb/em_usbdep.o
 .debug_ranges  0x00000298       0xd0 ./emusb/em_usbdint.o
 .debug_ranges  0x00000368       0xb0 ./emusb/em_usbhal.o
 .debug_ranges  0x00000418       0xa0 ./emusb/em_usbtimer.o
 .debug_ranges  0x000004b8      0x148 ./emlib/em_cmu.o
 .debug_ranges  0x00000600       0xa0 ./emlib/em_dma.o
 .debug_ranges  0x000006a0       0x60 ./emlib/em_emu.o
 .debug_ranges  0x00000700       0x60 ./emlib/em_gpio.o
 .debug_ranges  0x00000760       0x18 ./emlib/em_prs.o
 .debug_ranges  0x00000778       0x48 ./emlib/em_rtc.o
 .debug_ranges  0x000007c0       0x18 ./emlib/em_system.o
 .debug_ranges  0x000007d8       0x40 ./emlib/em_timer.o
 .debug_ranges  0x00000818       0xb0 ./emlib/em_usart.o
 .debug_ranges  0x000008c8       0x70 ./Drivers/cdc.o
 .debug_ranges  0x00000938       0x28 ./Drivers/display.o
 .debug_ranges  0x00000960       0x48 ./Drivers/displayls013b7dh03.o
 .debug_ranges  0x000009a8       0x98 ./Drivers/displaypalemlib.o
 .debug_ranges  0x00000a40       0x50 ./Drivers/udelay.o
 .debug_ranges  0x00000a90       0x58 ./CMSIS/efm32hg/system_efm32hg.o

.debug_frame    0x00000000     0x3234
 .debug_frame   0x00000000       0x74 ./src/main.o
 .debug_frame   0x00000074       0x30 ./src/scrolllcd.o
 .debug_frame   0x000000a4       0x8c ./src/usbdrv_hal.o
 .debug_frame   0x00000130      0x51c ./emusb/em_usbd.o
 .debug_frame   0x0000064c      0x270 ./emusb/em_usbdch9.o
 .debug_frame   0x000008bc      0x110 ./emusb/em_usbdep.o
 .debug_frame   0x000009cc      0x310 ./emusb/em_usbdint.o
 .debug_frame   0x00000cdc      0x29c ./emusb/em_usbhal.o
 .debug_frame   0x00000f78      0x270 ./emusb/em_usbtimer.o
 .debug_frame   0x000011e8      0x4f0 ./emlib/em_cmu.o
 .debug_frame   0x000016d8      0x270 ./emlib/em_dma.o
 .debug_frame   0x00001948      0x15c ./emlib/em_emu.o
 .debug_frame   0x00001aa4      0x174 ./emlib/em_gpio.o
 .debug_frame   0x00001c18       0x50 ./emlib/em_prs.o
 .debug_frame   0x00001c68      0x108 ./emlib/em_rtc.o
 .debug_frame   0x00001d70       0x50 ./emlib/em_system.o
 .debug_frame   0x00001dc0       0xf0 ./emlib/em_timer.o
 .debug_frame   0x00001eb0      0x2b4 ./emlib/em_usart.o
 .debug_frame   0x00002164      0x1a8 ./Drivers/cdc.o
 .debug_frame   0x0000230c       0x90 ./Drivers/display.o
 .debug_frame   0x0000239c      0x110 ./Drivers/displayls013b7dh03.o
 .debug_frame   0x000024ac      0x250 ./Drivers/displaypalemlib.o
 .debug_frame   0x000026fc      0x124 ./Drivers/udelay.o
 .debug_frame   0x00002820      0x138 ./CMSIS/efm32hg/system_efm32hg.o
 .debug_frame   0x00002958       0x20 /home/iliya/work/SL/SimplicityStudio/SimplicityStudio_v3/developer/toolchains/gnu_arm/4.8_2013q4/bin/../lib/gcc/arm-none-eabi/4.8.3/armv6-m/libgcc.a(_udivsi3.o)
 .debug_frame   0x00002978       0x20 /home/iliya/work/SL/SimplicityStudio/SimplicityStudio_v3/developer/toolchains/gnu_arm/4.8_2013q4/bin/../lib/gcc/arm-none-eabi/4.8.3/armv6-m/libgcc.a(_divsi3.o)
 .debug_frame   0x00002998       0x30 /home/iliya/work/SL/SimplicityStudio/SimplicityStudio_v3/developer/toolchains/gnu_arm/4.8_2013q4/bin/../lib/gcc/arm-none-eabi/4.8.3/armv6-m/libgcc.a(_muldi3.o)
 .debug_frame   0x000029c8       0x28 /home/iliya/work/SL/SimplicityStudio/SimplicityStudio_v3/developer/toolchains/gnu_arm/4.8_2013q4/bin/../lib/gcc/arm-none-eabi/4.8.3/../../../../arm-none-eabi/lib/armv6-m/libc_s.a(lib_a-exit.o)
 .debug_frame   0x000029f0       0x2c /home/iliya/work/SL/SimplicityStudio/SimplicityStudio_v3/developer/toolchains/gnu_arm/4.8_2013q4/bin/../lib/gcc/arm-none-eabi/4.8.3/../../../../arm-none-eabi/lib/armv6-m/libc_s.a(lib_a-init.o)
 .debug_frame   0x00002a1c       0x40 /home/iliya/work/SL/SimplicityStudio/SimplicityStudio_v3/developer/toolchains/gnu_arm/4.8_2013q4/bin/../lib/gcc/arm-none-eabi/4.8.3/../../../../arm-none-eabi/lib/armv6-m/libc_s.a(lib_a-malloc.o)
 .debug_frame   0x00002a5c       0x28 /home/iliya/work/SL/SimplicityStudio/SimplicityStudio_v3/developer/toolchains/gnu_arm/4.8_2013q4/bin/../lib/gcc/arm-none-eabi/4.8.3/../../../../arm-none-eabi/lib/armv6-m/libc_s.a(lib_a-memcpy-stub.o)
 .debug_frame   0x00002a84       0x20 /home/iliya/work/SL/SimplicityStudio/SimplicityStudio_v3/developer/toolchains/gnu_arm/4.8_2013q4/bin/../lib/gcc/arm-none-eabi/4.8.3/../../../../arm-none-eabi/lib/armv6-m/libc_s.a(lib_a-memset.o)
 .debug_frame   0x00002aa4       0x2c /home/iliya/work/SL/SimplicityStudio/SimplicityStudio_v3/developer/toolchains/gnu_arm/4.8_2013q4/bin/../lib/gcc/arm-none-eabi/4.8.3/../../../../arm-none-eabi/lib/armv6-m/libc_s.a(lib_a-nano-freer.o)
 .debug_frame   0x00002ad0       0x2c /home/iliya/work/SL/SimplicityStudio/SimplicityStudio_v3/developer/toolchains/gnu_arm/4.8_2013q4/bin/../lib/gcc/arm-none-eabi/4.8.3/../../../../arm-none-eabi/lib/armv6-m/libc_s.a(lib_a-nano-mallocr.o)