Archive member included because of file (symbol)

/home/iliya/work/SL/SimplicityStudio/SimplicityStudio_v3/developer/toolchains/gnu_arm/4.8_2013q4/bin/../lib/gcc/arm-none-eabi/4.8.3/armv6-m/libgcc.a(_udivsi3.o)
                              ./emusb/em_usbd.o (__aeabi_uidiv)
/home/iliya/work/SL/SimplicityStudio/SimplicityStudio_v3/developer/toolchains/gnu_arm/4.8_2013q4/bin/../lib/gcc/arm-none-eabi/4.8.3/armv6-m/libgcc.a(_divsi3.o)
                              ./emusb/em_usbd.o (__aeabi_idiv)
/home/iliya/work/SL/SimplicityStudio/SimplicityStudio_v3/developer/toolchains/gnu_arm/4.8_2013q4/bin/../lib/gcc/arm-none-eabi/4.8.3/armv6-m/libgcc.a(_dvmd_tls.o)
                              /home/iliya/work/SL/SimplicityStudio/SimplicityStudio_v3/developer/toolchains/gnu_arm/4.8_2013q4/bin/../lib/gcc/arm-none-eabi/4.8.3/armv6-m/libgcc.a(_udivsi3.o) (__aeabi_idiv0)
/home/iliya/work/SL/SimplicityStudio/SimplicityStudio_v3/developer/toolchains/gnu_arm/4.8_2013q4/bin/../lib/gcc/arm-none-eabi/4.8.3/armv6-m/libgcc.a(_clzsi2.o)
                              ./emlib/em_cmu.o (__clzsi2)
/home/iliya/work/SL/SimplicityStudio/SimplicityStudio_v3/developer/toolchains/gnu_arm/4.8_2013q4/bin/../lib/gcc/arm-none-eabi/4.8.3/armv6-m/libgcc.a(_aeabi_uldivmod.o)
                              ./emlib/em_usart.o (__aeabi_uldivmod)
/home/iliya/work/SL/SimplicityStudio/SimplicityStudio_v3/developer/toolchains/gnu_arm/4.8_2013q4/bin/../lib/gcc/arm-none-eabi/4.8.3/armv6-m/libgcc.a(_muldi3.o)
                              ./emusb/em_usbtimer.o (__aeabi_lmul)
/home/iliya/work/SL/SimplicityStudio/SimplicityStudio_v3/developer/toolchains/gnu_arm/4.8_2013q4/bin/../lib/gcc/arm-none-eabi/4.8.3/armv6-m/libgcc.a(bpabi.o)
                              /home/iliya/work/SL/SimplicityStudio/SimplicityStudio_v3/developer/toolchains/gnu_arm/4.8_2013q4/bin/../lib/gcc/arm-none-eabi/4.8.3/armv6-m/libgcc.a(_aeabi_uldivmod.o) (__gnu_uldivmod_helper)
/home/iliya/work/SL/SimplicityStudio/SimplicityStudio_v3/developer/toolchains/gnu_arm/4.8_2013q4/bin/../lib/gcc/arm-none-eabi/4.8.3/armv6-m/libgcc.a(_divdi3.o)
                              /home/iliya/work/SL/SimplicityStudio/SimplicityStudio_v3/developer/toolchains/gnu_arm/4.8_2013q4/bin/../lib/gcc/arm-none-eabi/4.8.3/armv6-m/libgcc.a(bpabi.o) (__divdi3)
/home/iliya/work/SL/SimplicityStudio/SimplicityStudio_v3/developer/toolchains/gnu_arm/4.8_2013q4/bin/../lib/gcc/arm-none-eabi/4.8.3/armv6-m/libgcc.a(_udivdi3.o)
                              /home/iliya/work/SL/SimplicityStudio/SimplicityStudio_v3/developer/toolchains/gnu_arm/4.8_2013q4/bin/../lib/gcc/arm-none-eabi/4.8.3/armv6-m/libgcc.a(bpabi.o) (__udivdi3)
/home/iliya/work/SL/SimplicityStudio/SimplicityStudio_v3/developer/toolchains/gnu_arm/4.8_2013q4/bin/../lib/gcc/arm-none-eabi/4.8.3/../../../../arm-none-eabi/lib/armv6-m/libc_s.a(lib_a-exit.o)
                              /home/iliya/work/SL/SimplicityStudio/SimplicityStudio_v3/developer/toolchains/gnu_arm/4.8_2013q4/bin/../lib/gcc/arm-none-eabi/4.8.3/../../../../arm-none-eabi/lib/armv6-m/crt0.o (exit)
/home/iliya/work/SL/SimplicityStudio/SimplicityStudio_v3/developer/toolchains/gnu_arm/4.8_2013q4/bin/../lib/gcc/arm-none-eabi/4.8.3/../../../../arm-none-eabi/lib/armv6-m/libc_s.a(lib_a-impure.o)
                              /home/iliya/work/SL/SimplicityStudio/SimplicityStudio_v3/developer/toolchains/gnu_arm/4.8_2013q4/bin/../lib/gcc/arm-none-eabi/4.8.3/../../../../arm-none-eabi/lib/armv6-m/libc_s.a(lib_a-exit.o) (_global_impure_ptr)
/home/iliya/work/SL/SimplicityStudio/SimplicityStudio_v3/developer/toolchains/gnu_arm/4.8_2013q4/bin/../lib/gcc/arm-none-eabi/4.8.3/../../../../arm-none-eabi/lib/armv6-m/libc_s.a(lib_a-init.o)
                              /home/iliya/work/SL/SimplicityStudio/SimplicityStudio_v3/developer/toolchains/gnu_arm/4.8_2013q4/bin/../lib/gcc/arm-none-eabi/4.8.3/../../../../arm-none-eabi/lib/armv6-m/crt0.o (__libc_init_array)
/home/iliya/work/SL/SimplicityStudio/SimplicityStudio_v3/developer/toolchains/gnu_arm/4.8_2013q4/bin/../lib/gcc/arm-none-eabi/4.8.3/../../../../arm-none-eabi/lib/armv6-m/libc_s.a(lib_a-malloc.o)
                              ./src/usbdrv_hal.o (malloc)
/home/iliya/work/SL/SimplicityStudio/SimplicityStudio_v3/developer/toolchains/gnu_arm/4.8_2013q4/bin/../lib/gcc/arm-none-eabi/4.8.3/../../../../arm-none-eabi/lib/armv6-m/libc_s.a(lib_a-memcpy-stub.o)
                              ./src/usbdrv_hal.o (memcpy)
/home/iliya/work/SL/SimplicityStudio/SimplicityStudio_v3/developer/toolchains/gnu_arm/4.8_2013q4/bin/../lib/gcc/arm-none-eabi/4.8.3/../../../../arm-none-eabi/lib/armv6-m/libc_s.a(lib_a-memset.o)
                              /home/iliya/work/SL/SimplicityStudio/SimplicityStudio_v3/developer/toolchains/gnu_arm/4.8_2013q4/bin/../lib/gcc/arm-none-eabi/4.8.3/../../../../arm-none-eabi/lib/armv6-m/crt0.o (memset)
[...]
Memory Configuration

Name             Origin             Length             Attributes
FLASH            0x00000000         0x00010000         xr
RAM              0x20000000         0x00002000         xrw
*default*        0x00000000         0xffffffff

Linker script and memory map

LOAD /home/iliya/work/SL/SimplicityStudio/SimplicityStudio_v3/developer/toolchains/gnu_arm/4.8_2013q4/bin/../lib/gcc/arm-none-eabi/4.8.3/armv6-m/crti.o
LOAD /home/iliya/work/SL/SimplicityStudio/SimplicityStudio_v3/developer/toolchains/gnu_arm/4.8_2013q4/bin/../lib/gcc/arm-none-eabi/4.8.3/armv6-m/crtbegin.o
LOAD /home/iliya/work/SL/SimplicityStudio/SimplicityStudio_v3/developer/toolchains/gnu_arm/4.8_2013q4/bin/../lib/gcc/arm-none-eabi/4.8.3/../../../../arm-none-eabi/lib/armv6-m/crt0.o
LOAD ./src/descriptors.o
LOAD ./src/main.o
LOAD ./src/scrolllcd.o
LOAD ./src/usbdrv_hal.o
LOAD ./emusb/em_usbd.o
LOAD ./emusb/em_usbdch9.o
LOAD ./emusb/em_usbdep.o
LOAD ./emusb/em_usbdint.o
LOAD ./emusb/em_usbhal.o
LOAD ./emusb/em_usbtimer.o
LOAD ./emlib/em_assert.o
LOAD ./emlib/em_cmu.o
LOAD ./emlib/em_dma.o
LOAD ./emlib/em_emu.o
LOAD ./emlib/em_gpio.o
LOAD ./emlib/em_int.o
LOAD ./emlib/em_prs.o
LOAD ./emlib/em_rtc.o
LOAD ./emlib/em_system.o
LOAD ./emlib/em_timer.o
LOAD ./emlib/em_usart.o
LOAD ./Drivers/cdc.o
LOAD ./Drivers/display.o
LOAD ./Drivers/displayls013b7dh03.o
LOAD ./Drivers/displaypalemlib.o
LOAD ./Drivers/dmactrl.o
LOAD ./Drivers/udelay.o
LOAD ./CMSIS/efm32hg/startup_gcc_efm32hg.o
LOAD ./CMSIS/efm32hg/system_efm32hg.o
START GROUP
LOAD /home/iliya/work/SL/SimplicityStudio/SimplicityStudio_v3/developer/toolchains/gnu_arm/4.8_2013q4/bin/../lib/gcc/arm-none-eabi/4.8.3/armv6-m/libgcc.a
LOAD /home/iliya/work/SL/SimplicityStudio/SimplicityStudio_v3/developer/toolchains/gnu_arm/4.8_2013q4/bin/../lib/gcc/arm-none-eabi/4.8.3/../../../../arm-none-eabi/lib/armv6-m/libc_s.a
LOAD /home/iliya/work/SL/SimplicityStudio/SimplicityStudio_v3/developer/toolchains/gnu_arm/4.8_2013q4/bin/../lib/gcc/arm-none-eabi/4.8.3/../../../../arm-none-eabi/lib/armv6-m/libnosys.a
END GROUP
START GROUP
LOAD /home/iliya/work/SL/SimplicityStudio/SimplicityStudio_v3/developer/toolchains/gnu_arm/4.8_2013q4/bin/../lib/gcc/arm-none-eabi/4.8.3/armv6-m/libgcc.a
LOAD /home/iliya/work/SL/SimplicityStudio/SimplicityStudio_v3/developer/toolchains/gnu_arm/4.8_2013q4/bin/../lib/gcc/arm-none-eabi/4.8.3/../../../../arm-none-eabi/lib/armv6-m/libg_s.a
LOAD /home/iliya/work/SL/SimplicityStudio/SimplicityStudio_v3/developer/toolchains/gnu_arm/4.8_2013q4/bin/../lib/gcc/arm-none-eabi/4.8.3/../../../../arm-none-eabi/lib/armv6-m/libc_s.a
END GROUP
START GROUP
LOAD /home/iliya/work/SL/SimplicityStudio/SimplicityStudio_v3/developer/toolchains/gnu_arm/4.8_2013q4/bin/../lib/gcc/arm-none-eabi/4.8.3/armv6-m/libgcc.a
LOAD /home/iliya/work/SL/SimplicityStudio/SimplicityStudio_v3/developer/toolchains/gnu_arm/4.8_2013q4/bin/../lib/gcc/arm-none-eabi/4.8.3/../../../../arm-none-eabi/lib/armv6-m/libc_s.a
END GROUP
LOAD /home/iliya/work/SL/SimplicityStudio/SimplicityStudio_v3/developer/toolchains/gnu_arm/4.8_2013q4/bin/../lib/gcc/arm-none-eabi/4.8.3/armv6-m/crtend.o
LOAD /home/iliya/work/SL/SimplicityStudio/SimplicityStudio_v3/developer/toolchains/gnu_arm/4.8_2013q4/bin/../lib/gcc/arm-none-eabi/4.8.3/armv6-m/crtn.o

.text           0x00000000     0xb028
 *(.vectors)
 .vectors       0x00000000       0x94 ./CMSIS/efm32hg/startup_gcc_efm32hg.o
                0x00000000                __Vectors
                0x00000094                __Vectors_End = .
                0x00000094                __Vectors_Size = (__Vectors_End - __Vectors)
                0x00000094                __end__ = .
 *(.text*)
 .text          0x00000094       0x60 /home/iliya/work/SL/SimplicityStudio/SimplicityStudio_v3/developer/toolchains/gnu_arm/4.8_2013q4/bin/../lib/gcc/arm-none-eabi/4.8.3/armv6-m/crtbegin.o
 .text          0x000000f4       0x78 /home/iliya/work/SL/SimplicityStudio/SimplicityStudio_v3/developer/toolchains/gnu_arm/4.8_2013q4/bin/../lib/gcc/arm-none-eabi/4.8.3/../../../../arm-none-eabi/lib/armv6-m/crt0.o
                0x000000f4                _mainCRTStartup
                0x000000f4                _start
 .text.CHIP_Init
                0x0000016c       0x40 ./src/main.o
 .text.main     0x000001ac      0x1b0 ./src/main.o
                0x000001ac                main
 .text.StateChange
                0x0000035c       0x68 ./src/main.o
 .text.scrollLcd
                0x000003c4      0x158 ./src/scrolllcd.o
                0x000003c4                scrollLcd
 .text.INT_Disable
                0x0000051c       0x28 ./src/usbdrv_hal.o
 .text.INT_Enable
                0x00000544       0x38 ./src/usbdrv_hal.o
 .text.UsbDrv_CreateFrame
                0x0000057c       0x48 ./src/usbdrv_hal.o
                0x0000057c                UsbDrv_CreateFrame
 .text.UsbDrv_Transmit
                0x000005c4       0x70 ./src/usbdrv_hal.o
                0x000005c4                UsbDrv_Transmit
 .text.UsbDrv_Transmit_Time
                0x00000634       0x50 ./src/usbdrv_hal.o
                0x00000634                UsbDrv_Transmit_Time
 .text.UsbDrv_Transmit_Humidity
                0x00000684       0x50 ./src/usbdrv_hal.o
                0x00000684                UsbDrv_Transmit_Humidity
 .text.UsbDrv_EncapsulateData
                0x000006d4       0xa4 ./src/usbdrv_hal.o
 .text.UsbDrv_SendData
                0x00000778       0x90 ./src/usbdrv_hal.o
 .text.UsbDataTransmitted
                0x00000808       0x3c ./src/usbdrv_hal.o
 .text.UsbDrv_FreeData
                0x00000844       0x24 ./src/usbdrv_hal.o
 .text.NVIC_EnableIRQ
                0x00000868       0x2c ./emusb/em_usbd.o
 .text.NVIC_ClearPendingIRQ
                0x00000894       0x2c ./emusb/em_usbd.o
 .text.INT_Disable
                0x000008c0       0x28 ./emusb/em_usbd.o
 .text.INT_Enable
                0x000008e8       0x38 ./emusb/em_usbd.o
 .text.USBHAL_DisableGlobalInt
                0x00000920       0x24 ./emusb/em_usbd.o
 .text.USBHAL_EnableGlobalInt
                0x00000944       0x20 ./emusb/em_usbd.o
 .text.USBDHAL_EnableUsbResetAndSuspendInt
                0x00000964       0x24 ./emusb/em_usbd.o
 .text.USBDHAL_EpIsStalled
                0x00000988       0x48 ./emusb/em_usbd.o
 .text.USBDHAL_GetStallStatusEp
                0x000009d0       0xc4 ./emusb/em_usbd.o
 .text.USBDHAL_SetEp0InDmaPtr
                0x00000a94       0x20 ./emusb/em_usbd.o
 .text.USBDHAL_SetEp0OutDmaPtr
                0x00000ab4       0x20 ./emusb/em_usbd.o
 .text.USBDHAL_StartEp0In
                0x00000ad4       0x48 ./emusb/em_usbd.o
 .text.USBDHAL_StartEp0Out
                0x00000b1c       0x48 ./emusb/em_usbd.o
 .text.USBDHAL_StartEpIn
                0x00000b64       0xa4 ./emusb/em_usbd.o
 .text.USBDHAL_StartEpOut
                0x00000c08       0xb0 ./emusb/em_usbd.o
 .text.USBD_ArmEp
                0x00000cb8       0x28 ./emusb/em_usbd.o
 .text.USBD_ArmEp0
                0x00000ce0       0x84 ./emusb/em_usbd.o
 .text.USBD_ArmEpN
                0x00000d64       0x28 ./emusb/em_usbd.o
 .text.USBD_GetEpFromAddr
                0x00000d8c       0x88 ./emusb/em_usbd.o
 .text.USBD_Connect
                0x00000e14       0x14 ./emusb/em_usbd.o
                0x00000e14                USBD_Connect
 .text.USBD_Disconnect
                0x00000e28       0x14 ./emusb/em_usbd.o
                0x00000e28                USBD_Disconnect
 .text.USBD_GetUsbState
                0x00000e3c       0x18 ./emusb/em_usbd.o
                0x00000e3c                USBD_GetUsbState
 .text.USBD_Init
                0x00000e54      0x514 ./emusb/em_usbd.o
                0x00000e54                USBD_Init
 .text.USBD_Read
                0x00001368      0x14c ./emusb/em_usbd.o
                0x00001368                USBD_Read
 .text.USBD_SetUsbState
                0x000014b4       0x88 ./emusb/em_usbd.o
                0x000014b4                USBD_SetUsbState
 .text.USBD_Write
                0x0000153c      0x150 ./emusb/em_usbd.o
                0x0000153c                USBD_Write
 .text.USBDHAL_ActivateEp
                0x0000168c      0x114 ./emusb/em_usbdch9.o
 .text.USBDHAL_DeactivateEp
                0x000017a0       0x64 ./emusb/em_usbdch9.o
 .text.USBDHAL_GetStallStatusEp
                0x00001804       0xc4 ./emusb/em_usbdch9.o
 .text.USBDHAL_SetAddr
                0x000018c8       0x38 ./emusb/em_usbdch9.o
 .text.USBDHAL_StallEp
                0x00001900       0xcc ./emusb/em_usbdch9.o
 .text.USBDHAL_UnStallEp
                0x000019cc       0xec ./emusb/em_usbdch9.o
 .text.USBD_ActivateAllEps
                0x00001ab8       0x48 ./emusb/em_usbdch9.o
 .text.USBD_DeactivateAllEps
                0x00001b00       0x5c ./emusb/em_usbdch9.o
 .text.USBD_GetEpFromAddr
                0x00001b5c       0x88 ./emusb/em_usbdch9.o
 .text.USBDCH9_SetupCmd
                0x00001be4       0xe8 ./emusb/em_usbdch9.o
                0x00001be4                USBDCH9_SetupCmd
 .text.ClearFeature
                0x00001ccc       0xe4 ./emusb/em_usbdch9.o
 .text.GetConfiguration
                0x00001db0       0xbc ./emusb/em_usbdch9.o
 .text.GetDescriptor
                0x00001e6c      0x138 ./emusb/em_usbdch9.o
 .text.GetInterface
                0x00001fa4       0xa0 ./emusb/em_usbdch9.o
 .text.GetStatus
                0x00002044      0x1c8 ./emusb/em_usbdch9.o
 .text.SetAddress
                0x0000220c       0xd4 ./emusb/em_usbdch9.o
 .text.SetConfiguration
                0x000022e0      0x140 ./emusb/em_usbdch9.o
 .text.SetFeature
                0x00002420      0x118 ./emusb/em_usbdch9.o
 .text.SetInterface
                0x00002538       0x74 ./emusb/em_usbdch9.o
 .text.USBDHAL_StallEp
                0x000025ac       0xcc ./emusb/em_usbdep.o
 .text.USBDHAL_StartEp0In
                0x00002678       0x48 ./emusb/em_usbdep.o
 .text.USBDHAL_StartEp0Out
                0x000026c0       0x48 ./emusb/em_usbdep.o
 .text.USBDHAL_StartEp0Setup
                0x00002708       0x68 ./emusb/em_usbdep.o
 .text.USBD_GetEpFromAddr
                0x00002770       0x88 ./emusb/em_usbdep.o
 .text.USBD_ReArmEp0
                0x000027f8       0x60 ./emusb/em_usbdep.o
 .text.USBDEP_Ep0Handler
                0x00002858      0x2a0 ./emusb/em_usbdep.o
                0x00002858                USBDEP_Ep0Handler
 .text.USBDEP_EpHandler
                0x00002af8       0x74 ./emusb/em_usbdep.o
                0x00002af8                USBDEP_EpHandler
 .text.INT_Disable
                0x00002b6c       0x28 ./emusb/em_usbdint.o
 .text.INT_Enable
                0x00002b94       0x38 ./emusb/em_usbdint.o
 .text.USBHAL_FlushTxFifo
                0x00002bcc       0x38 ./emusb/em_usbdint.o
 .text.USBHAL_GetCoreInts
                0x00002c04       0x30 ./emusb/em_usbdint.o
 .text.USBDHAL_EnableInts
                0x00002c34       0x50 ./emusb/em_usbdint.o
 .text.USBDHAL_Ep0Activate
                0x00002c84       0x54 ./emusb/em_usbdint.o
 .text.USBDHAL_GetAllInEpInts
                0x00002cd8       0x34 ./emusb/em_usbdint.o
 .text.USBDHAL_GetAllOutEpInts
                0x00002d0c       0x34 ./emusb/em_usbdint.o
 .text.USBDHAL_GetInEpInts
                0x00002d40       0x38 ./emusb/em_usbdint.o
 .text.USBDHAL_GetOutEpInts
                0x00002d78       0x40 ./emusb/em_usbdint.o
 .text.USBDHAL_StartEp0Setup
                0x00002db8       0x68 ./emusb/em_usbdint.o
 .text.USBD_GetEpFromAddr
                0x00002e20       0x88 ./emusb/em_usbdint.o
 .text.USB_IRQHandler
                0x00002ea8      0x148 ./emusb/em_usbdint.o
                0x00002ea8                USB_IRQHandler
 .text.Handle_USB_GINTSTS_ENUMDONE
                0x00002ff0       0x30 ./emusb/em_usbdint.o
 .text.Handle_USB_GINTSTS_IEPINT
                0x00003020      0x154 ./emusb/em_usbdint.o
 .text.Handle_USB_GINTSTS_OEPINT
                0x00003174       0x98 ./emusb/em_usbdint.o
 .text.Handle_USB_GINTSTS_RESETDET
                0x0000320c       0x34 ./emusb/em_usbdint.o
 .text.Handle_USB_GINTSTS_SOF
                0x00003240       0x4c ./emusb/em_usbdint.o
 .text.Handle_USB_GINTSTS_USBRST
                0x0000328c       0xf4 ./emusb/em_usbdint.o
 .text.Handle_USB_GINTSTS_USBSUSP
                0x00003380       0x68 ./emusb/em_usbdint.o
 .text.Handle_USB_GINTSTS_WKUPINT
                0x000033e8       0x2c ./emusb/em_usbdint.o
 .text.HandleOutEpIntr
                0x00003414      0x218 ./emusb/em_usbdint.o
 .text.NVIC_ClearPendingIRQ
                0x0000362c       0x2c ./emusb/em_usbhal.o
 .text.INT_Disable
                0x00003658       0x28 ./emusb/em_usbhal.o
 .text.INT_Enable
                0x00003680       0x38 ./emusb/em_usbhal.o
 .text.USBHAL_FlushRxFifo
                0x000036b8       0x28 ./emusb/em_usbhal.o
 .text.USBHAL_FlushTxFifo
                0x000036e0       0x38 ./emusb/em_usbhal.o
 .text.USBDHAL_DeactivateEp
                0x00003718       0x64 ./emusb/em_usbhal.o
 .text.USBDHAL_GetInEpInts
                0x0000377c       0x38 ./emusb/em_usbhal.o
 .text.USBDHAL_GetOutEpInts
                0x000037b4       0x40 ./emusb/em_usbhal.o
 .text.USBDHAL_SetEPDISNAK
                0x000037f4       0x90 ./emusb/em_usbhal.o
 .text.USBD_GetEpFromAddr
                0x00003884       0x88 ./emusb/em_usbhal.o
 .text.PrintI   0x0000390c       0x10 ./emusb/em_usbhal.o
 .text.assertEFM
                0x0000391c       0x14 ./emusb/em_usbhal.o
                0x0000391c                assertEFM
 .text.USBHAL_CoreReset
                0x00003930       0x6c ./emusb/em_usbhal.o
                0x00003930                USBHAL_CoreReset
 .text.USBDHAL_Connect
                0x0000399c       0x24 ./emusb/em_usbhal.o
                0x0000399c                USBDHAL_Connect
 .text.USBDHAL_CoreInit
                0x000039c0      0x31c ./emusb/em_usbhal.o
                0x000039c0                USBDHAL_CoreInit
 .text.USBDHAL_Disconnect
                0x00003cdc       0x28 ./emusb/em_usbhal.o
                0x00003cdc                USBDHAL_Disconnect
 .text.USBDHAL_AbortAllEps
                0x00003d04      0x468 ./emusb/em_usbhal.o
                0x00003d04                USBDHAL_AbortAllEps
 .text.USBDHAL_AbortAllTransfers
                0x0000416c       0xac ./emusb/em_usbhal.o
                0x0000416c                USBDHAL_AbortAllTransfers
 .text.NVIC_EnableIRQ
                0x00004218       0x2c ./emusb/em_usbtimer.o
 .text.NVIC_ClearPendingIRQ
                0x00004244       0x2c ./emusb/em_usbtimer.o
 .text.INT_Disable
                0x00004270       0x28 ./emusb/em_usbtimer.o
 .text.INT_Enable
                0x00004298       0x38 ./emusb/em_usbtimer.o
 .text.TIMER_CaptureGet
                0x000042d0       0x20 ./emusb/em_usbtimer.o
 .text.TIMER_CompareSet
                0x000042f0       0x20 ./emusb/em_usbtimer.o
 .text.TIMER_CounterGet
                0x00004310       0x14 ./emusb/em_usbtimer.o
 .text.TIMER_IntClear
                0x00004324       0x18 ./emusb/em_usbtimer.o
 .text.TIMER_IntEnable
                0x0000433c       0x1c ./emusb/em_usbtimer.o
 .text.TIMER_IntGet
                0x00004358       0x14 ./emusb/em_usbtimer.o
 .text.TIMER_TopSet
                0x0000436c       0x18 ./emusb/em_usbtimer.o
 .text.TIMER0_IRQHandler
                0x00004384       0x54 ./emusb/em_usbtimer.o
                0x00004384                TIMER0_IRQHandler
 .text.DelayTicks
                0x000043d8       0x5c ./emusb/em_usbtimer.o
 *fill*         0x00004434        0x4 
 .text.USBTIMER_DelayMs
                0x00004438       0x80 ./emusb/em_usbtimer.o
                0x00004438                USBTIMER_DelayMs
 .text.USBTIMER_DelayUs
                0x000044b8      0x100 ./emusb/em_usbtimer.o
                0x000044b8                USBTIMER_DelayUs
 .text.USBTIMER_Init
                0x000045b8      0x1cc ./emusb/em_usbtimer.o
                0x000045b8                USBTIMER_Init
 .text.USBTIMER_Start
                0x00004784      0x138 ./emusb/em_usbtimer.o
                0x00004784                USBTIMER_Start
 .text.USBTIMER_Stop
                0x000048bc       0x8c ./emusb/em_usbtimer.o
                0x000048bc                USBTIMER_Stop
 .text.TimerTick
                0x00004948       0x68 ./emusb/em_usbtimer.o
 .text.BUS_RegBitWrite
                0x000049b0       0x3c ./emlib/em_cmu.o
 .text.BUS_RegBitRead
                0x000049ec       0x20 ./emlib/em_cmu.o
 .text.CMU_DivToLog2
                0x00004a0c       0x44 ./emlib/em_cmu.o
 .text.CMU_Log2ToDiv
                0x00004a50       0x1c ./emlib/em_cmu.o
 .text.SYSTEM_GetProdRev
                0x00004a6c       0x18 ./emlib/em_cmu.o
 .text.auxClkGet
                0x00004a84       0xc0 ./emlib/em_cmu.o
 .text.dbgClkGet
                0x00004b44       0x5c ./emlib/em_cmu.o
 .text.flashWaitStateControl
                0x00004ba0       0x7c ./emlib/em_cmu.o
 .text.flashWaitStateMax
                0x00004c1c       0x14 ./emlib/em_cmu.o
 .text.lfClkGet
                0x00004c30      0x12c ./emlib/em_cmu.o
 .text.syncReg  0x00004d5c       0x2c ./emlib/em_cmu.o
 .text.usbCClkGet
                0x00004d88       0x58 ./emlib/em_cmu.o
 .text.CMU_ClockDivGet
                0x00004de0      0x10c ./emlib/em_cmu.o
                0x00004de0                CMU_ClockDivGet
 .text.CMU_ClockDivSet
                0x00004eec      0x1f0 ./emlib/em_cmu.o
                0x00004eec                CMU_ClockDivSet
 .text.CMU_ClockEnable
                0x000050dc       0xc4 ./emlib/em_cmu.o
                0x000050dc                CMU_ClockEnable
 .text.CMU_ClockFreqGet
                0x000051a0      0x160 ./emlib/em_cmu.o
                0x000051a0                CMU_ClockFreqGet
 .text.CMU_ClockSelectGet
                0x00005300      0x1f0 ./emlib/em_cmu.o
                0x00005300                CMU_ClockSelectGet
 .text.CMU_ClockSelectSet
                0x000054f0      0x2a0 ./emlib/em_cmu.o
                0x000054f0                CMU_ClockSelectSet
 .text.CMU_OscillatorEnable
                0x00005790       0xe0 ./emlib/em_cmu.o
                0x00005790                CMU_OscillatorEnable
 .text.DMA_Prepare
                0x00005870      0x11c ./emlib/em_dma.o
 .text.DMA_IRQHandler
                0x0000598c       0xf4 ./emlib/em_dma.o
                0x0000598c                DMA_IRQHandler
 .text.DMA_ActivateBasic
                0x00005a80       0x84 ./emlib/em_dma.o
                0x00005a80                DMA_ActivateBasic
 .text.EMU_UpdateOscConfig
                0x00005b04       0x18 ./emlib/em_emu.o
                0x00005b04                EMU_UpdateOscConfig
 .text.GPIO_PinOutClear
                0x00005b1c       0xb0 ./emlib/em_gpio.o
 .text.GPIO_PinOutSet
                0x00005bcc       0xb0 ./emlib/em_gpio.o
 .text.GPIO_PinModeSet
                0x00005c7c      0x1b4 ./emlib/em_gpio.o
                0x00005c7c                GPIO_PinModeSet
 .text.PRS_SourceAsyncSignalSet
                0x00005e30       0x4c ./emlib/em_prs.o
                0x00005e30                PRS_SourceAsyncSignalSet
 .text.BUS_RegBitWrite
                0x00005e7c       0x3c ./emlib/em_rtc.o
 .text.RTC_CompareSet
                0x00005eb8       0x54 ./emlib/em_rtc.o
                0x00005eb8                RTC_CompareSet
 .text.RTC_Enable
                0x00005f0c       0x28 ./emlib/em_rtc.o
                0x00005f0c                RTC_Enable
 .text.RTC_FreezeEnable
                0x00005f34       0x2c ./emlib/em_rtc.o
                0x00005f34                RTC_FreezeEnable
 .text.RTC_Init
                0x00005f60       0x4c ./emlib/em_rtc.o
                0x00005f60                RTC_Init
 .text.RTC_CounterReset
                0x00005fac       0x14 ./emlib/em_rtc.o
                0x00005fac                RTC_CounterReset
 .text.SYSTEM_ChipRevisionGet
                0x00005fc0       0xa4 ./emlib/em_system.o
                0x00005fc0                SYSTEM_ChipRevisionGet
 .text.TIMER_Init
                0x00006064      0x108 ./emlib/em_timer.o
                0x00006064                TIMER_Init
 .text.TIMER_InitCC
                0x0000616c       0xd8 ./emlib/em_timer.o
                0x0000616c                TIMER_InitCC
 .text.BUS_RegMaskedWrite
                0x00006244       0x24 ./emlib/em_usart.o
 .text.USART_BaudrateAsyncSet
                0x00006268      0x150 ./emlib/em_usart.o
                0x00006268                USART_BaudrateAsyncSet
 .text.USART_BaudrateSyncSet
                0x000063b8       0xb4 ./emlib/em_usart.o
                0x000063b8                USART_BaudrateSyncSet
 .text.USART_InitSync
                0x0000646c       0xd8 ./emlib/em_usart.o
                0x0000646c                USART_InitSync
 .text.USART_Reset
                0x00006544       0xa8 ./emlib/em_usart.o
                0x00006544                USART_Reset
 .text.USART_Tx
                0x000065ec       0x28 ./emlib/em_usart.o
                0x000065ec                USART_Tx
 .text.USART_TxDouble
                0x00006614       0x28 ./emlib/em_usart.o
                0x00006614                USART_TxDouble
 .text.INT_Disable
                0x0000663c       0x28 ./Drivers/cdc.o
 .text.INT_Enable
                0x00006664       0x38 ./Drivers/cdc.o
 .text.CDC_SetupCmd
                0x0000669c      0x124 ./Drivers/cdc.o
                0x0000669c                CDC_SetupCmd
 .text.CDC_StateChangeEvent
                0x000067c0      0x128 ./Drivers/cdc.o
                0x000067c0                CDC_StateChangeEvent
 .text.UsbDataReceived
                0x000068e8       0xb0 ./Drivers/cdc.o
 .text.UsbDataTransmitted
                0x00006998       0xe8 ./Drivers/cdc.o
 .text.DmaRxComplete
                0x00006a80      0x11c ./Drivers/cdc.o
 .text.UartRxTimeout
                0x00006b9c       0xcc ./Drivers/cdc.o
 .text.LineCodingReceived
                0x00006c68      0x150 ./Drivers/cdc.o
 .text.DISPLAY_Init
                0x00006db8       0x54 ./Drivers/display.o
                0x00006db8                DISPLAY_Init
 .text.DISPLAY_DeviceGet
                0x00006e0c       0x60 ./Drivers/display.o
                0x00006e0c                DISPLAY_DeviceGet
 .text.DISPLAY_DeviceRegister
                0x00006e6c       0x6c ./Drivers/display.o
                0x00006e6c                DISPLAY_DeviceRegister
 .text.DISPLAY_Ls013b7dh03Init
                0x00006ed8       0xf8 ./Drivers/displayls013b7dh03.o
                0x00006ed8                DISPLAY_Ls013b7dh03Init
 .text.DriverRefresh
                0x00006fd0       0x20 ./Drivers/displayls013b7dh03.o
 .text.DisplayEnable
                0x00006ff0       0x34 ./Drivers/displayls013b7dh03.o
 .text.DisplayClear
                0x00007024       0x4c ./Drivers/displayls013b7dh03.o
 .text.PixelMatrixAllocate
                0x00007070       0x68 ./Drivers/displayls013b7dh03.o
 .text.PixelMatrixFree
                0x000070d8       0x18 ./Drivers/displayls013b7dh03.o
 .text.PixelMatrixClear
                0x000070f0       0x44 ./Drivers/displayls013b7dh03.o
 .text.PixelMatrixDraw
                0x00007134       0xc4 ./Drivers/displayls013b7dh03.o
 .text.GPIO_PinOutClear
                0x000071f8       0xb0 ./Drivers/displaypalemlib.o
 .text.GPIO_PinOutSet
                0x000072a8       0xb0 ./Drivers/displaypalemlib.o
 .text.PAL_SpiInit
                0x00007358       0x54 ./Drivers/displaypalemlib.o
                0x00007358                PAL_SpiInit
 .text.PAL_SpiTransmit
                0x000073ac       0x74 ./Drivers/displaypalemlib.o
                0x000073ac                PAL_SpiTransmit
 .text.PAL_TimerInit
                0x00007420       0x18 ./Drivers/displaypalemlib.o
                0x00007420                PAL_TimerInit
 .text.PAL_TimerMicroSecondsDelay
                0x00007438       0x20 ./Drivers/displaypalemlib.o
                0x00007438                PAL_TimerMicroSecondsDelay
 .text.PAL_GpioInit
                0x00007458       0x24 ./Drivers/displaypalemlib.o
                0x00007458                PAL_GpioInit
 .text.PAL_GpioPinModeSet
                0x0000747c       0x4c ./Drivers/displaypalemlib.o
                0x0000747c                PAL_GpioPinModeSet
 .text.PAL_GpioPinOutSet
                0x000074c8       0x28 ./Drivers/displaypalemlib.o
                0x000074c8                PAL_GpioPinOutSet
 .text.PAL_GpioPinOutClear
                0x000074f0       0x28 ./Drivers/displaypalemlib.o
                0x000074f0                PAL_GpioPinOutClear
 .text.PAL_GpioPinAutoToggle
                0x00007518       0x80 ./Drivers/displaypalemlib.o
                0x00007518                PAL_GpioPinAutoToggle
 .text.palClockSetup
                0x00007598       0x28 ./Drivers/displaypalemlib.o
 .text.rtcSetup
                0x000075c0       0x9c ./Drivers/displaypalemlib.o
 .text.NVIC_ClearPendingIRQ
                0x0000765c       0x2c ./Drivers/udelay.o
 .text.INT_Disable
                0x00007688       0x28 ./Drivers/udelay.o
 .text.INT_Enable
                0x000076b0       0x38 ./Drivers/udelay.o
 .text.RTC_CounterGet
                0x000076e8       0x14 ./Drivers/udelay.o
 .text.UDELAY_Calibrate
                0x000076fc      0x1f4 ./Drivers/udelay.o
                0x000076fc                UDELAY_Calibrate
 .text.UDELAY_Delay
                0x000078f0       0x34 ./Drivers/udelay.o
                0x000078f0                UDELAY_Delay
 .text.calibrate_delay
                0x00007924       0xdc ./Drivers/udelay.o
 .text.clock    0x00007a00       0x10 ./Drivers/udelay.o
 .text._delay   0x00007a10       0x14 ./Drivers/udelay.o
 .text          0x00007a24       0x30 ./CMSIS/efm32hg/startup_gcc_efm32hg.o
                0x00007a24                Reset_Handler
                0x00007a50                TIMER2_IRQHandler
                0x00007a50                USART0_TX_IRQHandler
                0x00007a50                I2C0_IRQHandler
                0x00007a50                HardFault_Handler
                0x00007a50                SysTick_Handler
                0x00007a50                USART1_RX_IRQHandler
                0x00007a50                PendSV_Handler
                0x00007a50                NMI_Handler
                0x00007a50                USART1_TX_IRQHandler
                0x00007a50                MSC_IRQHandler
                0x00007a50                ADC0_IRQHandler
                0x00007a50                LEUART0_IRQHandler
                0x00007a50                GPIO_EVEN_IRQHandler
                0x00007a50                RTC_IRQHandler
                0x00007a50                TIMER1_IRQHandler
                0x00007a50                Default_Handler
                0x00007a50                PCNT0_IRQHandler
                0x00007a50                ACMP0_IRQHandler
                0x00007a50                USART0_RX_IRQHandler
                0x00007a50                SVC_Handler
                0x00007a50                CMU_IRQHandler
                0x00007a50                GPIO_ODD_IRQHandler
                0x00007a50                AES_IRQHandler
                0x00007a50                VCMP_IRQHandler
 .text.SystemCoreClockGet
                0x00007a54       0x3c ./CMSIS/efm32hg/system_efm32hg.o
                0x00007a54                SystemCoreClockGet
 .text.SystemMaxCoreClockGet
                0x00007a90       0x10 ./CMSIS/efm32hg/system_efm32hg.o
                0x00007a90                SystemMaxCoreClockGet
 .text.SystemHFClockGet
                0x00007aa0      0x100 ./CMSIS/efm32hg/system_efm32hg.o
                0x00007aa0                SystemHFClockGet
 .text.SystemInit
                0x00007ba0        0x8 ./CMSIS/efm32hg/system_efm32hg.o
                0x00007ba0                SystemInit
 .text.SystemLFRCOClockGet
                0x00007ba8       0x10 ./CMSIS/efm32hg/system_efm32hg.o
                0x00007ba8                SystemLFRCOClockGet
 .text.SystemULFRCOClockGet
                0x00007bb8       0x10 ./CMSIS/efm32hg/system_efm32hg.o
                0x00007bb8                SystemULFRCOClockGet
 .text.SystemLFXOClockGet
                0x00007bc8       0x14 ./CMSIS/efm32hg/system_efm32hg.o
                0x00007bc8                SystemLFXOClockGet
 .text          0x00007bdc       0x9c /home/iliya/work/SL/SimplicityStudio/SimplicityStudio_v3/developer/toolchains/gnu_arm/4.8_2013q4/bin/../lib/gcc/arm-none-eabi/4.8.3/armv6-m/libgcc.a(_udivsi3.o)
                0x00007bdc                __udivsi3
                0x00007bdc                __aeabi_uidiv
                0x00007c64                __aeabi_uidivmod
 .text          0x00007c78       0xc0 /home/iliya/work/SL/SimplicityStudio/SimplicityStudio_v3/developer/toolchains/gnu_arm/4.8_2013q4/bin/../lib/gcc/arm-none-eabi/4.8.3/armv6-m/libgcc.a(_divsi3.o)
                0x00007c78                __aeabi_idiv
                0x00007c78                __divsi3
                0x00007d24                __aeabi_idivmod
 .text          0x00007d38        0x4 /home/iliya/work/SL/SimplicityStudio/SimplicityStudio_v3/developer/toolchains/gnu_arm/4.8_2013q4/bin/../lib/gcc/arm-none-eabi/4.8.3/armv6-m/libgcc.a(_dvmd_tls.o)
                0x00007d38                __aeabi_ldiv0
                0x00007d38                __aeabi_idiv0
 .text          0x00007d3c       0x3c /home/iliya/work/SL/SimplicityStudio/SimplicityStudio_v3/developer/toolchains/gnu_arm/4.8_2013q4/bin/../lib/gcc/arm-none-eabi/4.8.3/armv6-m/libgcc.a(_clzsi2.o)
                0x00007d3c                __clzsi2
 .text          0x00007d78       0x44 /home/iliya/work/SL/SimplicityStudio/SimplicityStudio_v3/developer/toolchains/gnu_arm/4.8_2013q4/bin/../lib/gcc/arm-none-eabi/4.8.3/armv6-m/libgcc.a(_muldi3.o)
                0x00007d78                __aeabi_lmul
                0x00007d78                __muldi3
 .text.exit     0x00007dbc       0x2c /home/iliya/work/SL/SimplicityStudio/SimplicityStudio_v3/developer/toolchains/gnu_arm/4.8_2013q4/bin/../lib/gcc/arm-none-eabi/4.8.3/../../../../arm-none-eabi/lib/armv6-m/libc_s.a(lib_a-exit.o)
                0x00007dbc                exit
 .text.__libc_init_array
                0x00007de8       0x4c /home/iliya/work/SL/SimplicityStudio/SimplicityStudio_v3/developer/toolchains/gnu_arm/4.8_2013q4/bin/../lib/gcc/arm-none-eabi/4.8.3/../../../../arm-none-eabi/lib/armv6-m/libc_s.a(lib_a-init.o)
                0x00007de8                __libc_init_array
 .text.malloc   0x00007e34       0x14 /home/iliya/work/SL/SimplicityStudio/SimplicityStudio_v3/developer/toolchains/gnu_arm/4.8_2013q4/bin/../lib/gcc/arm-none-eabi/4.8.3/../../../../arm-none-eabi/lib/armv6-m/libc_s.a(lib_a-malloc.o)
                0x00007e34                malloc
 .text.free     0x00007e48       0x14 /home/iliya/work/SL/SimplicityStudio/SimplicityStudio_v3/developer/toolchains/gnu_arm/4.8_2013q4/bin/../lib/gcc/arm-none-eabi/4.8.3/../../../../arm-none-eabi/lib/armv6-m/libc_s.a(lib_a-malloc.o)
                0x00007e48                free
 .text.memcpy   0x00007e5c       0x12 /home/iliya/work/SL/SimplicityStudio/SimplicityStudio_v3/developer/toolchains/gnu_arm/4.8_2013q4/bin/../lib/gcc/arm-none-eabi/4.8.3/../../../../arm-none-eabi/lib/armv6-m/libc_s.a(lib_a-memcpy-stub.o)
                0x00007e5c                memcpy
 .text.memset   0x00007e6e       0x10 /home/iliya/work/SL/SimplicityStudio/SimplicityStudio_v3/developer/toolchains/gnu_arm/4.8_2013q4/bin/../lib/gcc/arm-none-eabi/4.8.3/../../../../arm-none-eabi/lib/armv6-m/libc_s.a(lib_a-memset.o)
                0x00007e6e                memset
 *fill*         0x00007e7e        0x2 
 .text._free_r  0x00007e80       0x90 /home/iliya/work/SL/SimplicityStudio/SimplicityStudio_v3/developer/toolchains/gnu_arm/4.8_2013q4/bin/../lib/gcc/arm-none-eabi/4.8.3/../../../../arm-none-eabi/lib/armv6-m/libc_s.a(lib_a-nano-freer.o)
                0x00007e80                _free_r
 .text._malloc_r
                0x00007f10       0xa8 /home/iliya/work/SL/SimplicityStudio/SimplicityStudio_v3/developer/toolchains/gnu_arm/4.8_2013q4/bin/../lib/gcc/arm-none-eabi/4.8.3/../../../../arm-none-eabi/lib/armv6-m/libc_s.a(lib_a-nano-mallocr.o)
                0x00007f10                _malloc_r
 .text._perror_r
                0x00007fb8       0x54 /home/iliya/work/SL/SimplicityStudio/SimplicityStudio_v3/developer/toolchains/gnu_arm/4.8_2013q4/bin/../lib/gcc/arm-none-eabi/4.8.3/../../../../arm-none-eabi/lib/armv6-m/libc_s.a(lib_a-perror.o)
                0x00007fb8                _perror_r
 .text.perror   0x0000800c       0x14 /home/iliya/work/SL/SimplicityStudio/SimplicityStudio_v3/developer/toolchains/gnu_arm/4.8_2013q4/bin/../lib/gcc/arm-none-eabi/4.8.3/../../../../arm-none-eabi/lib/armv6-m/libc_s.a(lib_a-perror.o)
                0x0000800c                perror
 .text._sbrk_r  0x00008020       0x24 /home/iliya/work/SL/SimplicityStudio/SimplicityStudio_v3/developer/toolchains/gnu_arm/4.8_2013q4/bin/../lib/gcc/arm-none-eabi/4.8.3/../../../../arm-none-eabi/lib/armv6-m/libc_s.a(lib_a-sbrkr.o)
                0x00008020                _sbrk_r
 .text.sprintf  0x00008044       0x44 /home/iliya/work/SL/SimplicityStudio/SimplicityStudio_v3/developer/toolchains/gnu_arm/4.8_2013q4/bin/../lib/gcc/arm-none-eabi/4.8.3/../../../../arm-none-eabi/lib/armv6-m/libc_s.a(lib_a-sprintf.o)
                0x00008044                sprintf
                0x00008044                siprintf
 .text.strcat   0x00008088       0x1a /home/iliya/work/SL/SimplicityStudio/SimplicityStudio_v3/developer/toolchains/gnu_arm/4.8_2013q4/bin/../lib/gcc/arm-none-eabi/4.8.3/../../../../arm-none-eabi/lib/armv6-m/libc_s.a(lib_a-strcat.o)
                0x00008088                strcat
 .text.strcpy   0x000080a2       0x10 /home/iliya/work/SL/SimplicityStudio/SimplicityStudio_v3/developer/toolchains/gnu_arm/4.8_2013q4/bin/../lib/gcc/arm-none-eabi/4.8.3/../../../../arm-none-eabi/lib/armv6-m/libc_s.a(lib_a-strcpy.o)
                0x000080a2                strcpy
 *fill*         0x000080b2        0x2 
 .text._strerror_r
                0x000080b4      0x30c /home/iliya/work/SL/SimplicityStudio/SimplicityStudio_v3/developer/toolchains/gnu_arm/4.8_2013q4/bin/../lib/gcc/arm-none-eabi/4.8.3/../../../../arm-none-eabi/lib/armv6-m/libc_s.a(lib_a-strerror.o)
                0x000080b4                _strerror_r
 .text.strlen   0x000083c0        0xe /home/iliya/work/SL/SimplicityStudio/SimplicityStudio_v3/developer/toolchains/gnu_arm/4.8_2013q4/bin/../lib/gcc/arm-none-eabi/4.8.3/../../../../arm-none-eabi/lib/armv6-m/libc_s.a(lib_a-strlen.o)
                0x000083c0                strlen
 *fill*         0x000083ce        0x2 
 .text.__ssputs_r
                0x000083d0       0xc0 /home/iliya/work/SL/SimplicityStudio/SimplicityStudio_v3/developer/toolchains/gnu_arm/4.8_2013q4/bin/../lib/gcc/arm-none-eabi/4.8.3/../../../../arm-none-eabi/lib/armv6-m/libc_s.a(lib_a-svfprintf.o)
                0x000083d0                __ssputs_r
 .text._svfprintf_r
                0x00008490      0x1e0 /home/iliya/work/SL/SimplicityStudio/SimplicityStudio_v3/developer/toolchains/gnu_arm/4.8_2013q4/bin/../lib/gcc/arm-none-eabi/4.8.3/../../../../arm-none-eabi/lib/armv6-m/libc_s.a(lib_a-svfprintf.o)
                0x00008490                _svfprintf_r
                0x00008490                _svfiprintf_r
 .text._user_strerror
                0x00008670        0x4 /home/iliya/work/SL/SimplicityStudio/SimplicityStudio_v3/developer/toolchains/gnu_arm/4.8_2013q4/bin/../lib/gcc/arm-none-eabi/4.8.3/../../../../arm-none-eabi/lib/armv6-m/libc_s.a(lib_a-u_strerr.o)
                0x00008670                _user_strerror
 .text._printf_common
                0x00008674       0xe8 /home/iliya/work/SL/SimplicityStudio/SimplicityStudio_v3/developer/toolchains/gnu_arm/4.8_2013q4/bin/../lib/gcc/arm-none-eabi/4.8.3/../../../../arm-none-eabi/lib/armv6-m/libc_s.a(lib_a-vfprintf_i.o)
                0x00008674                _printf_common
 .text._printf_i
                0x0000875c      0x22c /home/iliya/work/SL/SimplicityStudio/SimplicityStudio_v3/developer/toolchains/gnu_arm/4.8_2013q4/bin/../lib/gcc/arm-none-eabi/4.8.3/../../../../arm-none-eabi/lib/armv6-m/libc_s.a(lib_a-vfprintf_i.o)
                0x0000875c                _printf_i
 .text._cleanup_r
                0x00008988       0x34 /home/iliya/work/SL/SimplicityStudio/SimplicityStudio_v3/developer/toolchains/gnu_arm/4.8_2013q4/bin/../lib/gcc/arm-none-eabi/4.8.3/../../../../arm-none-eabi/lib/armv6-m/libc_s.a(lib_a-findfp.o)
                0x00008988                _cleanup_r
 .text.std.isra.0
                0x000089bc       0x48 /home/iliya/work/SL/SimplicityStudio/SimplicityStudio_v3/developer/toolchains/gnu_arm/4.8_2013q4/bin/../lib/gcc/arm-none-eabi/4.8.3/../../../../arm-none-eabi/lib/armv6-m/libc_s.a(lib_a-findfp.o)
 .text.__sfmoreglue
                0x00008a04       0x2c /home/iliya/work/SL/SimplicityStudio/SimplicityStudio_v3/developer/toolchains/gnu_arm/4.8_2013q4/bin/../lib/gcc/arm-none-eabi/4.8.3/../../../../arm-none-eabi/lib/armv6-m/libc_s.a(lib_a-findfp.o)
                0x00008a04                __sfmoreglue
 .text.__sinit  0x00008a30       0x64 /home/iliya/work/SL/SimplicityStudio/SimplicityStudio_v3/developer/toolchains/gnu_arm/4.8_2013q4/bin/../lib/gcc/arm-none-eabi/4.8.3/../../../../arm-none-eabi/lib/armv6-m/libc_s.a(lib_a-findfp.o)
                0x00008a30                __sinit
 .text.__sfp    0x00008a94       0x7c /home/iliya/work/SL/SimplicityStudio/SimplicityStudio_v3/developer/toolchains/gnu_arm/4.8_2013q4/bin/../lib/gcc/arm-none-eabi/4.8.3/../../../../arm-none-eabi/lib/armv6-m/libc_s.a(lib_a-findfp.o)
                0x00008a94                __sfp
 .text._fputc_r
                0x00008b10       0x4c /home/iliya/work/SL/SimplicityStudio/SimplicityStudio_v3/developer/toolchains/gnu_arm/4.8_2013q4/bin/../lib/gcc/arm-none-eabi/4.8.3/../../../../arm-none-eabi/lib/armv6-m/libc_s.a(lib_a-fputc.o)
                0x00008b10                _fputc_r
 .text.fputc    0x00008b5c       0x18 /home/iliya/work/SL/SimplicityStudio/SimplicityStudio_v3/developer/toolchains/gnu_arm/4.8_2013q4/bin/../lib/gcc/arm-none-eabi/4.8.3/../../../../arm-none-eabi/lib/armv6-m/libc_s.a(lib_a-fputc.o)
                0x00008b5c                fputc
 .text._fputs_r
                0x00008b74       0xa8 /home/iliya/work/SL/SimplicityStudio/SimplicityStudio_v3/developer/toolchains/gnu_arm/4.8_2013q4/bin/../lib/gcc/arm-none-eabi/4.8.3/../../../../arm-none-eabi/lib/armv6-m/libc_s.a(lib_a-fputs.o)
                0x00008b74                _fputs_r
 .text.fputs    0x00008c1c       0x18 /home/iliya/work/SL/SimplicityStudio/SimplicityStudio_v3/developer/toolchains/gnu_arm/4.8_2013q4/bin/../lib/gcc/arm-none-eabi/4.8.3/../../../../arm-none-eabi/lib/armv6-m/libc_s.a(lib_a-fputs.o)
                0x00008c1c                fputs
 .text.memchr   0x00008c34       0x16 /home/iliya/work/SL/SimplicityStudio/SimplicityStudio_v3/developer/toolchains/gnu_arm/4.8_2013q4/bin/../lib/gcc/arm-none-eabi/4.8.3/../../../../arm-none-eabi/lib/armv6-m/libc_s.a(lib_a-memchr-stub.o)
                0x00008c34                memchr
 .text.memmove  0x00008c4a       0x32 /home/iliya/work/SL/SimplicityStudio/SimplicityStudio_v3/developer/toolchains/gnu_arm/4.8_2013q4/bin/../lib/gcc/arm-none-eabi/4.8.3/../../../../arm-none-eabi/lib/armv6-m/libc_s.a(lib_a-memmove.o)
                0x00008c4a                memmove
 .text._realloc_r
                0x00008c7c       0x4c /home/iliya/work/SL/SimplicityStudio/SimplicityStudio_v3/developer/toolchains/gnu_arm/4.8_2013q4/bin/../lib/gcc/arm-none-eabi/4.8.3/../../../../arm-none-eabi/lib/armv6-m/libc_s.a(lib_a-nano-reallocr.o)
                0x00008c7c                _realloc_r
 .text._putc_r  0x00008cc8       0x78 /home/iliya/work/SL/SimplicityStudio/SimplicityStudio_v3/developer/toolchains/gnu_arm/4.8_2013q4/bin/../lib/gcc/arm-none-eabi/4.8.3/../../../../arm-none-eabi/lib/armv6-m/libc_s.a(lib_a-putc.o)
                0x00008cc8                _putc_r
 .text.__sread  0x00008d40       0x28 /home/iliya/work/SL/SimplicityStudio/SimplicityStudio_v3/developer/toolchains/gnu_arm/4.8_2013q4/bin/../lib/gcc/arm-none-eabi/4.8.3/../../../../arm-none-eabi/lib/armv6-m/libc_s.a(lib_a-stdio.o)
                0x00008d40                __sread
 .text.__swrite
                0x00008d68       0x38 /home/iliya/work/SL/SimplicityStudio/SimplicityStudio_v3/developer/toolchains/gnu_arm/4.8_2013q4/bin/../lib/gcc/arm-none-eabi/4.8.3/../../../../arm-none-eabi/lib/armv6-m/libc_s.a(lib_a-stdio.o)
                0x00008d68                __swrite
 .text.__sseek  0x00008da0       0x2c /home/iliya/work/SL/SimplicityStudio/SimplicityStudio_v3/developer/toolchains/gnu_arm/4.8_2013q4/bin/../lib/gcc/arm-none-eabi/4.8.3/../../../../arm-none-eabi/lib/armv6-m/libc_s.a(lib_a-stdio.o)
                0x00008da0                __sseek
 .text.__sclose
                0x00008dcc        0xc /home/iliya/work/SL/SimplicityStudio/SimplicityStudio_v3/developer/toolchains/gnu_arm/4.8_2013q4/bin/../lib/gcc/arm-none-eabi/4.8.3/../../../../arm-none-eabi/lib/armv6-m/libc_s.a(lib_a-stdio.o)
                0x00008dcc                __sclose
 .text.__swbuf_r
                0x00008dd8       0xb0 /home/iliya/work/SL/SimplicityStudio/SimplicityStudio_v3/developer/toolchains/gnu_arm/4.8_2013q4/bin/../lib/gcc/arm-none-eabi/4.8.3/../../../../arm-none-eabi/lib/armv6-m/libc_s.a(lib_a-wbuf.o)
                0x00008dd8                __swbuf_r
 .text._write_r
                0x00008e88       0x28 /home/iliya/work/SL/SimplicityStudio/SimplicityStudio_v3/developer/toolchains/gnu_arm/4.8_2013q4/bin/../lib/gcc/arm-none-eabi/4.8.3/../../../../arm-none-eabi/lib/armv6-m/libc_s.a(lib_a-writer.o)
                0x00008e88                _write_r
 .text.__swsetup_r
                0x00008eb0       0xe4 /home/iliya/work/SL/SimplicityStudio/SimplicityStudio_v3/developer/toolchains/gnu_arm/4.8_2013q4/bin/../lib/gcc/arm-none-eabi/4.8.3/../../../../arm-none-eabi/lib/armv6-m/libc_s.a(lib_a-wsetup.o)
                0x00008eb0                __swsetup_r
 .text._close_r
                0x00008f94       0x24 /home/iliya/work/SL/SimplicityStudio/SimplicityStudio_v3/developer/toolchains/gnu_arm/4.8_2013q4/bin/../lib/gcc/arm-none-eabi/4.8.3/../../../../arm-none-eabi/lib/armv6-m/libc_s.a(lib_a-closer.o)
                0x00008f94                _close_r
 .text.__sflush_r
                0x00008fb8      0x112 /home/iliya/work/SL/SimplicityStudio/SimplicityStudio_v3/developer/toolchains/gnu_arm/4.8_2013q4/bin/../lib/gcc/arm-none-eabi/4.8.3/../../../../arm-none-eabi/lib/armv6-m/libc_s.a(lib_a-fflush.o)
                0x00008fb8                __sflush_r
 *fill*         0x000090ca        0x2 
 .text._fflush_r
                0x000090cc       0x58 /home/iliya/work/SL/SimplicityStudio/SimplicityStudio_v3/developer/toolchains/gnu_arm/4.8_2013q4/bin/../lib/gcc/arm-none-eabi/4.8.3/../../../../arm-none-eabi/lib/armv6-m/libc_s.a(lib_a-fflush.o)
                0x000090cc                _fflush_r
 .text._lseek_r
                0x00009124       0x28 /home/iliya/work/SL/SimplicityStudio/SimplicityStudio_v3/developer/toolchains/gnu_arm/4.8_2013q4/bin/../lib/gcc/arm-none-eabi/4.8.3/../../../../arm-none-eabi/lib/armv6-m/libc_s.a(lib_a-lseekr.o)
                0x00009124                _lseek_r
 .text.__smakebuf_r
                0x0000914c       0xa0 /home/iliya/work/SL/SimplicityStudio/SimplicityStudio_v3/developer/toolchains/gnu_arm/4.8_2013q4/bin/../lib/gcc/arm-none-eabi/4.8.3/../../../../arm-none-eabi/lib/armv6-m/libc_s.a(lib_a-makebuf.o)
                0x0000914c                __smakebuf_r
 .text._malloc_usable_size_r
                0x000091ec       0x12 /home/iliya/work/SL/SimplicityStudio/SimplicityStudio_v3/developer/toolchains/gnu_arm/4.8_2013q4/bin/../lib/gcc/arm-none-eabi/4.8.3/../../../../arm-none-eabi/lib/armv6-m/libc_s.a(lib_a-nano-msizer.o)
                0x000091ec                _malloc_usable_size_r
 *fill*         0x000091fe        0x2 
 .text._read_r  0x00009200       0x28 /home/iliya/work/SL/SimplicityStudio/SimplicityStudio_v3/developer/toolchains/gnu_arm/4.8_2013q4/bin/../lib/gcc/arm-none-eabi/4.8.3/../../../../arm-none-eabi/lib/armv6-m/libc_s.a(lib_a-readr.o)
                0x00009200                _read_r
 .text._fstat_r
                0x00009228       0x24 /home/iliya/work/SL/SimplicityStudio/SimplicityStudio_v3/developer/toolchains/gnu_arm/4.8_2013q4/bin/../lib/gcc/arm-none-eabi/4.8.3/../../../../arm-none-eabi/lib/armv6-m/libc_s.a(lib_a-fstatr.o)
                0x00009228                _fstat_r
 .text._isatty_r
                0x0000924c       0x24 /home/iliya/work/SL/SimplicityStudio/SimplicityStudio_v3/developer/toolchains/gnu_arm/4.8_2013q4/bin/../lib/gcc/arm-none-eabi/4.8.3/../../../../arm-none-eabi/lib/armv6-m/libc_s.a(lib_a-isattyr.o)
                0x0000924c                _isatty_r
 .text._close   0x00009270       0x10 /home/iliya/work/SL/SimplicityStudio/SimplicityStudio_v3/developer/toolchains/gnu_arm/4.8_2013q4/bin/../lib/gcc/arm-none-eabi/4.8.3/../../../../arm-none-eabi/lib/armv6-m/libnosys.a(close.o)
                0x00009270                _close
 .text._fstat   0x00009280       0x10 /home/iliya/work/SL/SimplicityStudio/SimplicityStudio_v3/developer/toolchains/gnu_arm/4.8_2013q4/bin/../lib/gcc/arm-none-eabi/4.8.3/../../../../arm-none-eabi/lib/armv6-m/libnosys.a(fstat.o)
                0x00009280                _fstat
 .text._isatty  0x00009290       0x10 /home/iliya/work/SL/SimplicityStudio/SimplicityStudio_v3/developer/toolchains/gnu_arm/4.8_2013q4/bin/../lib/gcc/arm-none-eabi/4.8.3/../../../../arm-none-eabi/lib/armv6-m/libnosys.a(isatty.o)
                0x00009290                _isatty
 .text._lseek   0x000092a0       0x10 /home/iliya/work/SL/SimplicityStudio/SimplicityStudio_v3/developer/toolchains/gnu_arm/4.8_2013q4/bin/../lib/gcc/arm-none-eabi/4.8.3/../../../../arm-none-eabi/lib/armv6-m/libnosys.a(lseek.o)
                0x000092a0                _lseek
 .text._read    0x000092b0       0x10 /home/iliya/work/SL/SimplicityStudio/SimplicityStudio_v3/developer/toolchains/gnu_arm/4.8_2013q4/bin/../lib/gcc/arm-none-eabi/4.8.3/../../../../arm-none-eabi/lib/armv6-m/libnosys.a(read.o)
                0x000092b0                _read
 .text._sbrk    0x000092c0       0x34 /home/iliya/work/SL/SimplicityStudio/SimplicityStudio_v3/developer/toolchains/gnu_arm/4.8_2013q4/bin/../lib/gcc/arm-none-eabi/4.8.3/../../../../arm-none-eabi/lib/armv6-m/libnosys.a(sbrk.o)
                0x000092c0                _sbrk
 .text._write   0x000092f4       0x10 /home/iliya/work/SL/SimplicityStudio/SimplicityStudio_v3/developer/toolchains/gnu_arm/4.8_2013q4/bin/../lib/gcc/arm-none-eabi/4.8.3/../../../../arm-none-eabi/lib/armv6-m/libnosys.a(write.o)
                0x000092f4                _write
 .text._exit    0x00009304        0x4 /home/iliya/work/SL/SimplicityStudio/SimplicityStudio_v3/developer/toolchains/gnu_arm/4.8_2013q4/bin/../lib/gcc/arm-none-eabi/4.8.3/../../../../arm-none-eabi/lib/armv6-m/libnosys.a(_exit.o)
                0x00009304                _exit
 .text          0x00009308       0x14 /home/iliya/work/SL/SimplicityStudio/SimplicityStudio_v3/developer/toolchains/gnu_arm/4.8_2013q4/bin/../lib/gcc/arm-none-eabi/4.8.3/armv6-m/libgcc.a(_thumb1_case_uqi.o)
                0x00009308                __gnu_thumb1_case_uqi
 *(.init)
 .init          0x0000931c        0x4 /home/iliya/work/SL/SimplicityStudio/SimplicityStudio_v3/developer/toolchains/gnu_arm/4.8_2013q4/bin/../lib/gcc/arm-none-eabi/4.8.3/armv6-m/crti.o
                0x0000931c                _init
 .init          0x00009320        0x8 /home/iliya/work/SL/SimplicityStudio/SimplicityStudio_v3/developer/toolchains/gnu_arm/4.8_2013q4/bin/../lib/gcc/arm-none-eabi/4.8.3/armv6-m/crtn.o
 *(.fini)
 .fini          0x00009328        0x4 /home/iliya/work/SL/SimplicityStudio/SimplicityStudio_v3/developer/toolchains/gnu_arm/4.8_2013q4/bin/../lib/gcc/arm-none-eabi/4.8.3/armv6-m/crti.o
                0x00009328                _fini
 .fini          0x0000932c        0x8 /home/iliya/work/SL/SimplicityStudio/SimplicityStudio_v3/developer/toolchains/gnu_arm/4.8_2013q4/bin/../lib/gcc/arm-none-eabi/4.8.3/armv6-m/crtn.o
 *crtbegin.o(.ctors)
 *crtbegin?.o(.ctors)
 *(EXCLUDE_FILE(*crtend.o *crtend?.o) .ctors)
 *(SORT(.ctors.*))
 *(.ctors)
 *crtbegin.o(.dtors)
 *crtbegin?.o(.dtors)
 *(EXCLUDE_FILE(*crtend.o *crtend?.o) .dtors)
 *(SORT(.dtors.*))
 *(.dtors)
 *(.rodata*)
 .rodata.USBDESC_deviceDesc
                0x00009334       0x14 ./src/descriptors.o
                0x00009334                USBDESC_deviceDesc
 .rodata.USBDESC_configDesc
                0x00009348       0x44 ./src/descriptors.o
                0x00009348                USBDESC_configDesc
 .rodata.langID
                0x0000938c        0x4 ./src/descriptors.o
 .rodata.iManufacturer
                0x00009390       0x38 ./src/descriptors.o
 .rodata.iProduct
                0x000093c8       0x5c ./src/descriptors.o
 .rodata.USBDESC_strings
                0x00009424        0xc ./src/descriptors.o
                0x00009424                USBDESC_strings
 .rodata.USBDESC_bufferingMultiplier
                0x00009430        0x4 ./src/descriptors.o
                0x00009430                USBDESC_bufferingMultiplier
 .rodata.usbConnectedImage
                0x00009434      0x800 ./src/main.o
 .rodata.usbDisconnectedImage
                0x00009c34      0x800 ./src/main.o
 .rodata.callbacks
                0x0000a434       0x14 ./src/main.o
 .rodata.usbInitStruct
                0x0000a448       0x1c ./src/main.o
 .rodata        0x0000a464       0x40 ./src/main.o
 .rodata        0x0000a4a4       0x9c ./src/usbdrv_hal.o
 .rodata        0x0000a540       0x74 ./emusb/em_usbd.o
 .rodata.USBDCH9_SetupCmd
                0x0000a5b4       0x30 ./emusb/em_usbdch9.o
 .rodata.USBDEP_Ep0Handler
                0x0000a5e4       0x14 ./emusb/em_usbdep.o
 .rodata        0x0000a5f8       0x18 ./emusb/em_usbdep.o
 .rodata        0x0000a610       0x78 ./emlib/em_cmu.o
 .rodata.CMU_ClockDivGet
                0x0000a688       0x20 ./emlib/em_cmu.o
 .rodata.CMU_ClockDivSet
                0x0000a6a8       0x20 ./emlib/em_cmu.o
 .rodata.CMU_ClockEnable
                0x0000a6c8       0x2c ./emlib/em_cmu.o
 .rodata.CMU_ClockSelectGet
                0x0000a6f4       0x20 ./emlib/em_cmu.o
 .rodata.CMU_ClockSelectSet
                0x0000a714       0x80 ./emlib/em_cmu.o
 .rodata.CMU_OscillatorEnable
                0x0000a794       0x18 ./emlib/em_cmu.o
 .rodata        0x0000a7ac       0x14 ./emlib/em_dma.o
 .rodata        0x0000a7c0       0x7c ./emlib/em_gpio.o
 .rodata        0x0000a83c       0x14 ./emlib/em_prs.o
 .rodata        0x0000a850       0x14 ./emlib/em_rtc.o
 .rodata        0x0000a864       0x18 ./emlib/em_system.o
 .rodata        0x0000a87c       0x7c ./emlib/em_timer.o
 .rodata        0x0000a8f8       0x14 ./emlib/em_usart.o
 .rodata        0x0000a90c       0x18 ./Drivers/displayls013b7dh03.o
 .rodata        0x0000a924       0x84 ./Drivers/displaypalemlib.o
 .rodata        0x0000a9a8        0x4 ./Drivers/udelay.o
 .rodata.str1.1
                0x0000a9ac        0x2 /home/iliya/work/SL/SimplicityStudio/SimplicityStudio_v3/developer/toolchains/gnu_arm/4.8_2013q4/bin/../lib/gcc/arm-none-eabi/4.8.3/../../../../arm-none-eabi/lib/armv6-m/libc_s.a(lib_a-impure.o)
 *fill*         0x0000a9ae        0x2 
 .rodata._global_impure_ptr
                0x0000a9b0        0x4 /home/iliya/work/SL/SimplicityStudio/SimplicityStudio_v3/developer/toolchains/gnu_arm/4.8_2013q4/bin/../lib/gcc/arm-none-eabi/4.8.3/../../../../arm-none-eabi/lib/armv6-m/libc_s.a(lib_a-impure.o)
                0x0000a9b0                _global_impure_ptr
 .rodata.str1.1
                0x0000a9b4        0x3 /home/iliya/work/SL/SimplicityStudio/SimplicityStudio_v3/developer/toolchains/gnu_arm/4.8_2013q4/bin/../lib/gcc/arm-none-eabi/4.8.3/../../../../arm-none-eabi/lib/armv6-m/libc_s.a(lib_a-perror.o)
 .rodata.str1.1
                0x0000a9b7      0x5d8 /home/iliya/work/SL/SimplicityStudio/SimplicityStudio_v3/developer/toolchains/gnu_arm/4.8_2013q4/bin/../lib/gcc/arm-none-eabi/4.8.3/../../../../arm-none-eabi/lib/armv6-m/libc_s.a(lib_a-strerror.o)
                                0x5d9 (size before relaxing)
 .rodata.str1.1
                0x0000af8f       0x11 /home/iliya/work/SL/SimplicityStudio/SimplicityStudio_v3/developer/toolchains/gnu_arm/4.8_2013q4/bin/../lib/gcc/arm-none-eabi/4.8.3/../../../../arm-none-eabi/lib/armv6-m/libc_s.a(lib_a-svfprintf.o)
 .rodata.str1.1
                0x0000afa0       0x22 /home/iliya/work/SL/SimplicityStudio/SimplicityStudio_v3/developer/toolchains/gnu_arm/4.8_2013q4/bin/../lib/gcc/arm-none-eabi/4.8.3/../../../../arm-none-eabi/lib/armv6-m/libc_s.a(lib_a-vfprintf_i.o)
 *fill*         0x0000afc2        0x2 
 .rodata.__sf_fake_stdin
                0x0000afc4       0x20 /home/iliya/work/SL/SimplicityStudio/SimplicityStudio_v3/developer/toolchains/gnu_arm/4.8_2013q4/bin/../lib/gcc/arm-none-eabi/4.8.3/../../../../arm-none-eabi/lib/armv6-m/libc_s.a(lib_a-findfp.o)
                0x0000afc4                __sf_fake_stdin
 .rodata.__sf_fake_stdout
                0x0000afe4       0x20 /home/iliya/work/SL/SimplicityStudio/SimplicityStudio_v3/developer/toolchains/gnu_arm/4.8_2013q4/bin/../lib/gcc/arm-none-eabi/4.8.3/../../../../arm-none-eabi/lib/armv6-m/libc_s.a(lib_a-findfp.o)
                0x0000afe4                __sf_fake_stdout
 .rodata.__sf_fake_stderr
                0x0000b004       0x20 /home/iliya/work/SL/SimplicityStudio/SimplicityStudio_v3/developer/toolchains/gnu_arm/4.8_2013q4/bin/../lib/gcc/arm-none-eabi/4.8.3/../../../../arm-none-eabi/lib/armv6-m/libc_s.a(lib_a-findfp.o)
                0x0000b004                __sf_fake_stderr
 *(.eh_frame*)
 .eh_frame      0x0000b024        0x0 /home/iliya/work/SL/SimplicityStudio/SimplicityStudio_v3/developer/toolchains/gnu_arm/4.8_2013q4/bin/../lib/gcc/arm-none-eabi/4.8.3/armv6-m/crtbegin.o
 .eh_frame      0x0000b024        0x4 /home/iliya/work/SL/SimplicityStudio/SimplicityStudio_v3/developer/toolchains/gnu_arm/4.8_2013q4/bin/../lib/gcc/arm-none-eabi/4.8.3/armv6-m/crtend.o

.glue_7         0x0000b028        0x0
 .glue_7        0x00000000        0x0 linker stubs

.glue_7t        0x0000b028        0x0
 .glue_7t       0x00000000        0x0 linker stubs

.vfp11_veneer   0x0000b028        0x0
 .vfp11_veneer  0x00000000        0x0 linker stubs

.v4_bx          0x0000b028        0x0
 .v4_bx         0x00000000        0x0 linker stubs

.iplt           0x0000b028        0x0
 .iplt          0x00000000        0x0 /home/iliya/work/SL/SimplicityStudio/SimplicityStudio_v3/developer/toolchains/gnu_arm/4.8_2013q4/bin/../lib/gcc/arm-none-eabi/4.8.3/armv6-m/crtbegin.o

.ARM.extab
 *(.ARM.extab* .gnu.linkonce.armextab.*)
                0x0000b028                __exidx_start = .

.ARM.exidx      0x0000b028        0x8
 *(.ARM.exidx* .gnu.linkonce.armexidx.*)
 .ARM.exidx     0x0000b028        0x8 /home/iliya/work/SL/SimplicityStudio/SimplicityStudio_v3/developer/toolchains/gnu_arm/4.8_2013q4/bin/../lib/gcc/arm-none-eabi/4.8.3/../../../../arm-none-eabi/lib/armv6-m/crt0.o
                0x0000b030                __exidx_end = .
                0x0000b030                __etext = .

.rel.dyn        0x0000b030        0x0
 .rel.iplt      0x00000000        0x0 /home/iliya/work/SL/SimplicityStudio/SimplicityStudio_v3/developer/toolchains/gnu_arm/4.8_2013q4/bin/../lib/gcc/arm-none-eabi/4.8.3/armv6-m/crtbegin.o

.data           0x20000000       0xac load address 0x0000b030
                0x20000000                __data_start__ = .
 *(vtable)
 *(.data*)
 .data.usbTxActive
                0x20000000        0x1 ./src/usbdrv_hal.o
 *fill*         0x20000001        0x3 
 .data.frame_trailer
                0x20000004        0x4 ./src/usbdrv_hal.o
 .data.dev      0x20000008        0x4 ./emusb/em_usbd.o
                0x20000008                dev
 .data.cdcLineCoding
                0x2000000c        0x8 ./Drivers/cdc.o
 .data.usbRxBuffer
                0x20000014        0x8 ./Drivers/cdc.o
 .data.uartRxBuffer
                0x2000001c        0x8 ./Drivers/cdc.o
 .data.pDisplayDeviceDriverInitFunctions
                0x20000024        0x8 ./Drivers/display.o
 .data.pixelMatrixPool
                0x2000002c        0x4 ./Drivers/displayls013b7dh03.o
 .data.loops_per_jiffy
                0x20000030        0x4 ./Drivers/udelay.o
                0x20000030                loops_per_jiffy
 .data.SystemHFXOClock
                0x20000034        0x4 ./CMSIS/efm32hg/system_efm32hg.o
 .data.SystemLFXOClock
                0x20000038        0x4 ./CMSIS/efm32hg/system_efm32hg.o
 .data.impure_data
                0x2000003c       0x60 /home/iliya/work/SL/SimplicityStudio/SimplicityStudio_v3/developer/toolchains/gnu_arm/4.8_2013q4/bin/../lib/gcc/arm-none-eabi/4.8.3/../../../../arm-none-eabi/lib/armv6-m/libc_s.a(lib_a-impure.o)
 .data._impure_ptr
                0x2000009c        0x4 /home/iliya/work/SL/SimplicityStudio/SimplicityStudio_v3/developer/toolchains/gnu_arm/4.8_2013q4/bin/../lib/gcc/arm-none-eabi/4.8.3/../../../../arm-none-eabi/lib/armv6-m/libc_s.a(lib_a-impure.o)
                0x2000009c                _impure_ptr
                0x200000a0                . = ALIGN (0x4)
 *(.ram)
                0x200000a0                . = ALIGN (0x4)
                0x200000a0                PROVIDE (__preinit_array_start, .)
 *(.preinit_array)
                0x200000a0                PROVIDE (__preinit_array_end, .)
                0x200000a0                . = ALIGN (0x4)
                0x200000a0                PROVIDE (__init_array_start, .)
 *(SORT(.init_array.*))
 *(.init_array)
 .init_array    0x200000a0        0x4 /home/iliya/work/SL/SimplicityStudio/SimplicityStudio_v3/developer/toolchains/gnu_arm/4.8_2013q4/bin/../lib/gcc/arm-none-eabi/4.8.3/armv6-m/crtbegin.o
                0x200000a4                PROVIDE (__init_array_end, .)
                0x200000a4                . = ALIGN (0x4)
                0x200000a4                PROVIDE (__fini_array_start, .)
 *(SORT(.fini_array.*))
 *(.fini_array)
 .fini_array    0x200000a4        0x4 /home/iliya/work/SL/SimplicityStudio/SimplicityStudio_v3/developer/toolchains/gnu_arm/4.8_2013q4/bin/../lib/gcc/arm-none-eabi/4.8.3/armv6-m/crtbegin.o
                0x200000a8                PROVIDE (__fini_array_end, .)
 *(.jcr*)
 .jcr           0x200000a8        0x0 /home/iliya/work/SL/SimplicityStudio/SimplicityStudio_v3/developer/toolchains/gnu_arm/4.8_2013q4/bin/../lib/gcc/arm-none-eabi/4.8.3/armv6-m/crtbegin.o
 .jcr           0x200000a8        0x4 /home/iliya/work/SL/SimplicityStudio/SimplicityStudio_v3/developer/toolchains/gnu_arm/4.8_2013q4/bin/../lib/gcc/arm-none-eabi/4.8.3/armv6-m/crtend.o
                0x200000ac                . = ALIGN (0x4)
                0x200000ac                __data_end__ = .

.igot.plt       0x200000ac        0x0 load address 0x0000b0dc
 .igot.plt      0x00000000        0x0 /home/iliya/work/SL/SimplicityStudio/SimplicityStudio_v3/developer/toolchains/gnu_arm/4.8_2013q4/bin/../lib/gcc/arm-none-eabi/4.8.3/armv6-m/crtbegin.o

.bss            0x20000100      0xf08 load address 0x0000b200
                0x20000100                . = ALIGN (0x4)
                0x20000100                __bss_start__ = .
 *(.bss*)
 .bss           0x20000100       0x1c /home/iliya/work/SL/SimplicityStudio/SimplicityStudio_v3/developer/toolchains/gnu_arm/4.8_2013q4/bin/../lib/gcc/arm-none-eabi/4.8.3/armv6-m/crtbegin.o
 .bss.displayDevice
                0x2000011c       0x2c ./src/main.o
 .bss.scrollDisplay
                0x20000148        0x1 ./src/main.o
 *fill*         0x20000149        0x3 
 .bss.blankImage
                0x2000014c      0x800 ./src/main.o
 .bss.TransmitBuffer
                0x2000094c      0x204 ./src/usbdrv_hal.o
 .bss.LastUsbTxCnt
                0x20000b50        0x4 ./src/usbdrv_hal.o
 .bss.status    0x20000b54        0x1 ./src/usbdrv_hal.o
 *fill*         0x20000b55        0x3 
 .bss.device    0x20000b58       0xf8 ./emusb/em_usbd.o
 .bss.txBuf     0x20000c50        0x4 ./emusb/em_usbdch9.o
 .bss.callback.7794
                0x20000c54        0x4 ./emusb/em_usbdep.o
 .bss.xferred.7793
                0x20000c58        0x4 ./emusb/em_usbdep.o
 .bss.timers    0x20000c5c       0x10 ./emusb/em_usbtimer.o
 .bss.head      0x20000c6c        0x4 ./emusb/em_usbtimer.o
 .bss.ticksPrMs
                0x20000c70        0x4 ./emusb/em_usbtimer.o
 .bss.ticksPr1us
                0x20000c74        0x4 ./emusb/em_usbtimer.o
 .bss.ticksPr10us
                0x20000c78        0x4 ./emusb/em_usbtimer.o
 .bss.ticksPr100us
                0x20000c7c        0x4 ./emusb/em_usbtimer.o
 .bss.cmuStatus
                0x20000c80        0x4 ./emlib/em_emu.o
 .bss.INT_LockCnt
                0x20000c84        0x4 ./emlib/em_int.o
                0x20000c84                INT_LockCnt
 .bss.usbRxBuffer0
                0x20000c88       0x40 ./Drivers/cdc.o
 .bss.usbRxBuffer1
                0x20000cc8       0x40 ./Drivers/cdc.o
 .bss.uartRxBuffer0
                0x20000d08       0x80 ./Drivers/cdc.o
 .bss.uartRxBuffer1
                0x20000d88       0x80 ./Drivers/cdc.o
 .bss.usbRxIndex
                0x20000e08        0x4 ./Drivers/cdc.o
 .bss.usbBytesReceived
                0x20000e0c        0x4 ./Drivers/cdc.o
 .bss.uartRxIndex
                0x20000e10        0x4 ./Drivers/cdc.o
 .bss.uartRxCount
                0x20000e14        0x4 ./Drivers/cdc.o
 .bss.LastUsbTxCnt
                0x20000e18        0x4 ./Drivers/cdc.o
 .bss.dmaRxCompleted
                0x20000e1c        0x1 ./Drivers/cdc.o
 .bss.usbRxActive
                0x20000e1d        0x1 ./Drivers/cdc.o
 .bss.dmaTxActive
                0x20000e1e        0x1 ./Drivers/cdc.o
 .bss.usbTxActive
                0x20000e1f        0x1 ./Drivers/cdc.o
 .bss.dmaRxActive
                0x20000e20        0x1 ./Drivers/cdc.o
 *fill*         0x20000e21        0x3 
 .bss.deviceTable
                0x20000e24       0x2c ./Drivers/display.o
 .bss.moduleInitialized
                0x20000e50        0x1 ./Drivers/display.o
 *fill*         0x20000e51        0x3 
 .bss.devicesRegistered
                0x20000e54        0x4 ./Drivers/display.o
 .bss.lcdPolarity
                0x20000e58        0x1 ./Drivers/displayls013b7dh03.o
 *fill*         0x20000e59        0x3 
 .bss.pixelMatrixPoolBase
                0x20000e5c       0x80 ./Drivers/displayls013b7dh03.o
 .bss.__malloc_sbrk_start
                0x20000edc        0x4 /home/iliya/work/SL/SimplicityStudio/SimplicityStudio_v3/developer/toolchains/gnu_arm/4.8_2013q4/bin/../lib/gcc/arm-none-eabi/4.8.3/../../../../arm-none-eabi/lib/armv6-m/libc_s.a(lib_a-nano-mallocr.o)
                0x20000edc                __malloc_sbrk_start
 .bss.__malloc_free_list
                0x20000ee0        0x4 /home/iliya/work/SL/SimplicityStudio/SimplicityStudio_v3/developer/toolchains/gnu_arm/4.8_2013q4/bin/../lib/gcc/arm-none-eabi/4.8.3/../../../../arm-none-eabi/lib/armv6-m/libc_s.a(lib_a-nano-mallocr.o)
                0x20000ee0                __malloc_free_list
 .bss.heap_end.4237
                0x20000ee4        0x4 /home/iliya/work/SL/SimplicityStudio/SimplicityStudio_v3/developer/toolchains/gnu_arm/4.8_2013q4/bin/../lib/gcc/arm-none-eabi/4.8.3/../../../../arm-none-eabi/lib/armv6-m/libnosys.a(sbrk.o)
 *(COMMON)
 *fill*         0x20000ee8       0x18 
 COMMON         0x20000f00      0x100 ./Drivers/dmactrl.o
                0x20000f00                dmaControlBlock
 COMMON         0x20001000        0x4 ./CMSIS/efm32hg/system_efm32hg.o
                0x20001000                SystemCoreClock
 COMMON         0x20001004        0x4 /home/iliya/work/SL/SimplicityStudio/SimplicityStudio_v3/developer/toolchains/gnu_arm/4.8_2013q4/bin/../lib/gcc/arm-none-eabi/4.8.3/../../../../arm-none-eabi/lib/armv6-m/libc_s.a(lib_a-reent.o)
                0x20001004                errno
                0x20001008                . = ALIGN (0x4)
                0x20001008                __bss_end__ = .

.heap           0x20001008      0x400
                0x20001008                __HeapBase = .
                0x20001008                __end__ = .
                0x20001008                end = __end__
                0x20001008                _end = __end__
 *(.heap*)
 .heap          0x20001008      0x400 ./CMSIS/efm32hg/startup_gcc_efm32hg.o
                0x20001408                __HeapLimit = .

.stack_dummy    0x20001008      0x400
 *(.stack*)
 .stack         0x20001008      0x400 ./CMSIS/efm32hg/startup_gcc_efm32hg.o
                0x20002000                __StackTop = (ORIGIN (RAM) + 0x2000)
                0x20001c00                __StackLimit = (__StackTop - SIZEOF (.stack_dummy))
                0x20002000                PROVIDE (__stack, __StackTop)
                0x00000001                ASSERT ((__StackLimit >= __HeapLimit), region RAM overflowed with stack)
                0x00000001                ASSERT ((0x10000 >= (__etext + SIZEOF (.data))), FLASH memory overflowed !)
OUTPUT(SLSTK3400A_usbdcdc.axf elf32-littlearm)

.ARM.attributes
                0x00000000       0x28
 .ARM.attributes
                0x00000000       0x1e /home/iliya/work/SL/SimplicityStudio/SimplicityStudio_v3/developer/toolchains/gnu_arm/4.8_2013q4/bin/../lib/gcc/arm-none-eabi/4.8.3/armv6-m/crti.o
 .ARM.attributes
                0x0000001e       0x2c /home/iliya/work/SL/SimplicityStudio/SimplicityStudio_v3/developer/toolchains/gnu_arm/4.8_2013q4/bin/../lib/gcc/arm-none-eabi/4.8.3/armv6-m/crtbegin.o
 .ARM.attributes
                0x0000004a       0x1b /home/iliya/work/SL/SimplicityStudio/SimplicityStudio_v3/developer/toolchains/gnu_arm/4.8_2013q4/bin/../lib/gcc/arm-none-eabi/4.8.3/../../../../arm-none-eabi/lib/armv6-m/crt0.o
 .ARM.attributes
                0x00000065       0x32 ./src/descriptors.o
 .ARM.attributes
                0x00000097       0x32 ./src/main.o
 .ARM.attributes
                0x000000c9       0x32 ./src/scrolllcd.o
 .ARM.attributes
                0x000000fb       0x32 ./src/usbdrv_hal.o
 .ARM.attributes
                0x0000012d       0x32 ./emusb/em_usbd.o
 .ARM.attributes
                0x0000015f       0x32 ./emusb/em_usbdch9.o
 .ARM.attributes
                0x00000191       0x32 ./emusb/em_usbdep.o
 .ARM.attributes
                0x000001c3       0x32 ./emusb/em_usbdint.o
 .ARM.attributes
                0x000001f5       0x32 ./emusb/em_usbhal.o
 .ARM.attributes
                0x00000227       0x32 ./emusb/em_usbtimer.o
 .ARM.attributes
                0x00000259       0x32 ./emlib/em_cmu.o
 .ARM.attributes
                0x0000028b       0x32 ./emlib/em_dma.o
 .ARM.attributes
                0x000002bd       0x32 ./emlib/em_emu.o
 .ARM.attributes
                0x000002ef       0x32 ./emlib/em_gpio.o
 .ARM.attributes
                0x00000321       0x32 ./emlib/em_int.o
 .ARM.attributes
                0x00000353       0x32 ./emlib/em_prs.o
 .ARM.attributes
                0x00000385       0x32 ./emlib/em_rtc.o
 .ARM.attributes
                0x000003b7       0x32 ./emlib/em_system.o
 .ARM.attributes
                0x000003e9       0x32 ./emlib/em_timer.o
 .ARM.attributes
                0x0000041b       0x32 ./emlib/em_usart.o
 .ARM.attributes
                0x0000044d       0x32 ./Drivers/cdc.o
 .ARM.attributes
                0x0000047f       0x32 ./Drivers/display.o
 .ARM.attributes
                0x000004b1       0x32 ./Drivers/displayls013b7dh03.o
 .ARM.attributes
                0x000004e3       0x32 ./Drivers/displaypalemlib.o
 .ARM.attributes
                0x00000515       0x32 ./Drivers/dmactrl.o
 .ARM.attributes
                0x00000547       0x2b ./Drivers/udelay.o
 .ARM.attributes
                0x00000572       0x1b ./CMSIS/efm32hg/startup_gcc_efm32hg.o
 .ARM.attributes
                0x0000058d       0x32 ./CMSIS/efm32hg/system_efm32hg.o
 .ARM.attributes
                0x000005bf       0x1e /home/iliya/work/SL/SimplicityStudio/SimplicityStudio_v3/developer/toolchains/gnu_arm/4.8_2013q4/bin/../lib/gcc/arm-none-eabi/4.8.3/armv6-m/libgcc.a(_udivsi3.o)
 .ARM.attributes
                0x000005dd       0x1e /home/iliya/work/SL/SimplicityStudio/SimplicityStudio_v3/developer/toolchains/gnu_arm/4.8_2013q4/bin/../lib/gcc/arm-none-eabi/4.8.3/armv6-m/libgcc.a(_divsi3.o)
 .ARM.attributes
                0x000005fb       0x1e /home/iliya/work/SL/SimplicityStudio/SimplicityStudio_v3/developer/toolchains/gnu_arm/4.8_2013q4/bin/../lib/gcc/arm-none-eabi/4.8.3/armv6-m/libgcc.a(_dvmd_tls.o)
 .ARM.attributes
                0x00000619       0x1e /home/iliya/work/SL/SimplicityStudio/SimplicityStudio_v3/developer/toolchains/gnu_arm/4.8_2013q4/bin/../lib/gcc/arm-none-eabi/4.8.3/armv6-m/libgcc.a(_clzsi2.o)
 .ARM.attributes
                0x00000637       0x2c /home/iliya/work/SL/SimplicityStudio/SimplicityStudio_v3/developer/toolchains/gnu_arm/4.8_2013q4/bin/../lib/gcc/arm-none-eabi/4.8.3/armv6-m/libgcc.a(_muldi3.o)
 .ARM.attributes
                0x00000663       0x2c /home/iliya/work/SL/SimplicityStudio/SimplicityStudio_v3/developer/toolchains/gnu_arm/4.8_2013q4/bin/../lib/gcc/arm-none-eabi/4.8.3/../../../../arm-none-eabi/lib/armv6-m/libc_s.a(lib_a-exit.o)
 .ARM.attributes
                0x0000068f       0x2c /home/iliya/work/SL/SimplicityStudio/SimplicityStudio_v3/developer/toolchains/gnu_arm/4.8_2013q4/bin/../lib/gcc/arm-none-eabi/4.8.3/../../../../arm-none-eabi/lib/armv6-m/libc_s.a(lib_a-impure.o)
 .ARM.attributes
                0x000006bb       0x2c /home/iliya/work/SL/SimplicityStudio/SimplicityStudio_v3/developer/toolchains/gnu_arm/4.8_2013q4/bin/../lib/gcc/arm-none-eabi/4.8.3/../../../../arm-none-eabi/lib/armv6-m/libc_s.a(lib_a-init.o)
 .ARM.attributes
                0x000006e7       0x2c /home/iliya/work/SL/SimplicityStudio/SimplicityStudio_v3/developer/toolchains/gnu_arm/4.8_2013q4/bin/../lib/gcc/arm-none-eabi/4.8.3/../../../../arm-none-eabi/lib/armv6-m/libc_s.a(lib_a-malloc.o)
 .ARM.attributes
                0x00000713       0x2c /home/iliya/work/SL/SimplicityStudio/SimplicityStudio_v3/developer/toolchains/gnu_arm/4.8_2013q4/bin/../lib/gcc/arm-none-eabi/4.8.3/../../../../arm-none-eabi/lib/armv6-m/libc_s.a(lib_a-memcpy-stub.o)
 .ARM.attributes
                0x0000073f       0x2c /home/iliya/work/SL/SimplicityStudio/SimplicityStudio_v3/developer/toolchains/gnu_arm/4.8_2013q4/bin/../lib/gcc/arm-none-eabi/4.8.3/../../../../arm-none-eabi/lib/armv6-m/libc_s.a(lib_a-memset.o)
 .ARM.attributes
                0x0000076b       0x2c /home/iliya/work/SL/SimplicityStudio/SimplicityStudio_v3/developer/toolchains/gnu_arm/4.8_2013q4/bin/../lib/gcc/arm-none-eabi/4.8.3/../../../../arm-none-eabi/lib/armv6-m/libc_s.a(lib_a-nano-freer.o)
 .ARM.attributes
                0x00000797       0x2c /home/iliya/work/SL/SimplicityStudio/SimplicityStudio_v3/developer/toolchains/gnu_arm/4.8_2013q4/bin/../lib/gcc/arm-none-eabi/4.8.3/../../../../arm-none-eabi/lib/armv6-m/libc_s.a(lib_a-nano-mallocr.o)
 .ARM.attributes
                0x000007c3       0x2c /home/iliya/work/SL/SimplicityStudio/SimplicityStudio_v3/developer/toolchains/gnu_arm/4.8_2013q4/bin/../lib/gcc/arm-none-eabi/4.8.3/../../../../arm-none-eabi/lib/armv6-m/libc_s.a(lib_a-perror.o)
 .ARM.attributes
                0x000007ef       0x2c /home/iliya/work/SL/SimplicityStudio/SimplicityStudio_v3/developer/toolchains/gnu_arm/4.8_2013q4/bin/../lib/gcc/arm-none-eabi/4.8.3/../../../../arm-none-eabi/lib/armv6-m/libc_s.a(lib_a-sbrkr.o)
 .ARM.attributes
                0x0000081b       0x2c /home/iliya/work/SL/SimplicityStudio/SimplicityStudio_v3/developer/toolchains/gnu_arm/4.8_2013q4/bin/../lib/gcc/arm-none-eabi/4.8.3/../../../../arm-none-eabi/lib/armv6-m/libc_s.a(lib_a-sprintf.o)
 .ARM.attributes
                0x00000847       0x2c /home/iliya/work/SL/SimplicityStudio/SimplicityStudio_v3/developer/toolchains/gnu_arm/4.8_2013q4/bin/../lib/gcc/arm-none-eabi/4.8.3/../../../../arm-none-eabi/lib/armv6-m/libc_s.a(lib_a-strcat.o)
 .ARM.attributes
                0x00000873       0x2c /home/iliya/work/SL/SimplicityStudio/SimplicityStudio_v3/developer/toolchains/gnu_arm/4.8_2013q4/bin/../lib/gcc/arm-none-eabi/4.8.3/../../../../arm-none-eabi/lib/armv6-m/libc_s.a(lib_a-strcpy.o)
 .ARM.attributes
                0x0000089f       0x2c /home/iliya/work/SL/SimplicityStudio/SimplicityStudio_v3/developer/toolchains/gnu_arm/4.8_2013q4/bin/../lib/gcc/arm-none-eabi/4.8.3/../../../../arm-none-eabi/lib/armv6-m/libc_s.a(lib_a-strerror.o)
 .ARM.attributes
                0x000008cb       0x2c /home/iliya/work/SL/SimplicityStudio/SimplicityStudio_v3/developer/toolchains/gnu_arm/4.8_2013q4/bin/../lib/gcc/arm-none-eabi/4.8.3/../../../../arm-none-eabi/lib/armv6-m/libc_s.a(lib_a-strlen.o)
 .ARM.attributes
                0x000008f7       0x2c /home/iliya/work/SL/SimplicityStudio/SimplicityStudio_v3/developer/toolchains/gnu_arm/4.8_2013q4/bin/../lib/gcc/arm-none-eabi/4.8.3/../../../../arm-none-eabi/lib/armv6-m/libc_s.a(lib_a-svfprintf.o)
 .ARM.attributes
                0x00000923       0x2c /home/iliya/work/SL/SimplicityStudio/SimplicityStudio_v3/developer/toolchains/gnu_arm/4.8_2013q4/bin/../lib/gcc/arm-none-eabi/4.8.3/../../../../arm-none-eabi/lib/armv6-m/libc_s.a(lib_a-u_strerr.o)
 .ARM.attributes
                0x0000094f       0x2c /home/iliya/work/SL/SimplicityStudio/SimplicityStudio_v3/developer/toolchains/gnu_arm/4.8_2013q4/bin/../lib/gcc/arm-none-eabi/4.8.3/../../../../arm-none-eabi/lib/armv6-m/libc_s.a(lib_a-vfprintf_i.o)
 .ARM.attributes
                0x0000097b       0x2c /home/iliya/work/SL/SimplicityStudio/SimplicityStudio_v3/developer/toolchains/gnu_arm/4.8_2013q4/bin/../lib/gcc/arm-none-eabi/4.8.3/../../../../arm-none-eabi/lib/armv6-m/libc_s.a(lib_a-findfp.o)
 .ARM.attributes
                0x000009a7       0x2c /home/iliya/work/SL/SimplicityStudio/SimplicityStudio_v3/developer/toolchains/gnu_arm/4.8_2013q4/bin/../lib/gcc/arm-none-eabi/4.8.3/../../../../arm-none-eabi/lib/armv6-m/libc_s.a(lib_a-fputc.o)
 .ARM.attributes
                0x000009d3       0x2c /home/iliya/work/SL/SimplicityStudio/SimplicityStudio_v3/developer/toolchains/gnu_arm/4.8_2013q4/bin/../lib/gcc/arm-none-eabi/4.8.3/../../../../arm-none-eabi/lib/armv6-m/libc_s.a(lib_a-fputs.o)
 .ARM.attributes
                0x000009ff       0x2c /home/iliya/work/SL/SimplicityStudio/SimplicityStudio_v3/developer/toolchains/gnu_arm/4.8_2013q4/bin/../lib/gcc/arm-none-eabi/4.8.3/../../../../arm-none-eabi/lib/armv6-m/libc_s.a(lib_a-memchr-stub.o)
 .ARM.attributes
                0x00000a2b       0x2c /home/iliya/work/SL/SimplicityStudio/SimplicityStudio_v3/developer/toolchains/gnu_arm/4.8_2013q4/bin/../lib/gcc/arm-none-eabi/4.8.3/../../../../arm-none-eabi/lib/armv6-m/libc_s.a(lib_a-memmove.o)
 .ARM.attributes
                0x00000a57       0x2c /home/iliya/work/SL/SimplicityStudio/SimplicityStudio_v3/developer/toolchains/gnu_arm/4.8_2013q4/bin/../lib/gcc/arm-none-eabi/4.8.3/../../../../arm-none-eabi/lib/armv6-m/libc_s.a(lib_a-nano-reallocr.o)
 .ARM.attributes
                0x00000a83       0x2c /home/iliya/work/SL/SimplicityStudio/SimplicityStudio_v3/developer/toolchains/gnu_arm/4.8_2013q4/bin/../lib/gcc/arm-none-eabi/4.8.3/../../../../arm-none-eabi/lib/armv6-m/libc_s.a(lib_a-putc.o)
 .ARM.attributes
                0x00000aaf       0x2c /home/iliya/work/SL/SimplicityStudio/SimplicityStudio_v3/developer/toolchains/gnu_arm/4.8_2013q4/bin/../lib/gcc/arm-none-eabi/4.8.3/../../../../arm-none-eabi/lib/armv6-m/libc_s.a(lib_a-reent.o)
 .ARM.attributes
                0x00000adb       0x2c /home/iliya/work/SL/SimplicityStudio/SimplicityStudio_v3/developer/toolchains/gnu_arm/4.8_2013q4/bin/../lib/gcc/arm-none-eabi/4.8.3/../../../../arm-none-eabi/lib/armv6-m/libc_s.a(lib_a-stdio.o)
 .ARM.attributes
                0x00000b07       0x2c /home/iliya/work/SL/SimplicityStudio/SimplicityStudio_v3/developer/toolchains/gnu_arm/4.8_2013q4/bin/../lib/gcc/arm-none-eabi/4.8.3/../../../../arm-none-eabi/lib/armv6-m/libc_s.a(lib_a-wbuf.o)
 .ARM.attributes
                0x00000b33       0x2c /home/iliya/work/SL/SimplicityStudio/SimplicityStudio_v3/developer/toolchains/gnu_arm/4.8_2013q4/bin/../lib/gcc/arm-none-eabi/4.8.3/../../../../arm-none-eabi/lib/armv6-m/libc_s.a(lib_a-writer.o)
 .ARM.attributes
                0x00000b5f       0x2c /home/iliya/work/SL/SimplicityStudio/SimplicityStudio_v3/developer/toolchains/gnu_arm/4.8_2013q4/bin/../lib/gcc/arm-none-eabi/4.8.3/../../../../arm-none-eabi/lib/armv6-m/libc_s.a(lib_a-wsetup.o)
 .ARM.attributes
                0x00000b8b       0x2c /home/iliya/work/SL/SimplicityStudio/SimplicityStudio_v3/developer/toolchains/gnu_arm/4.8_2013q4/bin/../lib/gcc/arm-none-eabi/4.8.3/../../../../arm-none-eabi/lib/armv6-m/libc_s.a(lib_a-closer.o)
 .ARM.attributes
                0x00000bb7       0x2c /home/iliya/work/SL/SimplicityStudio/SimplicityStudio_v3/developer/toolchains/gnu_arm/4.8_2013q4/bin/../lib/gcc/arm-none-eabi/4.8.3/../../../../arm-none-eabi/lib/armv6-m/libc_s.a(lib_a-fflush.o)
 .ARM.attributes
                0x00000be3       0x2c /home/iliya/work/SL/SimplicityStudio/SimplicityStudio_v3/developer/toolchains/gnu_arm/4.8_2013q4/bin/../lib/gcc/arm-none-eabi/4.8.3/../../../../arm-none-eabi/lib/armv6-m/libc_s.a(lib_a-lseekr.o)
 .ARM.attributes
                0x00000c0f       0x2c /home/iliya/work/SL/SimplicityStudio/SimplicityStudio_v3/developer/toolchains/gnu_arm/4.8_2013q4/bin/../lib/gcc/arm-none-eabi/4.8.3/../../../../arm-none-eabi/lib/armv6-m/libc_s.a(lib_a-makebuf.o)
 .ARM.attributes
                0x00000c3b       0x2c /home/iliya/work/SL/SimplicityStudio/SimplicityStudio_v3/developer/toolchains/gnu_arm/4.8_2013q4/bin/../lib/gcc/arm-none-eabi/4.8.3/../../../../arm-none-eabi/lib/armv6-m/libc_s.a(lib_a-nano-msizer.o)
 .ARM.attributes
                0x00000c67       0x2c /home/iliya/work/SL/SimplicityStudio/SimplicityStudio_v3/developer/toolchains/gnu_arm/4.8_2013q4/bin/../lib/gcc/arm-none-eabi/4.8.3/../../../../arm-none-eabi/lib/armv6-m/libc_s.a(lib_a-readr.o)
 .ARM.attributes
                0x00000c93       0x2c /home/iliya/work/SL/SimplicityStudio/SimplicityStudio_v3/developer/toolchains/gnu_arm/4.8_2013q4/bin/../lib/gcc/arm-none-eabi/4.8.3/../../../../arm-none-eabi/lib/armv6-m/libc_s.a(lib_a-fstatr.o)
 .ARM.attributes
                0x00000cbf       0x2c /home/iliya/work/SL/SimplicityStudio/SimplicityStudio_v3/developer/toolchains/gnu_arm/4.8_2013q4/bin/../lib/gcc/arm-none-eabi/4.8.3/../../../../arm-none-eabi/lib/armv6-m/libc_s.a(lib_a-isattyr.o)
 .ARM.attributes
                0x00000ceb       0x2c /home/iliya/work/SL/SimplicityStudio/SimplicityStudio_v3/developer/toolchains/gnu_arm/4.8_2013q4/bin/../lib/gcc/arm-none-eabi/4.8.3/../../../../arm-none-eabi/lib/armv6-m/libnosys.a(close.o)
 .ARM.attributes
                0x00000d17       0x2c /home/iliya/work/SL/SimplicityStudio/SimplicityStudio_v3/developer/toolchains/gnu_arm/4.8_2013q4/bin/../lib/gcc/arm-none-eabi/4.8.3/../../../../arm-none-eabi/lib/armv6-m/libnosys.a(fstat.o)
 .ARM.attributes
                0x00000d43       0x2c /home/iliya/work/SL/SimplicityStudio/SimplicityStudio_v3/developer/toolchains/gnu_arm/4.8_2013q4/bin/../lib/gcc/arm-none-eabi/4.8.3/../../../../arm-none-eabi/lib/armv6-m/libnosys.a(isatty.o)
 .ARM.attributes
                0x00000d6f       0x2c /home/iliya/work/SL/SimplicityStudio/SimplicityStudio_v3/developer/toolchains/gnu_arm/4.8_2013q4/bin/../lib/gcc/arm-none-eabi/4.8.3/../../../../arm-none-eabi/lib/armv6-m/libnosys.a(lseek.o)
 .ARM.attributes
                0x00000d9b       0x2c /home/iliya/work/SL/SimplicityStudio/SimplicityStudio_v3/developer/toolchains/gnu_arm/4.8_2013q4/bin/../lib/gcc/arm-none-eabi/4.8.3/../../../../arm-none-eabi/lib/armv6-m/libnosys.a(read.o)
 .ARM.attributes
                0x00000dc7       0x2c /home/iliya/work/SL/SimplicityStudio/SimplicityStudio_v3/developer/toolchains/gnu_arm/4.8_2013q4/bin/../lib/gcc/arm-none-eabi/4.8.3/../../../../arm-none-eabi/lib/armv6-m/libnosys.a(sbrk.o)
 .ARM.attributes
                0x00000df3       0x2c /home/iliya/work/SL/SimplicityStudio/SimplicityStudio_v3/developer/toolchains/gnu_arm/4.8_2013q4/bin/../lib/gcc/arm-none-eabi/4.8.3/../../../../arm-none-eabi/lib/armv6-m/libnosys.a(write.o)
 .ARM.attributes
                0x00000e1f       0x2c /home/iliya/work/SL/SimplicityStudio/SimplicityStudio_v3/developer/toolchains/gnu_arm/4.8_2013q4/bin/../lib/gcc/arm-none-eabi/4.8.3/../../../../arm-none-eabi/lib/armv6-m/libnosys.a(_exit.o)
 .ARM.attributes
                0x00000e4b       0x1e /home/iliya/work/SL/SimplicityStudio/SimplicityStudio_v3/developer/toolchains/gnu_arm/4.8_2013q4/bin/../lib/gcc/arm-none-eabi/4.8.3/armv6-m/libgcc.a(_thumb1_case_uqi.o)
 .ARM.attributes
                0x00000e69       0x2c /home/iliya/work/SL/SimplicityStudio/SimplicityStudio_v3/developer/toolchains/gnu_arm/4.8_2013q4/bin/../lib/gcc/arm-none-eabi/4.8.3/armv6-m/crtend.o
 .ARM.attributes
                0x00000e95       0x1e /home/iliya/work/SL/SimplicityStudio/SimplicityStudio_v3/developer/toolchains/gnu_arm/4.8_2013q4/bin/../lib/gcc/arm-none-eabi/4.8.3/armv6-m/crtn.o

.comment        0x00000000       0x70
 .comment       0x00000000       0x70 ./src/descriptors.o
                                 0x71 (size before relaxing)
 .comment       0x00000000       0x71 ./src/main.o
 .comment       0x00000000       0x71 ./src/scrolllcd.o
 .comment       0x00000000       0x71 ./src/usbdrv_hal.o
 .comment       0x00000000       0x71 ./emusb/em_usbd.o
 .comment       0x00000000       0x71 ./emusb/em_usbdch9.o
 .comment       0x00000000       0x71 ./emusb/em_usbdep.o
 .comment       0x00000000       0x71 ./emusb/em_usbdint.o
 .comment       0x00000000       0x71 ./emusb/em_usbhal.o
 .comment       0x00000000       0x71 ./emusb/em_usbtimer.o
 .comment       0x00000000       0x71 ./emlib/em_cmu.o
 .comment       0x00000000       0x71 ./emlib/em_dma.o
 .comment       0x00000000       0x71 ./emlib/em_emu.o
 .comment       0x00000000       0x71 ./emlib/em_gpio.o
 .comment       0x00000000       0x71 ./emlib/em_int.o
 .comment       0x00000000       0x71 ./emlib/em_prs.o
 .comment       0x00000000       0x71 ./emlib/em_rtc.o
 .comment       0x00000000       0x71 ./emlib/em_system.o
 .comment       0x00000000       0x71 ./emlib/em_timer.o
 .comment       0x00000000       0x71 ./emlib/em_usart.o
 .comment       0x00000000       0x71 ./Drivers/cdc.o
 .comment       0x00000000       0x71 ./Drivers/display.o
 .comment       0x00000000       0x71 ./Drivers/displayls013b7dh03.o
 .comment       0x00000000       0x71 ./Drivers/displaypalemlib.o
 .comment       0x00000000       0x71 ./Drivers/dmactrl.o
 .comment       0x00000000       0x71 ./Drivers/udelay.o
 .comment       0x00000000       0x71 ./CMSIS/efm32hg/system_efm32hg.o

.debug_info     0x00000000    0x11785
 .debug_info    0x00000000      0x36e ./src/descriptors.o
 .debug_info    0x0000036e      0xacd ./src/main.o
 .debug_info    0x00000e3b      0x3bd ./src/scrolllcd.o
 .debug_info    0x000011f8      0x553 ./src/usbdrv_hal.o
 .debug_info    0x0000174b     0x1ecf ./emusb/em_usbd.o
 .debug_info    0x0000361a     0x14b0 ./emusb/em_usbdch9.o
 .debug_info    0x00004aca     0x1047 ./emusb/em_usbdep.o
 .debug_info    0x00005b11     0x1305 ./emusb/em_usbdint.o
 .debug_info    0x00006e16     0x1511 ./emusb/em_usbhal.o
 .debug_info    0x00008327      0xdda ./emusb/em_usbtimer.o
 .debug_info    0x00009101     0x1218 ./emlib/em_cmu.o
 .debug_info    0x0000a319      0xfff ./emlib/em_dma.o
 .debug_info    0x0000b318      0x63b ./emlib/em_emu.o
 .debug_info    0x0000b953      0x642 ./emlib/em_gpio.o
 .debug_info    0x0000bf95       0xa4 ./emlib/em_int.o
 .debug_info    0x0000c039      0x231 ./emlib/em_prs.o
 .debug_info    0x0000c26a      0x32b ./emlib/em_rtc.o
 .debug_info    0x0000c595      0x243 ./emlib/em_system.o
 .debug_info    0x0000c7d8      0x8a3 ./emlib/em_timer.o
 .debug_info    0x0000d07b      0xe13 ./emlib/em_usart.o
 .debug_info    0x0000de8e     0x11c4 ./Drivers/cdc.o
 .debug_info    0x0000f052      0x42c ./Drivers/display.o
 .debug_info    0x0000f47e      0x5ed ./Drivers/displayls013b7dh03.o
 .debug_info    0x0000fa6b      0xd4b ./Drivers/displaypalemlib.o
 .debug_info    0x000107b6      0x111 ./Drivers/dmactrl.o
 .debug_info    0x000108c7      0x995 ./Drivers/udelay.o
 .debug_info    0x0001125c       0xa3 ./CMSIS/efm32hg/startup_gcc_efm32hg.o
 .debug_info    0x000112ff      0x486 ./CMSIS/efm32hg/system_efm32hg.o

.debug_abbrev   0x00000000     0x32a2
 .debug_abbrev  0x00000000       0xdf ./src/descriptors.o
 .debug_abbrev  0x000000df      0x212 ./src/main.o
 .debug_abbrev  0x000002f1       0xfe ./src/scrolllcd.o
 .debug_abbrev  0x000003ef      0x187 ./src/usbdrv_hal.o
 .debug_abbrev  0x00000576      0x433 ./emusb/em_usbd.o
 .debug_abbrev  0x000009a9      0x30a ./emusb/em_usbdch9.o
 .debug_abbrev  0x00000cb3      0x2b5 ./emusb/em_usbdep.o
 .debug_abbrev  0x00000f68      0x362 ./emusb/em_usbdint.o
 .debug_abbrev  0x000012ca      0x39f ./emusb/em_usbhal.o
 .debug_abbrev  0x00001669      0x264 ./emusb/em_usbtimer.o
 .debug_abbrev  0x000018cd      0x2c0 ./emlib/em_cmu.o
 .debug_abbrev  0x00001b8d      0x228 ./emlib/em_dma.o
 .debug_abbrev  0x00001db5      0x1be ./emlib/em_emu.o
 .debug_abbrev  0x00001f73      0x1df ./emlib/em_gpio.o
 .debug_abbrev  0x00002152       0x44 ./emlib/em_int.o
 .debug_abbrev  0x00002196       0xe3 ./emlib/em_prs.o
 .debug_abbrev  0x00002279      0x16d ./emlib/em_rtc.o
 .debug_abbrev  0x000023e6       0xde ./emlib/em_system.o
 .debug_abbrev  0x000024c4      0x188 ./emlib/em_timer.o
 .debug_abbrev  0x0000264c      0x1d9 ./emlib/em_usart.o
 .debug_abbrev  0x00002825      0x279 ./Drivers/cdc.o
 .debug_abbrev  0x00002a9e       0xf5 ./Drivers/display.o
 .debug_abbrev  0x00002b93      0x165 ./Drivers/displayls013b7dh03.o
 .debug_abbrev  0x00002cf8      0x1c2 ./Drivers/displaypalemlib.o
 .debug_abbrev  0x00002eba       0x87 ./Drivers/dmactrl.o
 .debug_abbrev  0x00002f41      0x209 ./Drivers/udelay.o
 .debug_abbrev  0x0000314a       0x14 ./CMSIS/efm32hg/startup_gcc_efm32hg.o
 .debug_abbrev  0x0000315e      0x144 ./CMSIS/efm32hg/system_efm32hg.o

.debug_aranges  0x00000000      0xd08
 .debug_aranges
                0x00000000       0x18 ./src/descriptors.o
 .debug_aranges
                0x00000018       0x30 ./src/main.o
 .debug_aranges
                0x00000048       0x20 ./src/scrolllcd.o
 .debug_aranges
                0x00000068       0x70 ./src/usbdrv_hal.o
 .debug_aranges
                0x000000d8      0x168 ./emusb/em_usbd.o
 .debug_aranges
                0x00000240       0xb0 ./emusb/em_usbdch9.o
 .debug_aranges
                0x000002f0       0x58 ./emusb/em_usbdep.o
 .debug_aranges
                0x00000348       0xe0 ./emusb/em_usbdint.o
 .debug_aranges
                0x00000428       0xc0 ./emusb/em_usbhal.o
 .debug_aranges
                0x000004e8       0xb0 ./emusb/em_usbtimer.o
 .debug_aranges
                0x00000598      0x158 ./emlib/em_cmu.o
 .debug_aranges
                0x000006f0       0xb0 ./emlib/em_dma.o
 .debug_aranges
                0x000007a0       0x70 ./emlib/em_emu.o
 .debug_aranges
                0x00000810       0x70 ./emlib/em_gpio.o
 .debug_aranges
                0x00000880       0x18 ./emlib/em_int.o
 .debug_aranges
                0x00000898       0x28 ./emlib/em_prs.o
 .debug_aranges
                0x000008c0       0x58 ./emlib/em_rtc.o
 .debug_aranges
                0x00000918       0x28 ./emlib/em_system.o
 .debug_aranges
                0x00000940       0x50 ./emlib/em_timer.o
 .debug_aranges
                0x00000990       0xc0 ./emlib/em_usart.o
 .debug_aranges
                0x00000a50       0x80 ./Drivers/cdc.o
 .debug_aranges
                0x00000ad0       0x38 ./Drivers/display.o
 .debug_aranges
                0x00000b08       0x58 ./Drivers/displayls013b7dh03.o
 .debug_aranges
                0x00000b60       0xa8 ./Drivers/displaypalemlib.o
 .debug_aranges
                0x00000c08       0x18 ./Drivers/dmactrl.o
 .debug_aranges
                0x00000c20       0x60 ./Drivers/udelay.o
 .debug_aranges
                0x00000c80       0x20 ./CMSIS/efm32hg/startup_gcc_efm32hg.o
 .debug_aranges
                0x00000ca0       0x68 ./CMSIS/efm32hg/system_efm32hg.o

.debug_line     0x00000000     0x6bd7
 .debug_line    0x00000000      0x184 ./src/descriptors.o
 .debug_line    0x00000184      0x3b8 ./src/main.o
 .debug_line    0x0000053c      0x27a ./src/scrolllcd.o
 .debug_line    0x000007b6      0x32d ./src/usbdrv_hal.o
 .debug_line    0x00000ae3      0x869 ./emusb/em_usbd.o
 .debug_line    0x0000134c      0x5f1 ./emusb/em_usbdch9.o
 .debug_line    0x0000193d      0x396 ./emusb/em_usbdep.o
 .debug_line    0x00001cd3      0x626 ./emusb/em_usbdint.o
 .debug_line    0x000022f9      0x67a ./emusb/em_usbhal.o
 .debug_line    0x00002973      0x4ed ./emusb/em_usbtimer.o
 .debug_line    0x00002e60      0x8a4 ./emlib/em_cmu.o
 .debug_line    0x00003704      0x594 ./emlib/em_dma.o
 .debug_line    0x00003c98      0x3f9 ./emlib/em_emu.o
 .debug_line    0x00004091      0x375 ./emlib/em_gpio.o
 .debug_line    0x00004406       0xb5 ./emlib/em_int.o
 .debug_line    0x000044bb      0x1f0 ./emlib/em_prs.o
 .debug_line    0x000046ab      0x286 ./emlib/em_rtc.o
 .debug_line    0x00004931      0x207 ./emlib/em_system.o
 .debug_line    0x00004b38      0x4a6 ./emlib/em_timer.o
 .debug_line    0x00004fde      0x53d ./emlib/em_usart.o
 .debug_line    0x0000551b      0x576 ./Drivers/cdc.o
 .debug_line    0x00005a91      0x20d ./Drivers/display.o
 .debug_line    0x00005c9e      0x2b4 ./Drivers/displayls013b7dh03.o
 .debug_line    0x00005f52      0x509 ./Drivers/displaypalemlib.o
 .debug_line    0x0000645b      0x148 ./Drivers/dmactrl.o
 .debug_line    0x000065a3      0x39f ./Drivers/udelay.o
 .debug_line    0x00006942       0x74 ./CMSIS/efm32hg/startup_gcc_efm32hg.o
 .debug_line    0x000069b6      0x221 ./CMSIS/efm32hg/system_efm32hg.o

.debug_str      0x00000000     0x4b47
 .debug_str     0x00000000      0x30d ./src/descriptors.o
                                0x370 (size before relaxing)
 .debug_str     0x0000030d      0x790 ./src/main.o
                                0xae4 (size before relaxing)
 .debug_str     0x00000a9d       0x63 ./src/scrolllcd.o
                                0x412 (size before relaxing)
 .debug_str     0x00000b00      0x330 ./src/usbdrv_hal.o
                                0x57e (size before relaxing)
 .debug_str     0x00000e30      0xb39 ./emusb/em_usbd.o
                               0x1521 (size before relaxing)
 .debug_str     0x00001969      0x158 ./emusb/em_usbdch9.o
                                0xd09 (size before relaxing)
 .debug_str     0x00001ac1       0x5c ./emusb/em_usbdep.o
                                0xbd9 (size before relaxing)
 .debug_str     0x00001b1d      0x239 ./emusb/em_usbdint.o
                                0xda9 (size before relaxing)
 .debug_str     0x00001d56      0x12f ./emusb/em_usbhal.o
                                0xeaf (size before relaxing)
 .debug_str     0x00001e85      0x6d0 ./emusb/em_usbtimer.o
                                0xc98 (size before relaxing)
 .debug_str     0x00002555      0x740 ./emlib/em_cmu.o
                                0xd24 (size before relaxing)
 .debug_str     0x00002c95      0x54e ./emlib/em_dma.o
                                0xb03 (size before relaxing)
 .debug_str     0x000031e3      0x151 ./emlib/em_emu.o
                                0x48e (size before relaxing)
 .debug_str     0x00003334      0x3bb ./emlib/em_gpio.o
                                0x5f1 (size before relaxing)
 .debug_str     0x000036ef       0x12 ./emlib/em_int.o
                                0x1fb (size before relaxing)
 .debug_str     0x00003701       0xc0 ./emlib/em_prs.o
                                0x2c1 (size before relaxing)
 .debug_str     0x000037c1       0xaf ./emlib/em_rtc.o
                                0x2d7 (size before relaxing)
 .debug_str     0x00003870       0xb9 ./emlib/em_system.o
                                0x2cd (size before relaxing)
 .debug_str     0x00003929      0x20b ./emlib/em_timer.o
                                0x927 (size before relaxing)
 .debug_str     0x00003b34      0x872 ./emlib/em_usart.o
                                0xc62 (size before relaxing)
 .debug_str     0x000043a6      0x218 ./Drivers/cdc.o
                               0x1119 (size before relaxing)
 .debug_str     0x000045be      0x107 ./Drivers/display.o
                                0x47b (size before relaxing)
 .debug_str     0x000046c5       0xe3 ./Drivers/displayls013b7dh03.o
                                0x4db (size before relaxing)
 .debug_str     0x000047a8      0x18d ./Drivers/displaypalemlib.o
                                0xc0f (size before relaxing)
 .debug_str     0x00004935       0x15 ./Drivers/dmactrl.o
                                0x231 (size before relaxing)
 .debug_str     0x0000494a       0xf1 ./Drivers/udelay.o
                                0x94a (size before relaxing)
 .debug_str     0x00004a3b      0x10c ./CMSIS/efm32hg/system_efm32hg.o
                                0x43a (size before relaxing)

.debug_loc      0x00000000     0x4622
 .debug_loc     0x00000000       0xaa ./src/main.o
 .debug_loc     0x000000aa       0x3a ./src/scrolllcd.o
 .debug_loc     0x000000e4      0x25c ./src/usbdrv_hal.o
 .debug_loc     0x00000340      0x896 ./emusb/em_usbd.o
 .debug_loc     0x00000bd6      0x428 ./emusb/em_usbdch9.o
 .debug_loc     0x00000ffe      0x1c0 ./emusb/em_usbdep.o
 .debug_loc     0x000011be      0x518 ./emusb/em_usbdint.o
 .debug_loc     0x000016d6      0x45c ./emusb/em_usbhal.o
 .debug_loc     0x00001b32      0x41e ./emusb/em_usbtimer.o
 .debug_loc     0x00001f50      0x860 ./emlib/em_cmu.o
 .debug_loc     0x000027b0      0x428 ./emlib/em_dma.o
 .debug_loc     0x00002bd8      0x22c ./emlib/em_emu.o
 .debug_loc     0x00002e04      0x268 ./emlib/em_gpio.o
 .debug_loc     0x0000306c       0x70 ./emlib/em_prs.o
 .debug_loc     0x000030dc      0x1a8 ./emlib/em_rtc.o
 .debug_loc     0x00003284       0x70 ./emlib/em_system.o
 .debug_loc     0x000032f4      0x188 ./emlib/em_timer.o
 .debug_loc     0x0000347c      0x49a ./emlib/em_usart.o
 .debug_loc     0x00003916      0x2c0 ./Drivers/cdc.o
 .debug_loc     0x00003bd6       0xe0 ./Drivers/display.o
 .debug_loc     0x00003cb6      0x1c0 ./Drivers/displayls013b7dh03.o
 .debug_loc     0x00003e76      0x3f0 ./Drivers/displaypalemlib.o
 .debug_loc     0x00004266      0x1d4 ./Drivers/udelay.o
 .debug_loc     0x0000443a      0x1e8 ./CMSIS/efm32hg/system_efm32hg.o

.debug_ranges   0x00000000      0xb20
 .debug_ranges  0x00000000       0x20 ./src/main.o
 .debug_ranges  0x00000020       0x10 ./src/scrolllcd.o
 .debug_ranges  0x00000030       0x60 ./src/usbdrv_hal.o