Archive member included because of file (symbol)

/home/iliya/work/SL/SimplicityStudio/SimplicityStudio_v3/developer/toolchains/gnu_arm/4.8_2013q4/bin/../lib/gcc/arm-none-eabi/4.8.3/armv6-m/libgcc.a(_udivsi3.o)
                              ./emusb/em_usbd.o (__aeabi_uidiv)
/home/iliya/work/SL/SimplicityStudio/SimplicityStudio_v3/developer/toolchains/gnu_arm/4.8_2013q4/bin/../lib/gcc/arm-none-eabi/4.8.3/armv6-m/libgcc.a(_divsi3.o)
                              ./emusb/em_usbd.o (__aeabi_idiv)
/home/iliya/work/SL/SimplicityStudio/SimplicityStudio_v3/developer/toolchains/gnu_arm/4.8_2013q4/bin/../lib/gcc/arm-none-eabi/4.8.3/armv6-m/libgcc.a(_dvmd_tls.o)
                              /home/iliya/work/SL/SimplicityStudio/SimplicityStudio_v3/developer/toolchains/gnu_arm/4.8_2013q4/bin/../lib/gcc/arm-none-eabi/4.8.3/armv6-m/libgcc.a(_udivsi3.o) (__aeabi_idiv0)
/home/iliya/work/SL/SimplicityStudio/SimplicityStudio_v3/developer/toolchains/gnu_arm/4.8_2013q4/bin/../lib/gcc/arm-none-eabi/4.8.3/armv6-m/libgcc.a(_clzsi2.o)
                              ./emlib/em_cmu.o (__clzsi2)
/home/iliya/work/SL/SimplicityStudio/SimplicityStudio_v3/developer/toolchains/gnu_arm/4.8_2013q4/bin/../lib/gcc/arm-none-eabi/4.8.3/armv6-m/libgcc.a(_aeabi_uldivmod.o)
                              ./emlib/em_usart.o (__aeabi_uldivmod)
/home/iliya/work/SL/SimplicityStudio/SimplicityStudio_v3/developer/toolchains/gnu_arm/4.8_2013q4/bin/../lib/gcc/arm-none-eabi/4.8.3/armv6-m/libgcc.a(_muldi3.o)
                              ./emusb/em_usbtimer.o (__aeabi_lmul)
/home/iliya/work/SL/SimplicityStudio/SimplicityStudio_v3/developer/toolchains/gnu_arm/4.8_2013q4/bin/../lib/gcc/arm-none-eabi/4.8.3/armv6-m/libgcc.a(bpabi.o)
                              /home/iliya/work/SL/SimplicityStudio/SimplicityStudio_v3/developer/toolchains/gnu_arm/4.8_2013q4/bin/../lib/gcc/arm-none-eabi/4.8.3/armv6-m/libgcc.a(_aeabi_uldivmod.o) (__gnu_uldivmod_helper)
/home/iliya/work/SL/SimplicityStudio/SimplicityStudio_v3/developer/toolchains/gnu_arm/4.8_2013q4/bin/../lib/gcc/arm-none-eabi/4.8.3/armv6-m/libgcc.a(extendsfdf2.o)
                              ./src/usbdrv_hal.o (__aeabi_f2d)
/home/iliya/work/SL/SimplicityStudio/SimplicityStudio_v3/developer/toolchains/gnu_arm/4.8_2013q4/bin/../lib/gcc/arm-none-eabi/4.8.3/armv6-m/libgcc.a(_divdi3.o)
                              /home/iliya/work/SL/SimplicityStudio/SimplicityStudio_v3/developer/toolchains/gnu_arm/4.8_2013q4/bin/../lib/gcc/arm-none-eabi/4.8.3/armv6-m/libgcc.a(bpabi.o) (__divdi3)
/home/iliya/work/SL/SimplicityStudio/SimplicityStudio_v3/developer/toolchains/gnu_arm/4.8_2013q4/bin/../lib/gcc/arm-none-eabi/4.8.3/armv6-m/libgcc.a(_udivdi3.o)
                              /home/iliya/work/SL/SimplicityStudio/SimplicityStudio_v3/developer/toolchains/gnu_arm/4.8_2013q4/bin/../lib/gcc/arm-none-eabi/4.8.3/armv6-m/libgcc.a(bpabi.o) (__udivdi3)
/home/iliya/work/SL/SimplicityStudio/SimplicityStudio_v3/developer/toolchains/gnu_arm/4.8_2013q4/bin/../lib/gcc/arm-none-eabi/4.8.3/../../../../arm-none-eabi/lib/armv6-m/libc_s.a(lib_a-exit.o)
                              /home/iliya/work/SL/SimplicityStudio/SimplicityStudio_v3/developer/toolchains/gnu_arm/4.8_2013q4/bin/../lib/gcc/arm-none-eabi/4.8.3/../../../../arm-none-eabi/lib/armv6-m/crt0.o (exit)
/home/iliya/work/SL/SimplicityStudio/SimplicityStudio_v3/developer/toolchains/gnu_arm/4.8_2013q4/bin/../lib/gcc/arm-none-eabi/4.8.3/../../../../arm-none-eabi/lib/armv6-m/libc_s.a(lib_a-impure.o)
                              /home/iliya/work/SL/SimplicityStudio/SimplicityStudio_v3/developer/toolchains/gnu_arm/4.8_2013q4/bin/../lib/gcc/arm-none-eabi/4.8.3/../../../../arm-none-eabi/lib/armv6-m/libc_s.a(lib_a-exit.o) (_global_impure_ptr)
/home/iliya/work/SL/SimplicityStudio/SimplicityStudio_v3/developer/toolchains/gnu_arm/4.8_2013q4/bin/../lib/gcc/arm-none-eabi/4.8.3/../../../../arm-none-eabi/lib/armv6-m/libc_s.a(lib_a-init.o)
                              /home/iliya/work/SL/SimplicityStudio/SimplicityStudio_v3/developer/toolchains/gnu_arm/4.8_2013q4/bin/../lib/gcc/arm-none-eabi/4.8.3/../../../../arm-none-eabi/lib/armv6-m/crt0.o (__libc_init_array)
/home/iliya/work/SL/SimplicityStudio/SimplicityStudio_v3/developer/toolchains/gnu_arm/4.8_2013q4/bin/../lib/gcc/arm-none-eabi/4.8.3/../../../../arm-none-eabi/lib/armv6-m/libc_s.a(lib_a-malloc.o)
                              ./src/usbdrv_hal.o (malloc)
/home/iliya/work/SL/SimplicityStudio/SimplicityStudio_v3/developer/toolchains/gnu_arm/4.8_2013q4/bin/../lib/gcc/arm-none-eabi/4.8.3/../../../../arm-none-eabi/lib/armv6-m/libc_s.a(lib_a-memcpy-stub.o)
                              ./src/usbdrv_hal.o (memcpy)
/home/iliya/work/SL/SimplicityStudio/SimplicityStudio_v3/developer/toolchains/gnu_arm/4.8_2013q4/bin/../lib/gcc/arm-none-eabi/4.8.3/../../../../arm-none-eabi/lib/armv6-m/libc_s.a(lib_a-memset.o)
[...]
Memory Configuration

Name             Origin             Length             Attributes
FLASH            0x00000000         0x00010000         xr
RAM              0x20000000         0x00002000         xrw
*default*        0x00000000         0xffffffff

Linker script and memory map

LOAD /home/iliya/work/SL/SimplicityStudio/SimplicityStudio_v3/developer/toolchains/gnu_arm/4.8_2013q4/bin/../lib/gcc/arm-none-eabi/4.8.3/armv6-m/crti.o
LOAD /home/iliya/work/SL/SimplicityStudio/SimplicityStudio_v3/developer/toolchains/gnu_arm/4.8_2013q4/bin/../lib/gcc/arm-none-eabi/4.8.3/armv6-m/crtbegin.o
LOAD /home/iliya/work/SL/SimplicityStudio/SimplicityStudio_v3/developer/toolchains/gnu_arm/4.8_2013q4/bin/../lib/gcc/arm-none-eabi/4.8.3/../../../../arm-none-eabi/lib/armv6-m/crt0.o
LOAD ./src/descriptors.o
LOAD ./src/main.o
LOAD ./src/scrolllcd.o
LOAD ./src/usbdrv_hal.o
LOAD ./emusb/em_usbd.o
LOAD ./emusb/em_usbdch9.o
LOAD ./emusb/em_usbdep.o
LOAD ./emusb/em_usbdint.o
LOAD ./emusb/em_usbhal.o
LOAD ./emusb/em_usbtimer.o
LOAD ./emlib/em_assert.o
LOAD ./emlib/em_cmu.o
LOAD ./emlib/em_dma.o
LOAD ./emlib/em_emu.o
LOAD ./emlib/em_gpio.o
LOAD ./emlib/em_int.o
LOAD ./emlib/em_prs.o
LOAD ./emlib/em_rtc.o
LOAD ./emlib/em_system.o
LOAD ./emlib/em_timer.o
LOAD ./emlib/em_usart.o
LOAD ./Drivers/cdc.o
LOAD ./Drivers/display.o
LOAD ./Drivers/displayls013b7dh03.o
LOAD ./Drivers/displaypalemlib.o
LOAD ./Drivers/dmactrl.o
LOAD ./Drivers/udelay.o
LOAD ./CMSIS/efm32hg/startup_gcc_efm32hg.o
LOAD ./CMSIS/efm32hg/system_efm32hg.o
START GROUP
LOAD /home/iliya/work/SL/SimplicityStudio/SimplicityStudio_v3/developer/toolchains/gnu_arm/4.8_2013q4/bin/../lib/gcc/arm-none-eabi/4.8.3/armv6-m/libgcc.a
LOAD /home/iliya/work/SL/SimplicityStudio/SimplicityStudio_v3/developer/toolchains/gnu_arm/4.8_2013q4/bin/../lib/gcc/arm-none-eabi/4.8.3/../../../../arm-none-eabi/lib/armv6-m/libc_s.a
LOAD /home/iliya/work/SL/SimplicityStudio/SimplicityStudio_v3/developer/toolchains/gnu_arm/4.8_2013q4/bin/../lib/gcc/arm-none-eabi/4.8.3/../../../../arm-none-eabi/lib/armv6-m/libnosys.a
END GROUP
START GROUP
LOAD /home/iliya/work/SL/SimplicityStudio/SimplicityStudio_v3/developer/toolchains/gnu_arm/4.8_2013q4/bin/../lib/gcc/arm-none-eabi/4.8.3/armv6-m/libgcc.a
LOAD /home/iliya/work/SL/SimplicityStudio/SimplicityStudio_v3/developer/toolchains/gnu_arm/4.8_2013q4/bin/../lib/gcc/arm-none-eabi/4.8.3/../../../../arm-none-eabi/lib/armv6-m/libg_s.a
LOAD /home/iliya/work/SL/SimplicityStudio/SimplicityStudio_v3/developer/toolchains/gnu_arm/4.8_2013q4/bin/../lib/gcc/arm-none-eabi/4.8.3/../../../../arm-none-eabi/lib/armv6-m/libc_s.a
END GROUP
START GROUP
LOAD /home/iliya/work/SL/SimplicityStudio/SimplicityStudio_v3/developer/toolchains/gnu_arm/4.8_2013q4/bin/../lib/gcc/arm-none-eabi/4.8.3/armv6-m/libgcc.a
LOAD /home/iliya/work/SL/SimplicityStudio/SimplicityStudio_v3/developer/toolchains/gnu_arm/4.8_2013q4/bin/../lib/gcc/arm-none-eabi/4.8.3/../../../../arm-none-eabi/lib/armv6-m/libc_s.a
END GROUP
LOAD /home/iliya/work/SL/SimplicityStudio/SimplicityStudio_v3/developer/toolchains/gnu_arm/4.8_2013q4/bin/../lib/gcc/arm-none-eabi/4.8.3/armv6-m/crtend.o
LOAD /home/iliya/work/SL/SimplicityStudio/SimplicityStudio_v3/developer/toolchains/gnu_arm/4.8_2013q4/bin/../lib/gcc/arm-none-eabi/4.8.3/armv6-m/crtn.o

.text           0x00000000     0xb154
 *(.vectors)
 .vectors       0x00000000       0x94 ./CMSIS/efm32hg/startup_gcc_efm32hg.o
                0x00000000                __Vectors
                0x00000094                __Vectors_End = .
                0x00000094                __Vectors_Size = (__Vectors_End - __Vectors)
                0x00000094                __end__ = .
 *(.text*)
 .text          0x00000094       0x60 /home/iliya/work/SL/SimplicityStudio/SimplicityStudio_v3/developer/toolchains/gnu_arm/4.8_2013q4/bin/../lib/gcc/arm-none-eabi/4.8.3/armv6-m/crtbegin.o
 .text          0x000000f4       0x78 /home/iliya/work/SL/SimplicityStudio/SimplicityStudio_v3/developer/toolchains/gnu_arm/4.8_2013q4/bin/../lib/gcc/arm-none-eabi/4.8.3/../../../../arm-none-eabi/lib/armv6-m/crt0.o
                0x000000f4                _mainCRTStartup
                0x000000f4                _start
 .text.CHIP_Init
                0x0000016c       0x40 ./src/main.o
 .text.main     0x000001ac      0x1d0 ./src/main.o
                0x000001ac                main
 .text.StateChange
                0x0000037c       0x68 ./src/main.o
 .text.scrollLcd
                0x000003e4      0x158 ./src/scrolllcd.o
                0x000003e4                scrollLcd
 .text.INT_Disable
                0x0000053c       0x28 ./src/usbdrv_hal.o
 .text.INT_Enable
                0x00000564       0x38 ./src/usbdrv_hal.o
 .text.UsbDrv_CreateFrame
                0x0000059c       0x48 ./src/usbdrv_hal.o
                0x0000059c                UsbDrv_CreateFrame
 .text.UsbDrv_Transmit
                0x000005e4       0x70 ./src/usbdrv_hal.o
                0x000005e4                UsbDrv_Transmit
 .text.UsbDrv_Transmit_Time
                0x00000654       0x50 ./src/usbdrv_hal.o
                0x00000654                UsbDrv_Transmit_Time
 .text.UsbDrv_Transmit_Humidity
                0x000006a4       0x50 ./src/usbdrv_hal.o
                0x000006a4                UsbDrv_Transmit_Humidity
 .text.UsbDrv_Transmit_Temp
                0x000006f4       0x58 ./src/usbdrv_hal.o
                0x000006f4                UsbDrv_Transmit_Temp
 .text.UsbDrv_EncapsulateData
                0x0000074c       0xa4 ./src/usbdrv_hal.o
 .text.UsbDrv_SendData
                0x000007f0       0x90 ./src/usbdrv_hal.o
 .text.UsbDataTransmitted
                0x00000880       0x3c ./src/usbdrv_hal.o
 .text.UsbDrv_FreeData
                0x000008bc       0x24 ./src/usbdrv_hal.o
 .text.NVIC_EnableIRQ
                0x000008e0       0x2c ./emusb/em_usbd.o
 .text.NVIC_ClearPendingIRQ
                0x0000090c       0x2c ./emusb/em_usbd.o
 .text.INT_Disable
                0x00000938       0x28 ./emusb/em_usbd.o
 .text.INT_Enable
                0x00000960       0x38 ./emusb/em_usbd.o
 .text.USBHAL_DisableGlobalInt
                0x00000998       0x24 ./emusb/em_usbd.o
 .text.USBHAL_EnableGlobalInt
                0x000009bc       0x20 ./emusb/em_usbd.o
 .text.USBDHAL_EnableUsbResetAndSuspendInt
                0x000009dc       0x24 ./emusb/em_usbd.o
 .text.USBDHAL_EpIsStalled
                0x00000a00       0x48 ./emusb/em_usbd.o
 .text.USBDHAL_GetStallStatusEp
                0x00000a48       0xc4 ./emusb/em_usbd.o
 .text.USBDHAL_SetEp0InDmaPtr
                0x00000b0c       0x20 ./emusb/em_usbd.o
 .text.USBDHAL_SetEp0OutDmaPtr
                0x00000b2c       0x20 ./emusb/em_usbd.o
 .text.USBDHAL_StartEp0In
                0x00000b4c       0x48 ./emusb/em_usbd.o
 .text.USBDHAL_StartEp0Out
                0x00000b94       0x48 ./emusb/em_usbd.o
 .text.USBDHAL_StartEpIn
                0x00000bdc       0xa4 ./emusb/em_usbd.o
 .text.USBDHAL_StartEpOut
                0x00000c80       0xb0 ./emusb/em_usbd.o
 .text.USBD_ArmEp
                0x00000d30       0x28 ./emusb/em_usbd.o
 .text.USBD_ArmEp0
                0x00000d58       0x84 ./emusb/em_usbd.o
 .text.USBD_ArmEpN
                0x00000ddc       0x28 ./emusb/em_usbd.o
 .text.USBD_GetEpFromAddr
                0x00000e04       0x88 ./emusb/em_usbd.o
 .text.USBD_Connect
                0x00000e8c       0x14 ./emusb/em_usbd.o
                0x00000e8c                USBD_Connect
 .text.USBD_Disconnect
                0x00000ea0       0x14 ./emusb/em_usbd.o
                0x00000ea0                USBD_Disconnect
 .text.USBD_GetUsbState
                0x00000eb4       0x18 ./emusb/em_usbd.o
                0x00000eb4                USBD_GetUsbState
 .text.USBD_Init
                0x00000ecc      0x514 ./emusb/em_usbd.o
                0x00000ecc                USBD_Init
 .text.USBD_Read
                0x000013e0      0x14c ./emusb/em_usbd.o
                0x000013e0                USBD_Read
 .text.USBD_SetUsbState
                0x0000152c       0x88 ./emusb/em_usbd.o
                0x0000152c                USBD_SetUsbState
 .text.USBD_Write
                0x000015b4      0x150 ./emusb/em_usbd.o
                0x000015b4                USBD_Write
 .text.USBDHAL_ActivateEp
                0x00001704      0x114 ./emusb/em_usbdch9.o
 .text.USBDHAL_DeactivateEp
                0x00001818       0x64 ./emusb/em_usbdch9.o
 .text.USBDHAL_GetStallStatusEp
                0x0000187c       0xc4 ./emusb/em_usbdch9.o
 .text.USBDHAL_SetAddr
                0x00001940       0x38 ./emusb/em_usbdch9.o
 .text.USBDHAL_StallEp
                0x00001978       0xcc ./emusb/em_usbdch9.o
 .text.USBDHAL_UnStallEp
                0x00001a44       0xec ./emusb/em_usbdch9.o
 .text.USBD_ActivateAllEps
                0x00001b30       0x48 ./emusb/em_usbdch9.o
 .text.USBD_DeactivateAllEps
                0x00001b78       0x5c ./emusb/em_usbdch9.o
 .text.USBD_GetEpFromAddr
                0x00001bd4       0x88 ./emusb/em_usbdch9.o
 .text.USBDCH9_SetupCmd
                0x00001c5c       0xe8 ./emusb/em_usbdch9.o
                0x00001c5c                USBDCH9_SetupCmd
 .text.ClearFeature
                0x00001d44       0xe4 ./emusb/em_usbdch9.o
 .text.GetConfiguration
                0x00001e28       0xbc ./emusb/em_usbdch9.o
 .text.GetDescriptor
                0x00001ee4      0x138 ./emusb/em_usbdch9.o
 .text.GetInterface
                0x0000201c       0xa0 ./emusb/em_usbdch9.o
 .text.GetStatus
                0x000020bc      0x1c8 ./emusb/em_usbdch9.o
 .text.SetAddress
                0x00002284       0xd4 ./emusb/em_usbdch9.o
 .text.SetConfiguration
                0x00002358      0x140 ./emusb/em_usbdch9.o
 .text.SetFeature
                0x00002498      0x118 ./emusb/em_usbdch9.o
 .text.SetInterface
                0x000025b0       0x74 ./emusb/em_usbdch9.o
 .text.USBDHAL_StallEp
                0x00002624       0xcc ./emusb/em_usbdep.o
 .text.USBDHAL_StartEp0In
                0x000026f0       0x48 ./emusb/em_usbdep.o
 .text.USBDHAL_StartEp0Out
                0x00002738       0x48 ./emusb/em_usbdep.o
 .text.USBDHAL_StartEp0Setup
                0x00002780       0x68 ./emusb/em_usbdep.o
 .text.USBD_GetEpFromAddr
                0x000027e8       0x88 ./emusb/em_usbdep.o
 .text.USBD_ReArmEp0
                0x00002870       0x60 ./emusb/em_usbdep.o
 .text.USBDEP_Ep0Handler
                0x000028d0      0x2a0 ./emusb/em_usbdep.o
                0x000028d0                USBDEP_Ep0Handler
 .text.USBDEP_EpHandler
                0x00002b70       0x74 ./emusb/em_usbdep.o
                0x00002b70                USBDEP_EpHandler
 .text.INT_Disable
                0x00002be4       0x28 ./emusb/em_usbdint.o
 .text.INT_Enable
                0x00002c0c       0x38 ./emusb/em_usbdint.o
 .text.USBHAL_FlushTxFifo
                0x00002c44       0x38 ./emusb/em_usbdint.o
 .text.USBHAL_GetCoreInts
                0x00002c7c       0x30 ./emusb/em_usbdint.o
 .text.USBDHAL_EnableInts
                0x00002cac       0x50 ./emusb/em_usbdint.o
 .text.USBDHAL_Ep0Activate
                0x00002cfc       0x54 ./emusb/em_usbdint.o
 .text.USBDHAL_GetAllInEpInts
                0x00002d50       0x34 ./emusb/em_usbdint.o
 .text.USBDHAL_GetAllOutEpInts
                0x00002d84       0x34 ./emusb/em_usbdint.o
 .text.USBDHAL_GetInEpInts
                0x00002db8       0x38 ./emusb/em_usbdint.o
 .text.USBDHAL_GetOutEpInts
                0x00002df0       0x40 ./emusb/em_usbdint.o
 .text.USBDHAL_StartEp0Setup
                0x00002e30       0x68 ./emusb/em_usbdint.o
 .text.USBD_GetEpFromAddr
                0x00002e98       0x88 ./emusb/em_usbdint.o
 .text.USB_IRQHandler
                0x00002f20      0x148 ./emusb/em_usbdint.o
                0x00002f20                USB_IRQHandler
 .text.Handle_USB_GINTSTS_ENUMDONE
                0x00003068       0x30 ./emusb/em_usbdint.o
 .text.Handle_USB_GINTSTS_IEPINT
                0x00003098      0x154 ./emusb/em_usbdint.o
 .text.Handle_USB_GINTSTS_OEPINT
                0x000031ec       0x98 ./emusb/em_usbdint.o
 .text.Handle_USB_GINTSTS_RESETDET
                0x00003284       0x34 ./emusb/em_usbdint.o
 .text.Handle_USB_GINTSTS_SOF
                0x000032b8       0x4c ./emusb/em_usbdint.o
 .text.Handle_USB_GINTSTS_USBRST
                0x00003304       0xf4 ./emusb/em_usbdint.o
 .text.Handle_USB_GINTSTS_USBSUSP
                0x000033f8       0x68 ./emusb/em_usbdint.o
 .text.Handle_USB_GINTSTS_WKUPINT
                0x00003460       0x2c ./emusb/em_usbdint.o
 .text.HandleOutEpIntr
                0x0000348c      0x218 ./emusb/em_usbdint.o
 .text.NVIC_ClearPendingIRQ
                0x000036a4       0x2c ./emusb/em_usbhal.o
 .text.INT_Disable
                0x000036d0       0x28 ./emusb/em_usbhal.o
 .text.INT_Enable
                0x000036f8       0x38 ./emusb/em_usbhal.o
 .text.USBHAL_FlushRxFifo
                0x00003730       0x28 ./emusb/em_usbhal.o
 .text.USBHAL_FlushTxFifo
                0x00003758       0x38 ./emusb/em_usbhal.o
 .text.USBDHAL_DeactivateEp
                0x00003790       0x64 ./emusb/em_usbhal.o
 .text.USBDHAL_GetInEpInts
                0x000037f4       0x38 ./emusb/em_usbhal.o
 .text.USBDHAL_GetOutEpInts
                0x0000382c       0x40 ./emusb/em_usbhal.o
 .text.USBDHAL_SetEPDISNAK
                0x0000386c       0x90 ./emusb/em_usbhal.o
 .text.USBD_GetEpFromAddr
                0x000038fc       0x88 ./emusb/em_usbhal.o
 .text.PrintI   0x00003984       0x10 ./emusb/em_usbhal.o
 .text.assertEFM
                0x00003994       0x14 ./emusb/em_usbhal.o
                0x00003994                assertEFM
 .text.USBHAL_CoreReset
                0x000039a8       0x6c ./emusb/em_usbhal.o
                0x000039a8                USBHAL_CoreReset
 .text.USBDHAL_Connect
                0x00003a14       0x24 ./emusb/em_usbhal.o
                0x00003a14                USBDHAL_Connect
 .text.USBDHAL_CoreInit
                0x00003a38      0x31c ./emusb/em_usbhal.o
                0x00003a38                USBDHAL_CoreInit
 .text.USBDHAL_Disconnect
                0x00003d54       0x28 ./emusb/em_usbhal.o
                0x00003d54                USBDHAL_Disconnect
 .text.USBDHAL_AbortAllEps
                0x00003d7c      0x468 ./emusb/em_usbhal.o
                0x00003d7c                USBDHAL_AbortAllEps
 .text.USBDHAL_AbortAllTransfers
                0x000041e4       0xac ./emusb/em_usbhal.o
                0x000041e4                USBDHAL_AbortAllTransfers
 .text.NVIC_EnableIRQ
                0x00004290       0x2c ./emusb/em_usbtimer.o
 .text.NVIC_ClearPendingIRQ
                0x000042bc       0x2c ./emusb/em_usbtimer.o
 .text.INT_Disable
                0x000042e8       0x28 ./emusb/em_usbtimer.o
 .text.INT_Enable
                0x00004310       0x38 ./emusb/em_usbtimer.o
 .text.TIMER_CaptureGet
                0x00004348       0x20 ./emusb/em_usbtimer.o
 .text.TIMER_CompareSet
                0x00004368       0x20 ./emusb/em_usbtimer.o
 .text.TIMER_CounterGet
                0x00004388       0x14 ./emusb/em_usbtimer.o
 .text.TIMER_IntClear
                0x0000439c       0x18 ./emusb/em_usbtimer.o
 .text.TIMER_IntEnable
                0x000043b4       0x1c ./emusb/em_usbtimer.o
 .text.TIMER_IntGet
                0x000043d0       0x14 ./emusb/em_usbtimer.o
 .text.TIMER_TopSet
                0x000043e4       0x18 ./emusb/em_usbtimer.o
 .text.TIMER0_IRQHandler
                0x000043fc       0x54 ./emusb/em_usbtimer.o
                0x000043fc                TIMER0_IRQHandler
 .text.DelayTicks
                0x00004450       0x5c ./emusb/em_usbtimer.o
 *fill*         0x000044ac        0x4 
 .text.USBTIMER_DelayMs
                0x000044b0       0x80 ./emusb/em_usbtimer.o
                0x000044b0                USBTIMER_DelayMs
 .text.USBTIMER_DelayUs
                0x00004530      0x100 ./emusb/em_usbtimer.o
                0x00004530                USBTIMER_DelayUs
 .text.USBTIMER_Init
                0x00004630      0x1cc ./emusb/em_usbtimer.o
                0x00004630                USBTIMER_Init
 .text.USBTIMER_Start
                0x000047fc      0x138 ./emusb/em_usbtimer.o
                0x000047fc                USBTIMER_Start
 .text.USBTIMER_Stop
                0x00004934       0x8c ./emusb/em_usbtimer.o
                0x00004934                USBTIMER_Stop
 .text.TimerTick
                0x000049c0       0x68 ./emusb/em_usbtimer.o
 .text.BUS_RegBitWrite
                0x00004a28       0x3c ./emlib/em_cmu.o
 .text.BUS_RegBitRead
                0x00004a64       0x20 ./emlib/em_cmu.o
 .text.CMU_DivToLog2
                0x00004a84       0x44 ./emlib/em_cmu.o
 .text.CMU_Log2ToDiv
                0x00004ac8       0x1c ./emlib/em_cmu.o
 .text.SYSTEM_GetProdRev
                0x00004ae4       0x18 ./emlib/em_cmu.o
 .text.auxClkGet
                0x00004afc       0xc0 ./emlib/em_cmu.o
 .text.dbgClkGet
                0x00004bbc       0x5c ./emlib/em_cmu.o
 .text.flashWaitStateControl
                0x00004c18       0x7c ./emlib/em_cmu.o
 .text.flashWaitStateMax
                0x00004c94       0x14 ./emlib/em_cmu.o
 .text.lfClkGet
                0x00004ca8      0x12c ./emlib/em_cmu.o
 .text.syncReg  0x00004dd4       0x2c ./emlib/em_cmu.o
 .text.usbCClkGet
                0x00004e00       0x58 ./emlib/em_cmu.o
 .text.CMU_ClockDivGet
                0x00004e58      0x10c ./emlib/em_cmu.o
                0x00004e58                CMU_ClockDivGet
 .text.CMU_ClockDivSet
                0x00004f64      0x1f0 ./emlib/em_cmu.o
                0x00004f64                CMU_ClockDivSet
 .text.CMU_ClockEnable
                0x00005154       0xc4 ./emlib/em_cmu.o
                0x00005154                CMU_ClockEnable
 .text.CMU_ClockFreqGet
                0x00005218      0x160 ./emlib/em_cmu.o
                0x00005218                CMU_ClockFreqGet
 .text.CMU_ClockSelectGet
                0x00005378      0x1f0 ./emlib/em_cmu.o
                0x00005378                CMU_ClockSelectGet
 .text.CMU_ClockSelectSet
                0x00005568      0x2a0 ./emlib/em_cmu.o
                0x00005568                CMU_ClockSelectSet
 .text.CMU_OscillatorEnable
                0x00005808       0xe0 ./emlib/em_cmu.o
                0x00005808                CMU_OscillatorEnable
 .text.DMA_Prepare
                0x000058e8      0x11c ./emlib/em_dma.o
 .text.DMA_IRQHandler
                0x00005a04       0xf4 ./emlib/em_dma.o
                0x00005a04                DMA_IRQHandler
 .text.DMA_ActivateBasic
                0x00005af8       0x84 ./emlib/em_dma.o
                0x00005af8                DMA_ActivateBasic
 .text.EMU_UpdateOscConfig
                0x00005b7c       0x18 ./emlib/em_emu.o
                0x00005b7c                EMU_UpdateOscConfig
 .text.GPIO_PinOutClear
                0x00005b94       0xb0 ./emlib/em_gpio.o
 .text.GPIO_PinOutSet
                0x00005c44       0xb0 ./emlib/em_gpio.o
 .text.GPIO_PinModeSet
                0x00005cf4      0x1b4 ./emlib/em_gpio.o
                0x00005cf4                GPIO_PinModeSet
 .text.PRS_SourceAsyncSignalSet
                0x00005ea8       0x4c ./emlib/em_prs.o
                0x00005ea8                PRS_SourceAsyncSignalSet
 .text.BUS_RegBitWrite
                0x00005ef4       0x3c ./emlib/em_rtc.o
 .text.RTC_CompareSet
                0x00005f30       0x54 ./emlib/em_rtc.o
                0x00005f30                RTC_CompareSet
 .text.RTC_Enable
                0x00005f84       0x28 ./emlib/em_rtc.o
                0x00005f84                RTC_Enable
 .text.RTC_FreezeEnable
                0x00005fac       0x2c ./emlib/em_rtc.o
                0x00005fac                RTC_FreezeEnable
 .text.RTC_Init
                0x00005fd8       0x4c ./emlib/em_rtc.o
                0x00005fd8                RTC_Init
 .text.RTC_CounterReset
                0x00006024       0x14 ./emlib/em_rtc.o
                0x00006024                RTC_CounterReset
 .text.SYSTEM_ChipRevisionGet
                0x00006038       0xa4 ./emlib/em_system.o
                0x00006038                SYSTEM_ChipRevisionGet
 .text.TIMER_Init
                0x000060dc      0x108 ./emlib/em_timer.o
                0x000060dc                TIMER_Init
 .text.TIMER_InitCC
                0x000061e4       0xd8 ./emlib/em_timer.o
                0x000061e4                TIMER_InitCC
 .text.BUS_RegMaskedWrite
                0x000062bc       0x24 ./emlib/em_usart.o
 .text.USART_BaudrateAsyncSet
                0x000062e0      0x150 ./emlib/em_usart.o
                0x000062e0                USART_BaudrateAsyncSet
 .text.USART_BaudrateSyncSet
                0x00006430       0xb4 ./emlib/em_usart.o
                0x00006430                USART_BaudrateSyncSet
 .text.USART_InitSync
                0x000064e4       0xd8 ./emlib/em_usart.o
                0x000064e4                USART_InitSync
 .text.USART_Reset
                0x000065bc       0xa8 ./emlib/em_usart.o
                0x000065bc                USART_Reset
 .text.USART_Tx
                0x00006664       0x28 ./emlib/em_usart.o
                0x00006664                USART_Tx
 .text.USART_TxDouble
                0x0000668c       0x28 ./emlib/em_usart.o
                0x0000668c                USART_TxDouble
 .text.INT_Disable
                0x000066b4       0x28 ./Drivers/cdc.o
 .text.INT_Enable
                0x000066dc       0x38 ./Drivers/cdc.o
 .text.CDC_SetupCmd
                0x00006714      0x124 ./Drivers/cdc.o
                0x00006714                CDC_SetupCmd
 .text.CDC_StateChangeEvent
                0x00006838      0x128 ./Drivers/cdc.o
                0x00006838                CDC_StateChangeEvent
 .text.UsbDataReceived
                0x00006960       0xb0 ./Drivers/cdc.o
 .text.UsbDataTransmitted
                0x00006a10       0xe8 ./Drivers/cdc.o
 .text.DmaRxComplete
                0x00006af8      0x11c ./Drivers/cdc.o
 .text.UartRxTimeout
                0x00006c14       0xcc ./Drivers/cdc.o
 .text.LineCodingReceived
                0x00006ce0      0x150 ./Drivers/cdc.o
 .text.DISPLAY_Init
                0x00006e30       0x54 ./Drivers/display.o
                0x00006e30                DISPLAY_Init
 .text.DISPLAY_DeviceGet
                0x00006e84       0x60 ./Drivers/display.o
                0x00006e84                DISPLAY_DeviceGet
 .text.DISPLAY_DeviceRegister
                0x00006ee4       0x6c ./Drivers/display.o
                0x00006ee4                DISPLAY_DeviceRegister
 .text.DISPLAY_Ls013b7dh03Init
                0x00006f50       0xf8 ./Drivers/displayls013b7dh03.o
                0x00006f50                DISPLAY_Ls013b7dh03Init
 .text.DriverRefresh
                0x00007048       0x20 ./Drivers/displayls013b7dh03.o
 .text.DisplayEnable
                0x00007068       0x34 ./Drivers/displayls013b7dh03.o
 .text.DisplayClear
                0x0000709c       0x4c ./Drivers/displayls013b7dh03.o
 .text.PixelMatrixAllocate
                0x000070e8       0x68 ./Drivers/displayls013b7dh03.o
 .text.PixelMatrixFree
                0x00007150       0x18 ./Drivers/displayls013b7dh03.o
 .text.PixelMatrixClear
                0x00007168       0x44 ./Drivers/displayls013b7dh03.o
 .text.PixelMatrixDraw
                0x000071ac       0xc4 ./Drivers/displayls013b7dh03.o
 .text.GPIO_PinOutClear
                0x00007270       0xb0 ./Drivers/displaypalemlib.o
 .text.GPIO_PinOutSet
                0x00007320       0xb0 ./Drivers/displaypalemlib.o
 .text.PAL_SpiInit
                0x000073d0       0x54 ./Drivers/displaypalemlib.o
                0x000073d0                PAL_SpiInit
 .text.PAL_SpiTransmit
                0x00007424       0x74 ./Drivers/displaypalemlib.o
                0x00007424                PAL_SpiTransmit
 .text.PAL_TimerInit
                0x00007498       0x18 ./Drivers/displaypalemlib.o
                0x00007498                PAL_TimerInit
 .text.PAL_TimerMicroSecondsDelay
                0x000074b0       0x20 ./Drivers/displaypalemlib.o
                0x000074b0                PAL_TimerMicroSecondsDelay
 .text.PAL_GpioInit
                0x000074d0       0x24 ./Drivers/displaypalemlib.o
                0x000074d0                PAL_GpioInit
 .text.PAL_GpioPinModeSet
                0x000074f4       0x4c ./Drivers/displaypalemlib.o
                0x000074f4                PAL_GpioPinModeSet
 .text.PAL_GpioPinOutSet
                0x00007540       0x28 ./Drivers/displaypalemlib.o
                0x00007540                PAL_GpioPinOutSet
 .text.PAL_GpioPinOutClear
                0x00007568       0x28 ./Drivers/displaypalemlib.o
                0x00007568                PAL_GpioPinOutClear
 .text.PAL_GpioPinAutoToggle
                0x00007590       0x80 ./Drivers/displaypalemlib.o
                0x00007590                PAL_GpioPinAutoToggle
 .text.palClockSetup
                0x00007610       0x28 ./Drivers/displaypalemlib.o
 .text.rtcSetup
                0x00007638       0x9c ./Drivers/displaypalemlib.o
 .text.NVIC_ClearPendingIRQ
                0x000076d4       0x2c ./Drivers/udelay.o
 .text.INT_Disable
                0x00007700       0x28 ./Drivers/udelay.o
 .text.INT_Enable
                0x00007728       0x38 ./Drivers/udelay.o
 .text.RTC_CounterGet
                0x00007760       0x14 ./Drivers/udelay.o
 .text.UDELAY_Calibrate
                0x00007774      0x1f4 ./Drivers/udelay.o
                0x00007774                UDELAY_Calibrate
 .text.UDELAY_Delay
                0x00007968       0x34 ./Drivers/udelay.o
                0x00007968                UDELAY_Delay
 .text.calibrate_delay
                0x0000799c       0xdc ./Drivers/udelay.o
 .text.clock    0x00007a78       0x10 ./Drivers/udelay.o
 .text._delay   0x00007a88       0x14 ./Drivers/udelay.o
 .text          0x00007a9c       0x30 ./CMSIS/efm32hg/startup_gcc_efm32hg.o
                0x00007a9c                Reset_Handler
                0x00007ac8                TIMER2_IRQHandler
                0x00007ac8                USART0_TX_IRQHandler
                0x00007ac8                I2C0_IRQHandler
                0x00007ac8                HardFault_Handler
                0x00007ac8                SysTick_Handler
                0x00007ac8                USART1_RX_IRQHandler
                0x00007ac8                PendSV_Handler
                0x00007ac8                NMI_Handler
                0x00007ac8                USART1_TX_IRQHandler
                0x00007ac8                MSC_IRQHandler
                0x00007ac8                ADC0_IRQHandler
                0x00007ac8                LEUART0_IRQHandler
                0x00007ac8                GPIO_EVEN_IRQHandler
                0x00007ac8                RTC_IRQHandler
                0x00007ac8                TIMER1_IRQHandler
                0x00007ac8                Default_Handler
                0x00007ac8                PCNT0_IRQHandler
                0x00007ac8                ACMP0_IRQHandler
                0x00007ac8                USART0_RX_IRQHandler
                0x00007ac8                SVC_Handler
                0x00007ac8                CMU_IRQHandler
                0x00007ac8                GPIO_ODD_IRQHandler
                0x00007ac8                AES_IRQHandler
                0x00007ac8                VCMP_IRQHandler
 .text.SystemCoreClockGet
                0x00007acc       0x3c ./CMSIS/efm32hg/system_efm32hg.o
                0x00007acc                SystemCoreClockGet
 .text.SystemMaxCoreClockGet
                0x00007b08       0x10 ./CMSIS/efm32hg/system_efm32hg.o
                0x00007b08                SystemMaxCoreClockGet
 .text.SystemHFClockGet
                0x00007b18      0x100 ./CMSIS/efm32hg/system_efm32hg.o
                0x00007b18                SystemHFClockGet
 .text.SystemInit
                0x00007c18        0x8 ./CMSIS/efm32hg/system_efm32hg.o
                0x00007c18                SystemInit
 .text.SystemLFRCOClockGet
                0x00007c20       0x10 ./CMSIS/efm32hg/system_efm32hg.o
                0x00007c20                SystemLFRCOClockGet
 .text.SystemULFRCOClockGet
                0x00007c30       0x10 ./CMSIS/efm32hg/system_efm32hg.o
                0x00007c30                SystemULFRCOClockGet
 .text.SystemLFXOClockGet
                0x00007c40       0x14 ./CMSIS/efm32hg/system_efm32hg.o
                0x00007c40                SystemLFXOClockGet
 .text          0x00007c54       0x9c /home/iliya/work/SL/SimplicityStudio/SimplicityStudio_v3/developer/toolchains/gnu_arm/4.8_2013q4/bin/../lib/gcc/arm-none-eabi/4.8.3/armv6-m/libgcc.a(_udivsi3.o)
                0x00007c54                __udivsi3
                0x00007c54                __aeabi_uidiv
                0x00007cdc                __aeabi_uidivmod
 .text          0x00007cf0       0xc0 /home/iliya/work/SL/SimplicityStudio/SimplicityStudio_v3/developer/toolchains/gnu_arm/4.8_2013q4/bin/../lib/gcc/arm-none-eabi/4.8.3/armv6-m/libgcc.a(_divsi3.o)
                0x00007cf0                __aeabi_idiv
                0x00007cf0                __divsi3
                0x00007d9c                __aeabi_idivmod
 .text          0x00007db0        0x4 /home/iliya/work/SL/SimplicityStudio/SimplicityStudio_v3/developer/toolchains/gnu_arm/4.8_2013q4/bin/../lib/gcc/arm-none-eabi/4.8.3/armv6-m/libgcc.a(_dvmd_tls.o)
                0x00007db0                __aeabi_ldiv0
                0x00007db0                __aeabi_idiv0
 .text          0x00007db4       0x3c /home/iliya/work/SL/SimplicityStudio/SimplicityStudio_v3/developer/toolchains/gnu_arm/4.8_2013q4/bin/../lib/gcc/arm-none-eabi/4.8.3/armv6-m/libgcc.a(_clzsi2.o)
                0x00007db4                __clzsi2
 .text          0x00007df0       0x44 /home/iliya/work/SL/SimplicityStudio/SimplicityStudio_v3/developer/toolchains/gnu_arm/4.8_2013q4/bin/../lib/gcc/arm-none-eabi/4.8.3/armv6-m/libgcc.a(_muldi3.o)
                0x00007df0                __aeabi_lmul
                0x00007df0                __muldi3
 .text          0x00007e34       0xa4 /home/iliya/work/SL/SimplicityStudio/SimplicityStudio_v3/developer/toolchains/gnu_arm/4.8_2013q4/bin/../lib/gcc/arm-none-eabi/4.8.3/armv6-m/libgcc.a(extendsfdf2.o)
                0x00007e34                __aeabi_f2d
 .text.exit     0x00007ed8       0x2c /home/iliya/work/SL/SimplicityStudio/SimplicityStudio_v3/developer/toolchains/gnu_arm/4.8_2013q4/bin/../lib/gcc/arm-none-eabi/4.8.3/../../../../arm-none-eabi/lib/armv6-m/libc_s.a(lib_a-exit.o)
                0x00007ed8                exit
 .text.__libc_init_array
                0x00007f04       0x4c /home/iliya/work/SL/SimplicityStudio/SimplicityStudio_v3/developer/toolchains/gnu_arm/4.8_2013q4/bin/../lib/gcc/arm-none-eabi/4.8.3/../../../../arm-none-eabi/lib/armv6-m/libc_s.a(lib_a-init.o)
                0x00007f04                __libc_init_array
 .text.malloc   0x00007f50       0x14 /home/iliya/work/SL/SimplicityStudio/SimplicityStudio_v3/developer/toolchains/gnu_arm/4.8_2013q4/bin/../lib/gcc/arm-none-eabi/4.8.3/../../../../arm-none-eabi/lib/armv6-m/libc_s.a(lib_a-malloc.o)
                0x00007f50                malloc
 .text.free     0x00007f64       0x14 /home/iliya/work/SL/SimplicityStudio/SimplicityStudio_v3/developer/toolchains/gnu_arm/4.8_2013q4/bin/../lib/gcc/arm-none-eabi/4.8.3/../../../../arm-none-eabi/lib/armv6-m/libc_s.a(lib_a-malloc.o)
                0x00007f64                free
 .text.memcpy   0x00007f78       0x12 /home/iliya/work/SL/SimplicityStudio/SimplicityStudio_v3/developer/toolchains/gnu_arm/4.8_2013q4/bin/../lib/gcc/arm-none-eabi/4.8.3/../../../../arm-none-eabi/lib/armv6-m/libc_s.a(lib_a-memcpy-stub.o)
                0x00007f78                memcpy
 .text.memset   0x00007f8a       0x10 /home/iliya/work/SL/SimplicityStudio/SimplicityStudio_v3/developer/toolchains/gnu_arm/4.8_2013q4/bin/../lib/gcc/arm-none-eabi/4.8.3/../../../../arm-none-eabi/lib/armv6-m/libc_s.a(lib_a-memset.o)
                0x00007f8a                memset
 *fill*         0x00007f9a        0x2 
 .text._free_r  0x00007f9c       0x90 /home/iliya/work/SL/SimplicityStudio/SimplicityStudio_v3/developer/toolchains/gnu_arm/4.8_2013q4/bin/../lib/gcc/arm-none-eabi/4.8.3/../../../../arm-none-eabi/lib/armv6-m/libc_s.a(lib_a-nano-freer.o)
                0x00007f9c                _free_r
 .text._malloc_r
                0x0000802c       0xa8 /home/iliya/work/SL/SimplicityStudio/SimplicityStudio_v3/developer/toolchains/gnu_arm/4.8_2013q4/bin/../lib/gcc/arm-none-eabi/4.8.3/../../../../arm-none-eabi/lib/armv6-m/libc_s.a(lib_a-nano-mallocr.o)
                0x0000802c                _malloc_r
 .text._perror_r
                0x000080d4       0x54 /home/iliya/work/SL/SimplicityStudio/SimplicityStudio_v3/developer/toolchains/gnu_arm/4.8_2013q4/bin/../lib/gcc/arm-none-eabi/4.8.3/../../../../arm-none-eabi/lib/armv6-m/libc_s.a(lib_a-perror.o)
                0x000080d4                _perror_r
 .text.perror   0x00008128       0x14 /home/iliya/work/SL/SimplicityStudio/SimplicityStudio_v3/developer/toolchains/gnu_arm/4.8_2013q4/bin/../lib/gcc/arm-none-eabi/4.8.3/../../../../arm-none-eabi/lib/armv6-m/libc_s.a(lib_a-perror.o)
                0x00008128                perror
 .text._sbrk_r  0x0000813c       0x24 /home/iliya/work/SL/SimplicityStudio/SimplicityStudio_v3/developer/toolchains/gnu_arm/4.8_2013q4/bin/../lib/gcc/arm-none-eabi/4.8.3/../../../../arm-none-eabi/lib/armv6-m/libc_s.a(lib_a-sbrkr.o)
                0x0000813c                _sbrk_r
 .text.sprintf  0x00008160       0x44 /home/iliya/work/SL/SimplicityStudio/SimplicityStudio_v3/developer/toolchains/gnu_arm/4.8_2013q4/bin/../lib/gcc/arm-none-eabi/4.8.3/../../../../arm-none-eabi/lib/armv6-m/libc_s.a(lib_a-sprintf.o)
                0x00008160                sprintf
                0x00008160                siprintf
 .text.strcat   0x000081a4       0x1a /home/iliya/work/SL/SimplicityStudio/SimplicityStudio_v3/developer/toolchains/gnu_arm/4.8_2013q4/bin/../lib/gcc/arm-none-eabi/4.8.3/../../../../arm-none-eabi/lib/armv6-m/libc_s.a(lib_a-strcat.o)
                0x000081a4                strcat
 .text.strcpy   0x000081be       0x10 /home/iliya/work/SL/SimplicityStudio/SimplicityStudio_v3/developer/toolchains/gnu_arm/4.8_2013q4/bin/../lib/gcc/arm-none-eabi/4.8.3/../../../../arm-none-eabi/lib/armv6-m/libc_s.a(lib_a-strcpy.o)
                0x000081be                strcpy
 *fill*         0x000081ce        0x2 
 .text._strerror_r
                0x000081d0      0x30c /home/iliya/work/SL/SimplicityStudio/SimplicityStudio_v3/developer/toolchains/gnu_arm/4.8_2013q4/bin/../lib/gcc/arm-none-eabi/4.8.3/../../../../arm-none-eabi/lib/armv6-m/libc_s.a(lib_a-strerror.o)
                0x000081d0                _strerror_r
 .text.strlen   0x000084dc        0xe /home/iliya/work/SL/SimplicityStudio/SimplicityStudio_v3/developer/toolchains/gnu_arm/4.8_2013q4/bin/../lib/gcc/arm-none-eabi/4.8.3/../../../../arm-none-eabi/lib/armv6-m/libc_s.a(lib_a-strlen.o)
                0x000084dc                strlen
 *fill*         0x000084ea        0x2 
 .text.__ssputs_r
                0x000084ec       0xc0 /home/iliya/work/SL/SimplicityStudio/SimplicityStudio_v3/developer/toolchains/gnu_arm/4.8_2013q4/bin/../lib/gcc/arm-none-eabi/4.8.3/../../../../arm-none-eabi/lib/armv6-m/libc_s.a(lib_a-svfprintf.o)
                0x000084ec                __ssputs_r
 .text._svfprintf_r
                0x000085ac      0x1e0 /home/iliya/work/SL/SimplicityStudio/SimplicityStudio_v3/developer/toolchains/gnu_arm/4.8_2013q4/bin/../lib/gcc/arm-none-eabi/4.8.3/../../../../arm-none-eabi/lib/armv6-m/libc_s.a(lib_a-svfprintf.o)
                0x000085ac                _svfprintf_r
                0x000085ac                _svfiprintf_r
 .text._user_strerror
                0x0000878c        0x4 /home/iliya/work/SL/SimplicityStudio/SimplicityStudio_v3/developer/toolchains/gnu_arm/4.8_2013q4/bin/../lib/gcc/arm-none-eabi/4.8.3/../../../../arm-none-eabi/lib/armv6-m/libc_s.a(lib_a-u_strerr.o)
                0x0000878c                _user_strerror
 .text._printf_common
                0x00008790       0xe8 /home/iliya/work/SL/SimplicityStudio/SimplicityStudio_v3/developer/toolchains/gnu_arm/4.8_2013q4/bin/../lib/gcc/arm-none-eabi/4.8.3/../../../../arm-none-eabi/lib/armv6-m/libc_s.a(lib_a-vfprintf_i.o)
                0x00008790                _printf_common
 .text._printf_i
                0x00008878      0x22c /home/iliya/work/SL/SimplicityStudio/SimplicityStudio_v3/developer/toolchains/gnu_arm/4.8_2013q4/bin/../lib/gcc/arm-none-eabi/4.8.3/../../../../arm-none-eabi/lib/armv6-m/libc_s.a(lib_a-vfprintf_i.o)
                0x00008878                _printf_i
 .text._cleanup_r
                0x00008aa4       0x34 /home/iliya/work/SL/SimplicityStudio/SimplicityStudio_v3/developer/toolchains/gnu_arm/4.8_2013q4/bin/../lib/gcc/arm-none-eabi/4.8.3/../../../../arm-none-eabi/lib/armv6-m/libc_s.a(lib_a-findfp.o)
                0x00008aa4                _cleanup_r
 .text.std.isra.0
                0x00008ad8       0x48 /home/iliya/work/SL/SimplicityStudio/SimplicityStudio_v3/developer/toolchains/gnu_arm/4.8_2013q4/bin/../lib/gcc/arm-none-eabi/4.8.3/../../../../arm-none-eabi/lib/armv6-m/libc_s.a(lib_a-findfp.o)
 .text.__sfmoreglue
                0x00008b20       0x2c /home/iliya/work/SL/SimplicityStudio/SimplicityStudio_v3/developer/toolchains/gnu_arm/4.8_2013q4/bin/../lib/gcc/arm-none-eabi/4.8.3/../../../../arm-none-eabi/lib/armv6-m/libc_s.a(lib_a-findfp.o)
                0x00008b20                __sfmoreglue
 .text.__sinit  0x00008b4c       0x64 /home/iliya/work/SL/SimplicityStudio/SimplicityStudio_v3/developer/toolchains/gnu_arm/4.8_2013q4/bin/../lib/gcc/arm-none-eabi/4.8.3/../../../../arm-none-eabi/lib/armv6-m/libc_s.a(lib_a-findfp.o)
                0x00008b4c                __sinit
 .text.__sfp    0x00008bb0       0x7c /home/iliya/work/SL/SimplicityStudio/SimplicityStudio_v3/developer/toolchains/gnu_arm/4.8_2013q4/bin/../lib/gcc/arm-none-eabi/4.8.3/../../../../arm-none-eabi/lib/armv6-m/libc_s.a(lib_a-findfp.o)
                0x00008bb0                __sfp
 .text._fputc_r
                0x00008c2c       0x4c /home/iliya/work/SL/SimplicityStudio/SimplicityStudio_v3/developer/toolchains/gnu_arm/4.8_2013q4/bin/../lib/gcc/arm-none-eabi/4.8.3/../../../../arm-none-eabi/lib/armv6-m/libc_s.a(lib_a-fputc.o)
                0x00008c2c                _fputc_r
 .text.fputc    0x00008c78       0x18 /home/iliya/work/SL/SimplicityStudio/SimplicityStudio_v3/developer/toolchains/gnu_arm/4.8_2013q4/bin/../lib/gcc/arm-none-eabi/4.8.3/../../../../arm-none-eabi/lib/armv6-m/libc_s.a(lib_a-fputc.o)
                0x00008c78                fputc
 .text._fputs_r
                0x00008c90       0xa8 /home/iliya/work/SL/SimplicityStudio/SimplicityStudio_v3/developer/toolchains/gnu_arm/4.8_2013q4/bin/../lib/gcc/arm-none-eabi/4.8.3/../../../../arm-none-eabi/lib/armv6-m/libc_s.a(lib_a-fputs.o)
                0x00008c90                _fputs_r
 .text.fputs    0x00008d38       0x18 /home/iliya/work/SL/SimplicityStudio/SimplicityStudio_v3/developer/toolchains/gnu_arm/4.8_2013q4/bin/../lib/gcc/arm-none-eabi/4.8.3/../../../../arm-none-eabi/lib/armv6-m/libc_s.a(lib_a-fputs.o)
                0x00008d38                fputs
 .text.memchr   0x00008d50       0x16 /home/iliya/work/SL/SimplicityStudio/SimplicityStudio_v3/developer/toolchains/gnu_arm/4.8_2013q4/bin/../lib/gcc/arm-none-eabi/4.8.3/../../../../arm-none-eabi/lib/armv6-m/libc_s.a(lib_a-memchr-stub.o)
                0x00008d50                memchr
 .text.memmove  0x00008d66       0x32 /home/iliya/work/SL/SimplicityStudio/SimplicityStudio_v3/developer/toolchains/gnu_arm/4.8_2013q4/bin/../lib/gcc/arm-none-eabi/4.8.3/../../../../arm-none-eabi/lib/armv6-m/libc_s.a(lib_a-memmove.o)
                0x00008d66                memmove
 .text._realloc_r
                0x00008d98       0x4c /home/iliya/work/SL/SimplicityStudio/SimplicityStudio_v3/developer/toolchains/gnu_arm/4.8_2013q4/bin/../lib/gcc/arm-none-eabi/4.8.3/../../../../arm-none-eabi/lib/armv6-m/libc_s.a(lib_a-nano-reallocr.o)
                0x00008d98                _realloc_r
 .text._putc_r  0x00008de4       0x78 /home/iliya/work/SL/SimplicityStudio/SimplicityStudio_v3/developer/toolchains/gnu_arm/4.8_2013q4/bin/../lib/gcc/arm-none-eabi/4.8.3/../../../../arm-none-eabi/lib/armv6-m/libc_s.a(lib_a-putc.o)
                0x00008de4                _putc_r
 .text.__sread  0x00008e5c       0x28 /home/iliya/work/SL/SimplicityStudio/SimplicityStudio_v3/developer/toolchains/gnu_arm/4.8_2013q4/bin/../lib/gcc/arm-none-eabi/4.8.3/../../../../arm-none-eabi/lib/armv6-m/libc_s.a(lib_a-stdio.o)
                0x00008e5c                __sread
 .text.__swrite
                0x00008e84       0x38 /home/iliya/work/SL/SimplicityStudio/SimplicityStudio_v3/developer/toolchains/gnu_arm/4.8_2013q4/bin/../lib/gcc/arm-none-eabi/4.8.3/../../../../arm-none-eabi/lib/armv6-m/libc_s.a(lib_a-stdio.o)
                0x00008e84                __swrite
 .text.__sseek  0x00008ebc       0x2c /home/iliya/work/SL/SimplicityStudio/SimplicityStudio_v3/developer/toolchains/gnu_arm/4.8_2013q4/bin/../lib/gcc/arm-none-eabi/4.8.3/../../../../arm-none-eabi/lib/armv6-m/libc_s.a(lib_a-stdio.o)
                0x00008ebc                __sseek
 .text.__sclose
                0x00008ee8        0xc /home/iliya/work/SL/SimplicityStudio/SimplicityStudio_v3/developer/toolchains/gnu_arm/4.8_2013q4/bin/../lib/gcc/arm-none-eabi/4.8.3/../../../../arm-none-eabi/lib/armv6-m/libc_s.a(lib_a-stdio.o)
                0x00008ee8                __sclose
 .text.__swbuf_r
                0x00008ef4       0xb0 /home/iliya/work/SL/SimplicityStudio/SimplicityStudio_v3/developer/toolchains/gnu_arm/4.8_2013q4/bin/../lib/gcc/arm-none-eabi/4.8.3/../../../../arm-none-eabi/lib/armv6-m/libc_s.a(lib_a-wbuf.o)
                0x00008ef4                __swbuf_r
 .text._write_r
                0x00008fa4       0x28 /home/iliya/work/SL/SimplicityStudio/SimplicityStudio_v3/developer/toolchains/gnu_arm/4.8_2013q4/bin/../lib/gcc/arm-none-eabi/4.8.3/../../../../arm-none-eabi/lib/armv6-m/libc_s.a(lib_a-writer.o)
                0x00008fa4                _write_r
 .text.__swsetup_r
                0x00008fcc       0xe4 /home/iliya/work/SL/SimplicityStudio/SimplicityStudio_v3/developer/toolchains/gnu_arm/4.8_2013q4/bin/../lib/gcc/arm-none-eabi/4.8.3/../../../../arm-none-eabi/lib/armv6-m/libc_s.a(lib_a-wsetup.o)
                0x00008fcc                __swsetup_r
 .text._close_r
                0x000090b0       0x24 /home/iliya/work/SL/SimplicityStudio/SimplicityStudio_v3/developer/toolchains/gnu_arm/4.8_2013q4/bin/../lib/gcc/arm-none-eabi/4.8.3/../../../../arm-none-eabi/lib/armv6-m/libc_s.a(lib_a-closer.o)
                0x000090b0                _close_r
 .text.__sflush_r
                0x000090d4      0x112 /home/iliya/work/SL/SimplicityStudio/SimplicityStudio_v3/developer/toolchains/gnu_arm/4.8_2013q4/bin/../lib/gcc/arm-none-eabi/4.8.3/../../../../arm-none-eabi/lib/armv6-m/libc_s.a(lib_a-fflush.o)
                0x000090d4                __sflush_r
 *fill*         0x000091e6        0x2 
 .text._fflush_r
                0x000091e8       0x58 /home/iliya/work/SL/SimplicityStudio/SimplicityStudio_v3/developer/toolchains/gnu_arm/4.8_2013q4/bin/../lib/gcc/arm-none-eabi/4.8.3/../../../../arm-none-eabi/lib/armv6-m/libc_s.a(lib_a-fflush.o)
                0x000091e8                _fflush_r
 .text._lseek_r
                0x00009240       0x28 /home/iliya/work/SL/SimplicityStudio/SimplicityStudio_v3/developer/toolchains/gnu_arm/4.8_2013q4/bin/../lib/gcc/arm-none-eabi/4.8.3/../../../../arm-none-eabi/lib/armv6-m/libc_s.a(lib_a-lseekr.o)
                0x00009240                _lseek_r
 .text.__smakebuf_r
                0x00009268       0xa0 /home/iliya/work/SL/SimplicityStudio/SimplicityStudio_v3/developer/toolchains/gnu_arm/4.8_2013q4/bin/../lib/gcc/arm-none-eabi/4.8.3/../../../../arm-none-eabi/lib/armv6-m/libc_s.a(lib_a-makebuf.o)
                0x00009268                __smakebuf_r
 .text._malloc_usable_size_r
                0x00009308       0x12 /home/iliya/work/SL/SimplicityStudio/SimplicityStudio_v3/developer/toolchains/gnu_arm/4.8_2013q4/bin/../lib/gcc/arm-none-eabi/4.8.3/../../../../arm-none-eabi/lib/armv6-m/libc_s.a(lib_a-nano-msizer.o)
                0x00009308                _malloc_usable_size_r
 *fill*         0x0000931a        0x2 
 .text._read_r  0x0000931c       0x28 /home/iliya/work/SL/SimplicityStudio/SimplicityStudio_v3/developer/toolchains/gnu_arm/4.8_2013q4/bin/../lib/gcc/arm-none-eabi/4.8.3/../../../../arm-none-eabi/lib/armv6-m/libc_s.a(lib_a-readr.o)
                0x0000931c                _read_r
 .text._fstat_r
                0x00009344       0x24 /home/iliya/work/SL/SimplicityStudio/SimplicityStudio_v3/developer/toolchains/gnu_arm/4.8_2013q4/bin/../lib/gcc/arm-none-eabi/4.8.3/../../../../arm-none-eabi/lib/armv6-m/libc_s.a(lib_a-fstatr.o)
                0x00009344                _fstat_r
 .text._isatty_r
                0x00009368       0x24 /home/iliya/work/SL/SimplicityStudio/SimplicityStudio_v3/developer/toolchains/gnu_arm/4.8_2013q4/bin/../lib/gcc/arm-none-eabi/4.8.3/../../../../arm-none-eabi/lib/armv6-m/libc_s.a(lib_a-isattyr.o)
                0x00009368                _isatty_r
 .text._close   0x0000938c       0x10 /home/iliya/work/SL/SimplicityStudio/SimplicityStudio_v3/developer/toolchains/gnu_arm/4.8_2013q4/bin/../lib/gcc/arm-none-eabi/4.8.3/../../../../arm-none-eabi/lib/armv6-m/libnosys.a(close.o)
                0x0000938c                _close
 .text._fstat   0x0000939c       0x10 /home/iliya/work/SL/SimplicityStudio/SimplicityStudio_v3/developer/toolchains/gnu_arm/4.8_2013q4/bin/../lib/gcc/arm-none-eabi/4.8.3/../../../../arm-none-eabi/lib/armv6-m/libnosys.a(fstat.o)
                0x0000939c                _fstat
 .text._isatty  0x000093ac       0x10 /home/iliya/work/SL/SimplicityStudio/SimplicityStudio_v3/developer/toolchains/gnu_arm/4.8_2013q4/bin/../lib/gcc/arm-none-eabi/4.8.3/../../../../arm-none-eabi/lib/armv6-m/libnosys.a(isatty.o)
                0x000093ac                _isatty
 .text._lseek   0x000093bc       0x10 /home/iliya/work/SL/SimplicityStudio/SimplicityStudio_v3/developer/toolchains/gnu_arm/4.8_2013q4/bin/../lib/gcc/arm-none-eabi/4.8.3/../../../../arm-none-eabi/lib/armv6-m/libnosys.a(lseek.o)
                0x000093bc                _lseek
 .text._read    0x000093cc       0x10 /home/iliya/work/SL/SimplicityStudio/SimplicityStudio_v3/developer/toolchains/gnu_arm/4.8_2013q4/bin/../lib/gcc/arm-none-eabi/4.8.3/../../../../arm-none-eabi/lib/armv6-m/libnosys.a(read.o)
                0x000093cc                _read
 .text._sbrk    0x000093dc       0x34 /home/iliya/work/SL/SimplicityStudio/SimplicityStudio_v3/developer/toolchains/gnu_arm/4.8_2013q4/bin/../lib/gcc/arm-none-eabi/4.8.3/../../../../arm-none-eabi/lib/armv6-m/libnosys.a(sbrk.o)
                0x000093dc                _sbrk
 .text._write   0x00009410       0x10 /home/iliya/work/SL/SimplicityStudio/SimplicityStudio_v3/developer/toolchains/gnu_arm/4.8_2013q4/bin/../lib/gcc/arm-none-eabi/4.8.3/../../../../arm-none-eabi/lib/armv6-m/libnosys.a(write.o)
                0x00009410                _write
 .text._exit    0x00009420        0x4 /home/iliya/work/SL/SimplicityStudio/SimplicityStudio_v3/developer/toolchains/gnu_arm/4.8_2013q4/bin/../lib/gcc/arm-none-eabi/4.8.3/../../../../arm-none-eabi/lib/armv6-m/libnosys.a(_exit.o)
                0x00009420                _exit
 .text          0x00009424       0x14 /home/iliya/work/SL/SimplicityStudio/SimplicityStudio_v3/developer/toolchains/gnu_arm/4.8_2013q4/bin/../lib/gcc/arm-none-eabi/4.8.3/armv6-m/libgcc.a(_thumb1_case_uqi.o)
                0x00009424                __gnu_thumb1_case_uqi
 *(.init)
 .init          0x00009438        0x4 /home/iliya/work/SL/SimplicityStudio/SimplicityStudio_v3/developer/toolchains/gnu_arm/4.8_2013q4/bin/../lib/gcc/arm-none-eabi/4.8.3/armv6-m/crti.o
                0x00009438                _init
 .init          0x0000943c        0x8 /home/iliya/work/SL/SimplicityStudio/SimplicityStudio_v3/developer/toolchains/gnu_arm/4.8_2013q4/bin/../lib/gcc/arm-none-eabi/4.8.3/armv6-m/crtn.o
 *(.fini)
 .fini          0x00009444        0x4 /home/iliya/work/SL/SimplicityStudio/SimplicityStudio_v3/developer/toolchains/gnu_arm/4.8_2013q4/bin/../lib/gcc/arm-none-eabi/4.8.3/armv6-m/crti.o
                0x00009444                _fini
 .fini          0x00009448        0x8 /home/iliya/work/SL/SimplicityStudio/SimplicityStudio_v3/developer/toolchains/gnu_arm/4.8_2013q4/bin/../lib/gcc/arm-none-eabi/4.8.3/armv6-m/crtn.o
 *crtbegin.o(.ctors)
 *crtbegin?.o(.ctors)
 *(EXCLUDE_FILE(*crtend.o *crtend?.o) .ctors)
 *(SORT(.ctors.*))
 *(.ctors)
 *crtbegin.o(.dtors)
 *crtbegin?.o(.dtors)
 *(EXCLUDE_FILE(*crtend.o *crtend?.o) .dtors)
 *(SORT(.dtors.*))
 *(.dtors)
 *(.rodata*)
 .rodata.USBDESC_deviceDesc
                0x00009450       0x14 ./src/descriptors.o
                0x00009450                USBDESC_deviceDesc
 .rodata.USBDESC_configDesc
                0x00009464       0x44 ./src/descriptors.o
                0x00009464                USBDESC_configDesc
 .rodata.langID
                0x000094a8        0x4 ./src/descriptors.o
 .rodata.iManufacturer
                0x000094ac       0x38 ./src/descriptors.o
 .rodata.iProduct
                0x000094e4       0x5c ./src/descriptors.o
 .rodata.USBDESC_strings
                0x00009540        0xc ./src/descriptors.o
                0x00009540                USBDESC_strings
 .rodata.USBDESC_bufferingMultiplier
                0x0000954c        0x4 ./src/descriptors.o
                0x0000954c                USBDESC_bufferingMultiplier
 .rodata.usbConnectedImage
                0x00009550      0x800 ./src/main.o
 .rodata.usbDisconnectedImage
                0x00009d50      0x800 ./src/main.o
 .rodata.callbacks
                0x0000a550       0x14 ./src/main.o
 .rodata.usbInitStruct
                0x0000a564       0x1c ./src/main.o
 .rodata        0x0000a580       0x40 ./src/main.o
 .rodata        0x0000a5c0       0xac ./src/usbdrv_hal.o
 .rodata        0x0000a66c       0x74 ./emusb/em_usbd.o
 .rodata.USBDCH9_SetupCmd
                0x0000a6e0       0x30 ./emusb/em_usbdch9.o
 .rodata.USBDEP_Ep0Handler
                0x0000a710       0x14 ./emusb/em_usbdep.o
 .rodata        0x0000a724       0x18 ./emusb/em_usbdep.o
 .rodata        0x0000a73c       0x78 ./emlib/em_cmu.o
 .rodata.CMU_ClockDivGet
                0x0000a7b4       0x20 ./emlib/em_cmu.o
 .rodata.CMU_ClockDivSet
                0x0000a7d4       0x20 ./emlib/em_cmu.o
 .rodata.CMU_ClockEnable
                0x0000a7f4       0x2c ./emlib/em_cmu.o
 .rodata.CMU_ClockSelectGet
                0x0000a820       0x20 ./emlib/em_cmu.o
 .rodata.CMU_ClockSelectSet
                0x0000a840       0x80 ./emlib/em_cmu.o
 .rodata.CMU_OscillatorEnable
                0x0000a8c0       0x18 ./emlib/em_cmu.o
 .rodata        0x0000a8d8       0x14 ./emlib/em_dma.o
 .rodata        0x0000a8ec       0x7c ./emlib/em_gpio.o
 .rodata        0x0000a968       0x14 ./emlib/em_prs.o
 .rodata        0x0000a97c       0x14 ./emlib/em_rtc.o
 .rodata        0x0000a990       0x18 ./emlib/em_system.o
 .rodata        0x0000a9a8       0x7c ./emlib/em_timer.o
 .rodata        0x0000aa24       0x14 ./emlib/em_usart.o
 .rodata        0x0000aa38       0x18 ./Drivers/displayls013b7dh03.o
 .rodata        0x0000aa50       0x84 ./Drivers/displaypalemlib.o
 .rodata        0x0000aad4        0x4 ./Drivers/udelay.o
 .rodata.str1.1
                0x0000aad8        0x2 /home/iliya/work/SL/SimplicityStudio/SimplicityStudio_v3/developer/toolchains/gnu_arm/4.8_2013q4/bin/../lib/gcc/arm-none-eabi/4.8.3/../../../../arm-none-eabi/lib/armv6-m/libc_s.a(lib_a-impure.o)
 *fill*         0x0000aada        0x2 
 .rodata._global_impure_ptr
                0x0000aadc        0x4 /home/iliya/work/SL/SimplicityStudio/SimplicityStudio_v3/developer/toolchains/gnu_arm/4.8_2013q4/bin/../lib/gcc/arm-none-eabi/4.8.3/../../../../arm-none-eabi/lib/armv6-m/libc_s.a(lib_a-impure.o)
                0x0000aadc                _global_impure_ptr
 .rodata.str1.1
                0x0000aae0        0x3 /home/iliya/work/SL/SimplicityStudio/SimplicityStudio_v3/developer/toolchains/gnu_arm/4.8_2013q4/bin/../lib/gcc/arm-none-eabi/4.8.3/../../../../arm-none-eabi/lib/armv6-m/libc_s.a(lib_a-perror.o)
 .rodata.str1.1
                0x0000aae3      0x5d8 /home/iliya/work/SL/SimplicityStudio/SimplicityStudio_v3/developer/toolchains/gnu_arm/4.8_2013q4/bin/../lib/gcc/arm-none-eabi/4.8.3/../../../../arm-none-eabi/lib/armv6-m/libc_s.a(lib_a-strerror.o)
                                0x5d9 (size before relaxing)
 .rodata.str1.1
                0x0000b0bb       0x11 /home/iliya/work/SL/SimplicityStudio/SimplicityStudio_v3/developer/toolchains/gnu_arm/4.8_2013q4/bin/../lib/gcc/arm-none-eabi/4.8.3/../../../../arm-none-eabi/lib/armv6-m/libc_s.a(lib_a-svfprintf.o)
 .rodata.str1.1
                0x0000b0cc       0x22 /home/iliya/work/SL/SimplicityStudio/SimplicityStudio_v3/developer/toolchains/gnu_arm/4.8_2013q4/bin/../lib/gcc/arm-none-eabi/4.8.3/../../../../arm-none-eabi/lib/armv6-m/libc_s.a(lib_a-vfprintf_i.o)
 *fill*         0x0000b0ee        0x2 
 .rodata.__sf_fake_stdin
                0x0000b0f0       0x20 /home/iliya/work/SL/SimplicityStudio/SimplicityStudio_v3/developer/toolchains/gnu_arm/4.8_2013q4/bin/../lib/gcc/arm-none-eabi/4.8.3/../../../../arm-none-eabi/lib/armv6-m/libc_s.a(lib_a-findfp.o)
                0x0000b0f0                __sf_fake_stdin
 .rodata.__sf_fake_stdout
                0x0000b110       0x20 /home/iliya/work/SL/SimplicityStudio/SimplicityStudio_v3/developer/toolchains/gnu_arm/4.8_2013q4/bin/../lib/gcc/arm-none-eabi/4.8.3/../../../../arm-none-eabi/lib/armv6-m/libc_s.a(lib_a-findfp.o)
                0x0000b110                __sf_fake_stdout
 .rodata.__sf_fake_stderr
                0x0000b130       0x20 /home/iliya/work/SL/SimplicityStudio/SimplicityStudio_v3/developer/toolchains/gnu_arm/4.8_2013q4/bin/../lib/gcc/arm-none-eabi/4.8.3/../../../../arm-none-eabi/lib/armv6-m/libc_s.a(lib_a-findfp.o)
                0x0000b130                __sf_fake_stderr
 *(.eh_frame*)
 .eh_frame      0x0000b150        0x0 /home/iliya/work/SL/SimplicityStudio/SimplicityStudio_v3/developer/toolchains/gnu_arm/4.8_2013q4/bin/../lib/gcc/arm-none-eabi/4.8.3/armv6-m/crtbegin.o
 .eh_frame      0x0000b150        0x4 /home/iliya/work/SL/SimplicityStudio/SimplicityStudio_v3/developer/toolchains/gnu_arm/4.8_2013q4/bin/../lib/gcc/arm-none-eabi/4.8.3/armv6-m/crtend.o

.glue_7         0x0000b154        0x0
 .glue_7        0x00000000        0x0 linker stubs

.glue_7t        0x0000b154        0x0
 .glue_7t       0x00000000        0x0 linker stubs

.vfp11_veneer   0x0000b154        0x0
 .vfp11_veneer  0x00000000        0x0 linker stubs

.v4_bx          0x0000b154        0x0
 .v4_bx         0x00000000        0x0 linker stubs

.iplt           0x0000b154        0x0
 .iplt          0x00000000        0x0 /home/iliya/work/SL/SimplicityStudio/SimplicityStudio_v3/developer/toolchains/gnu_arm/4.8_2013q4/bin/../lib/gcc/arm-none-eabi/4.8.3/armv6-m/crtbegin.o

.ARM.extab
 *(.ARM.extab* .gnu.linkonce.armextab.*)
                0x0000b154                __exidx_start = .

.ARM.exidx      0x0000b154        0x8
 *(.ARM.exidx* .gnu.linkonce.armexidx.*)
 .ARM.exidx     0x0000b154        0x8 /home/iliya/work/SL/SimplicityStudio/SimplicityStudio_v3/developer/toolchains/gnu_arm/4.8_2013q4/bin/../lib/gcc/arm-none-eabi/4.8.3/../../../../arm-none-eabi/lib/armv6-m/crt0.o
                0x0000b15c                __exidx_end = .
                0x0000b15c                __etext = .

.rel.dyn        0x0000b15c        0x0
 .rel.iplt      0x00000000        0x0 /home/iliya/work/SL/SimplicityStudio/SimplicityStudio_v3/developer/toolchains/gnu_arm/4.8_2013q4/bin/../lib/gcc/arm-none-eabi/4.8.3/armv6-m/crtbegin.o

.data           0x20000000       0xac load address 0x0000b15c
                0x20000000                __data_start__ = .
 *(vtable)
 *(.data*)
 .data.usbTxActive
                0x20000000        0x1 ./src/usbdrv_hal.o
 *fill*         0x20000001        0x3 
 .data.frame_trailer
                0x20000004        0x4 ./src/usbdrv_hal.o
 .data.dev      0x20000008        0x4 ./emusb/em_usbd.o
                0x20000008                dev
 .data.cdcLineCoding
                0x2000000c        0x8 ./Drivers/cdc.o
 .data.usbRxBuffer
                0x20000014        0x8 ./Drivers/cdc.o
 .data.uartRxBuffer
                0x2000001c        0x8 ./Drivers/cdc.o
 .data.pDisplayDeviceDriverInitFunctions
                0x20000024        0x8 ./Drivers/display.o
 .data.pixelMatrixPool
                0x2000002c        0x4 ./Drivers/displayls013b7dh03.o
 .data.loops_per_jiffy
                0x20000030        0x4 ./Drivers/udelay.o
                0x20000030                loops_per_jiffy
 .data.SystemHFXOClock
                0x20000034        0x4 ./CMSIS/efm32hg/system_efm32hg.o
 .data.SystemLFXOClock
                0x20000038        0x4 ./CMSIS/efm32hg/system_efm32hg.o
 .data.impure_data
                0x2000003c       0x60 /home/iliya/work/SL/SimplicityStudio/SimplicityStudio_v3/developer/toolchains/gnu_arm/4.8_2013q4/bin/../lib/gcc/arm-none-eabi/4.8.3/../../../../arm-none-eabi/lib/armv6-m/libc_s.a(lib_a-impure.o)
 .data._impure_ptr
                0x2000009c        0x4 /home/iliya/work/SL/SimplicityStudio/SimplicityStudio_v3/developer/toolchains/gnu_arm/4.8_2013q4/bin/../lib/gcc/arm-none-eabi/4.8.3/../../../../arm-none-eabi/lib/armv6-m/libc_s.a(lib_a-impure.o)
                0x2000009c                _impure_ptr
                0x200000a0                . = ALIGN (0x4)
 *(.ram)
                0x200000a0                . = ALIGN (0x4)
                0x200000a0                PROVIDE (__preinit_array_start, .)
 *(.preinit_array)
                0x200000a0                PROVIDE (__preinit_array_end, .)
                0x200000a0                . = ALIGN (0x4)
                0x200000a0                PROVIDE (__init_array_start, .)
 *(SORT(.init_array.*))
 *(.init_array)
 .init_array    0x200000a0        0x4 /home/iliya/work/SL/SimplicityStudio/SimplicityStudio_v3/developer/toolchains/gnu_arm/4.8_2013q4/bin/../lib/gcc/arm-none-eabi/4.8.3/armv6-m/crtbegin.o
                0x200000a4                PROVIDE (__init_array_end, .)
                0x200000a4                . = ALIGN (0x4)
                0x200000a4                PROVIDE (__fini_array_start, .)
 *(SORT(.fini_array.*))
 *(.fini_array)
 .fini_array    0x200000a4        0x4 /home/iliya/work/SL/SimplicityStudio/SimplicityStudio_v3/developer/toolchains/gnu_arm/4.8_2013q4/bin/../lib/gcc/arm-none-eabi/4.8.3/armv6-m/crtbegin.o
                0x200000a8                PROVIDE (__fini_array_end, .)
 *(.jcr*)
 .jcr           0x200000a8        0x0 /home/iliya/work/SL/SimplicityStudio/SimplicityStudio_v3/developer/toolchains/gnu_arm/4.8_2013q4/bin/../lib/gcc/arm-none-eabi/4.8.3/armv6-m/crtbegin.o
 .jcr           0x200000a8        0x4 /home/iliya/work/SL/SimplicityStudio/SimplicityStudio_v3/developer/toolchains/gnu_arm/4.8_2013q4/bin/../lib/gcc/arm-none-eabi/4.8.3/armv6-m/crtend.o
                0x200000ac                . = ALIGN (0x4)
                0x200000ac                __data_end__ = .

.igot.plt       0x200000ac        0x0 load address 0x0000b208
 .igot.plt      0x00000000        0x0 /home/iliya/work/SL/SimplicityStudio/SimplicityStudio_v3/developer/toolchains/gnu_arm/4.8_2013q4/bin/../lib/gcc/arm-none-eabi/4.8.3/armv6-m/crtbegin.o

.bss            0x20000100      0xf08 load address 0x0000b300
                0x20000100                . = ALIGN (0x4)
                0x20000100                __bss_start__ = .
 *(.bss*)
 .bss           0x20000100       0x1c /home/iliya/work/SL/SimplicityStudio/SimplicityStudio_v3/developer/toolchains/gnu_arm/4.8_2013q4/bin/../lib/gcc/arm-none-eabi/4.8.3/armv6-m/crtbegin.o
 .bss.displayDevice
                0x2000011c       0x2c ./src/main.o
 .bss.scrollDisplay
                0x20000148        0x1 ./src/main.o
 *fill*         0x20000149        0x3 
 .bss.blankImage
                0x2000014c      0x800 ./src/main.o
 .bss.TransmitBuffer
                0x2000094c      0x204 ./src/usbdrv_hal.o
 .bss.LastUsbTxCnt
                0x20000b50        0x4 ./src/usbdrv_hal.o
 .bss.status    0x20000b54        0x1 ./src/usbdrv_hal.o
 *fill*         0x20000b55        0x3 
 .bss.device    0x20000b58       0xf8 ./emusb/em_usbd.o
 .bss.txBuf     0x20000c50        0x4 ./emusb/em_usbdch9.o
 .bss.callback.7794
                0x20000c54        0x4 ./emusb/em_usbdep.o
 .bss.xferred.7793
                0x20000c58        0x4 ./emusb/em_usbdep.o
 .bss.timers    0x20000c5c       0x10 ./emusb/em_usbtimer.o
 .bss.head      0x20000c6c        0x4 ./emusb/em_usbtimer.o
 .bss.ticksPrMs
                0x20000c70        0x4 ./emusb/em_usbtimer.o
 .bss.ticksPr1us
                0x20000c74        0x4 ./emusb/em_usbtimer.o
 .bss.ticksPr10us
                0x20000c78        0x4 ./emusb/em_usbtimer.o
 .bss.ticksPr100us
                0x20000c7c        0x4 ./emusb/em_usbtimer.o
 .bss.cmuStatus
                0x20000c80        0x4 ./emlib/em_emu.o
 .bss.INT_LockCnt
                0x20000c84        0x4 ./emlib/em_int.o
                0x20000c84                INT_LockCnt
 .bss.usbRxBuffer0
                0x20000c88       0x40 ./Drivers/cdc.o
 .bss.usbRxBuffer1
                0x20000cc8       0x40 ./Drivers/cdc.o
 .bss.uartRxBuffer0
                0x20000d08       0x80 ./Drivers/cdc.o
 .bss.uartRxBuffer1
                0x20000d88       0x80 ./Drivers/cdc.o
 .bss.usbRxIndex
                0x20000e08        0x4 ./Drivers/cdc.o
 .bss.usbBytesReceived
                0x20000e0c        0x4 ./Drivers/cdc.o
 .bss.uartRxIndex
                0x20000e10        0x4 ./Drivers/cdc.o
 .bss.uartRxCount
                0x20000e14        0x4 ./Drivers/cdc.o
 .bss.LastUsbTxCnt
                0x20000e18        0x4 ./Drivers/cdc.o
 .bss.dmaRxCompleted
                0x20000e1c        0x1 ./Drivers/cdc.o
 .bss.usbRxActive
                0x20000e1d        0x1 ./Drivers/cdc.o
 .bss.dmaTxActive
                0x20000e1e        0x1 ./Drivers/cdc.o
 .bss.usbTxActive
                0x20000e1f        0x1 ./Drivers/cdc.o
 .bss.dmaRxActive
                0x20000e20        0x1 ./Drivers/cdc.o
 *fill*         0x20000e21        0x3 
 .bss.deviceTable
                0x20000e24       0x2c ./Drivers/display.o
 .bss.moduleInitialized
                0x20000e50        0x1 ./Drivers/display.o
 *fill*         0x20000e51        0x3 
 .bss.devicesRegistered
                0x20000e54        0x4 ./Drivers/display.o
 .bss.lcdPolarity
                0x20000e58        0x1 ./Drivers/displayls013b7dh03.o
 *fill*         0x20000e59        0x3 
 .bss.pixelMatrixPoolBase
                0x20000e5c       0x80 ./Drivers/displayls013b7dh03.o
 .bss.__malloc_sbrk_start
                0x20000edc        0x4 /home/iliya/work/SL/SimplicityStudio/SimplicityStudio_v3/developer/toolchains/gnu_arm/4.8_2013q4/bin/../lib/gcc/arm-none-eabi/4.8.3/../../../../arm-none-eabi/lib/armv6-m/libc_s.a(lib_a-nano-mallocr.o)
                0x20000edc                __malloc_sbrk_start
 .bss.__malloc_free_list
                0x20000ee0        0x4 /home/iliya/work/SL/SimplicityStudio/SimplicityStudio_v3/developer/toolchains/gnu_arm/4.8_2013q4/bin/../lib/gcc/arm-none-eabi/4.8.3/../../../../arm-none-eabi/lib/armv6-m/libc_s.a(lib_a-nano-mallocr.o)
                0x20000ee0                __malloc_free_list
 .bss.heap_end.4237
                0x20000ee4        0x4 /home/iliya/work/SL/SimplicityStudio/SimplicityStudio_v3/developer/toolchains/gnu_arm/4.8_2013q4/bin/../lib/gcc/arm-none-eabi/4.8.3/../../../../arm-none-eabi/lib/armv6-m/libnosys.a(sbrk.o)
 *(COMMON)
 *fill*         0x20000ee8       0x18 
 COMMON         0x20000f00      0x100 ./Drivers/dmactrl.o
                0x20000f00                dmaControlBlock
 COMMON         0x20001000        0x4 ./CMSIS/efm32hg/system_efm32hg.o
                0x20001000                SystemCoreClock
 COMMON         0x20001004        0x4 /home/iliya/work/SL/SimplicityStudio/SimplicityStudio_v3/developer/toolchains/gnu_arm/4.8_2013q4/bin/../lib/gcc/arm-none-eabi/4.8.3/../../../../arm-none-eabi/lib/armv6-m/libc_s.a(lib_a-reent.o)
                0x20001004                errno
                0x20001008                . = ALIGN (0x4)
                0x20001008                __bss_end__ = .

.heap           0x20001008      0x400
                0x20001008                __HeapBase = .
                0x20001008                __end__ = .
                0x20001008                end = __end__
                0x20001008                _end = __end__
 *(.heap*)
 .heap          0x20001008      0x400 ./CMSIS/efm32hg/startup_gcc_efm32hg.o
                0x20001408                __HeapLimit = .

.stack_dummy    0x20001008      0x400
 *(.stack*)
 .stack         0x20001008      0x400 ./CMSIS/efm32hg/startup_gcc_efm32hg.o
                0x20002000                __StackTop = (ORIGIN (RAM) + 0x2000)
                0x20001c00                __StackLimit = (__StackTop - SIZEOF (.stack_dummy))
                0x20002000                PROVIDE (__stack, __StackTop)
                0x00000001                ASSERT ((__StackLimit >= __HeapLimit), region RAM overflowed with stack)
                0x00000001                ASSERT ((0x10000 >= (__etext + SIZEOF (.data))), FLASH memory overflowed !)
OUTPUT(SLSTK3400A_usbdcdc.axf elf32-littlearm)

.ARM.attributes
                0x00000000       0x28
 .ARM.attributes
                0x00000000       0x1e /home/iliya/work/SL/SimplicityStudio/SimplicityStudio_v3/developer/toolchains/gnu_arm/4.8_2013q4/bin/../lib/gcc/arm-none-eabi/4.8.3/armv6-m/crti.o
 .ARM.attributes
                0x0000001e       0x2c /home/iliya/work/SL/SimplicityStudio/SimplicityStudio_v3/developer/toolchains/gnu_arm/4.8_2013q4/bin/../lib/gcc/arm-none-eabi/4.8.3/armv6-m/crtbegin.o
 .ARM.attributes
                0x0000004a       0x1b /home/iliya/work/SL/SimplicityStudio/SimplicityStudio_v3/developer/toolchains/gnu_arm/4.8_2013q4/bin/../lib/gcc/arm-none-eabi/4.8.3/../../../../arm-none-eabi/lib/armv6-m/crt0.o
 .ARM.attributes
                0x00000065       0x32 ./src/descriptors.o
 .ARM.attributes
                0x00000097       0x32 ./src/main.o
 .ARM.attributes
                0x000000c9       0x32 ./src/scrolllcd.o
 .ARM.attributes
                0x000000fb       0x32 ./src/usbdrv_hal.o
 .ARM.attributes
                0x0000012d       0x32 ./emusb/em_usbd.o
 .ARM.attributes
                0x0000015f       0x32 ./emusb/em_usbdch9.o
 .ARM.attributes
                0x00000191       0x32 ./emusb/em_usbdep.o
 .ARM.attributes
                0x000001c3       0x32 ./emusb/em_usbdint.o
 .ARM.attributes
                0x000001f5       0x32 ./emusb/em_usbhal.o
 .ARM.attributes
                0x00000227       0x32 ./emusb/em_usbtimer.o
 .ARM.attributes
                0x00000259       0x32 ./emlib/em_cmu.o
 .ARM.attributes
                0x0000028b       0x32 ./emlib/em_dma.o
 .ARM.attributes
                0x000002bd       0x32 ./emlib/em_emu.o
 .ARM.attributes
                0x000002ef       0x32 ./emlib/em_gpio.o
 .ARM.attributes
                0x00000321       0x32 ./emlib/em_int.o
 .ARM.attributes
                0x00000353       0x32 ./emlib/em_prs.o
 .ARM.attributes
                0x00000385       0x32 ./emlib/em_rtc.o
 .ARM.attributes
                0x000003b7       0x32 ./emlib/em_system.o
 .ARM.attributes
                0x000003e9       0x32 ./emlib/em_timer.o
 .ARM.attributes
                0x0000041b       0x32 ./emlib/em_usart.o
 .ARM.attributes
                0x0000044d       0x32 ./Drivers/cdc.o
 .ARM.attributes
                0x0000047f       0x32 ./Drivers/display.o
 .ARM.attributes
                0x000004b1       0x32 ./Drivers/displayls013b7dh03.o
 .ARM.attributes
                0x000004e3       0x32 ./Drivers/displaypalemlib.o
 .ARM.attributes
                0x00000515       0x32 ./Drivers/dmactrl.o
 .ARM.attributes
                0x00000547       0x2b ./Drivers/udelay.o
 .ARM.attributes
                0x00000572       0x1b ./CMSIS/efm32hg/startup_gcc_efm32hg.o
 .ARM.attributes
                0x0000058d       0x32 ./CMSIS/efm32hg/system_efm32hg.o
 .ARM.attributes
                0x000005bf       0x1e /home/iliya/work/SL/SimplicityStudio/SimplicityStudio_v3/developer/toolchains/gnu_arm/4.8_2013q4/bin/../lib/gcc/arm-none-eabi/4.8.3/armv6-m/libgcc.a(_udivsi3.o)
 .ARM.attributes
                0x000005dd       0x1e /home/iliya/work/SL/SimplicityStudio/SimplicityStudio_v3/developer/toolchains/gnu_arm/4.8_2013q4/bin/../lib/gcc/arm-none-eabi/4.8.3/armv6-m/libgcc.a(_divsi3.o)
 .ARM.attributes
                0x000005fb       0x1e /home/iliya/work/SL/SimplicityStudio/SimplicityStudio_v3/developer/toolchains/gnu_arm/4.8_2013q4/bin/../lib/gcc/arm-none-eabi/4.8.3/armv6-m/libgcc.a(_dvmd_tls.o)
 .ARM.attributes
                0x00000619       0x1e /home/iliya/work/SL/SimplicityStudio/SimplicityStudio_v3/developer/toolchains/gnu_arm/4.8_2013q4/bin/../lib/gcc/arm-none-eabi/4.8.3/armv6-m/libgcc.a(_clzsi2.o)
 .ARM.attributes
                0x00000637       0x2c /home/iliya/work/SL/SimplicityStudio/SimplicityStudio_v3/developer/toolchains/gnu_arm/4.8_2013q4/bin/../lib/gcc/arm-none-eabi/4.8.3/armv6-m/libgcc.a(_muldi3.o)
 .ARM.attributes
                0x00000663       0x2c /home/iliya/work/SL/SimplicityStudio/SimplicityStudio_v3/developer/toolchains/gnu_arm/4.8_2013q4/bin/../lib/gcc/arm-none-eabi/4.8.3/armv6-m/libgcc.a(extendsfdf2.o)
 .ARM.attributes
                0x0000068f       0x2c /home/iliya/work/SL/SimplicityStudio/SimplicityStudio_v3/developer/toolchains/gnu_arm/4.8_2013q4/bin/../lib/gcc/arm-none-eabi/4.8.3/../../../../arm-none-eabi/lib/armv6-m/libc_s.a(lib_a-exit.o)
 .ARM.attributes
                0x000006bb       0x2c /home/iliya/work/SL/SimplicityStudio/SimplicityStudio_v3/developer/toolchains/gnu_arm/4.8_2013q4/bin/../lib/gcc/arm-none-eabi/4.8.3/../../../../arm-none-eabi/lib/armv6-m/libc_s.a(lib_a-impure.o)
 .ARM.attributes
                0x000006e7       0x2c /home/iliya/work/SL/SimplicityStudio/SimplicityStudio_v3/developer/toolchains/gnu_arm/4.8_2013q4/bin/../lib/gcc/arm-none-eabi/4.8.3/../../../../arm-none-eabi/lib/armv6-m/libc_s.a(lib_a-init.o)
 .ARM.attributes
                0x00000713       0x2c /home/iliya/work/SL/SimplicityStudio/SimplicityStudio_v3/developer/toolchains/gnu_arm/4.8_2013q4/bin/../lib/gcc/arm-none-eabi/4.8.3/../../../../arm-none-eabi/lib/armv6-m/libc_s.a(lib_a-malloc.o)
 .ARM.attributes
                0x0000073f       0x2c /home/iliya/work/SL/SimplicityStudio/SimplicityStudio_v3/developer/toolchains/gnu_arm/4.8_2013q4/bin/../lib/gcc/arm-none-eabi/4.8.3/../../../../arm-none-eabi/lib/armv6-m/libc_s.a(lib_a-memcpy-stub.o)
 .ARM.attributes
                0x0000076b       0x2c /home/iliya/work/SL/SimplicityStudio/SimplicityStudio_v3/developer/toolchains/gnu_arm/4.8_2013q4/bin/../lib/gcc/arm-none-eabi/4.8.3/../../../../arm-none-eabi/lib/armv6-m/libc_s.a(lib_a-memset.o)
 .ARM.attributes
                0x00000797       0x2c /home/iliya/work/SL/SimplicityStudio/SimplicityStudio_v3/developer/toolchains/gnu_arm/4.8_2013q4/bin/../lib/gcc/arm-none-eabi/4.8.3/../../../../arm-none-eabi/lib/armv6-m/libc_s.a(lib_a-nano-freer.o)
 .ARM.attributes
                0x000007c3       0x2c /home/iliya/work/SL/SimplicityStudio/SimplicityStudio_v3/developer/toolchains/gnu_arm/4.8_2013q4/bin/../lib/gcc/arm-none-eabi/4.8.3/../../../../arm-none-eabi/lib/armv6-m/libc_s.a(lib_a-nano-mallocr.o)
 .ARM.attributes
                0x000007ef       0x2c /home/iliya/work/SL/SimplicityStudio/SimplicityStudio_v3/developer/toolchains/gnu_arm/4.8_2013q4/bin/../lib/gcc/arm-none-eabi/4.8.3/../../../../arm-none-eabi/lib/armv6-m/libc_s.a(lib_a-perror.o)
 .ARM.attributes
                0x0000081b       0x2c /home/iliya/work/SL/SimplicityStudio/SimplicityStudio_v3/developer/toolchains/gnu_arm/4.8_2013q4/bin/../lib/gcc/arm-none-eabi/4.8.3/../../../../arm-none-eabi/lib/armv6-m/libc_s.a(lib_a-sbrkr.o)
 .ARM.attributes
                0x00000847       0x2c /home/iliya/work/SL/SimplicityStudio/SimplicityStudio_v3/developer/toolchains/gnu_arm/4.8_2013q4/bin/../lib/gcc/arm-none-eabi/4.8.3/../../../../arm-none-eabi/lib/armv6-m/libc_s.a(lib_a-sprintf.o)
 .ARM.attributes
                0x00000873       0x2c /home/iliya/work/SL/SimplicityStudio/SimplicityStudio_v3/developer/toolchains/gnu_arm/4.8_2013q4/bin/../lib/gcc/arm-none-eabi/4.8.3/../../../../arm-none-eabi/lib/armv6-m/libc_s.a(lib_a-strcat.o)
 .ARM.attributes
                0x0000089f       0x2c /home/iliya/work/SL/SimplicityStudio/SimplicityStudio_v3/developer/toolchains/gnu_arm/4.8_2013q4/bin/../lib/gcc/arm-none-eabi/4.8.3/../../../../arm-none-eabi/lib/armv6-m/libc_s.a(lib_a-strcpy.o)
 .ARM.attributes
                0x000008cb       0x2c /home/iliya/work/SL/SimplicityStudio/SimplicityStudio_v3/developer/toolchains/gnu_arm/4.8_2013q4/bin/../lib/gcc/arm-none-eabi/4.8.3/../../../../arm-none-eabi/lib/armv6-m/libc_s.a(lib_a-strerror.o)
 .ARM.attributes
                0x000008f7       0x2c /home/iliya/work/SL/SimplicityStudio/SimplicityStudio_v3/developer/toolchains/gnu_arm/4.8_2013q4/bin/../lib/gcc/arm-none-eabi/4.8.3/../../../../arm-none-eabi/lib/armv6-m/libc_s.a(lib_a-strlen.o)
 .ARM.attributes
                0x00000923       0x2c /home/iliya/work/SL/SimplicityStudio/SimplicityStudio_v3/developer/toolchains/gnu_arm/4.8_2013q4/bin/../lib/gcc/arm-none-eabi/4.8.3/../../../../arm-none-eabi/lib/armv6-m/libc_s.a(lib_a-svfprintf.o)
 .ARM.attributes
                0x0000094f       0x2c /home/iliya/work/SL/SimplicityStudio/SimplicityStudio_v3/developer/toolchains/gnu_arm/4.8_2013q4/bin/../lib/gcc/arm-none-eabi/4.8.3/../../../../arm-none-eabi/lib/armv6-m/libc_s.a(lib_a-u_strerr.o)
 .ARM.attributes
                0x0000097b       0x2c /home/iliya/work/SL/SimplicityStudio/SimplicityStudio_v3/developer/toolchains/gnu_arm/4.8_2013q4/bin/../lib/gcc/arm-none-eabi/4.8.3/../../../../arm-none-eabi/lib/armv6-m/libc_s.a(lib_a-vfprintf_i.o)
 .ARM.attributes
                0x000009a7       0x2c /home/iliya/work/SL/SimplicityStudio/SimplicityStudio_v3/developer/toolchains/gnu_arm/4.8_2013q4/bin/../lib/gcc/arm-none-eabi/4.8.3/../../../../arm-none-eabi/lib/armv6-m/libc_s.a(lib_a-findfp.o)
 .ARM.attributes
                0x000009d3       0x2c /home/iliya/work/SL/SimplicityStudio/SimplicityStudio_v3/developer/toolchains/gnu_arm/4.8_2013q4/bin/../lib/gcc/arm-none-eabi/4.8.3/../../../../arm-none-eabi/lib/armv6-m/libc_s.a(lib_a-fputc.o)
 .ARM.attributes
                0x000009ff       0x2c /home/iliya/work/SL/SimplicityStudio/SimplicityStudio_v3/developer/toolchains/gnu_arm/4.8_2013q4/bin/../lib/gcc/arm-none-eabi/4.8.3/../../../../arm-none-eabi/lib/armv6-m/libc_s.a(lib_a-fputs.o)
 .ARM.attributes
                0x00000a2b       0x2c /home/iliya/work/SL/SimplicityStudio/SimplicityStudio_v3/developer/toolchains/gnu_arm/4.8_2013q4/bin/../lib/gcc/arm-none-eabi/4.8.3/../../../../arm-none-eabi/lib/armv6-m/libc_s.a(lib_a-memchr-stub.o)
 .ARM.attributes
                0x00000a57       0x2c /home/iliya/work/SL/SimplicityStudio/SimplicityStudio_v3/developer/toolchains/gnu_arm/4.8_2013q4/bin/../lib/gcc/arm-none-eabi/4.8.3/../../../../arm-none-eabi/lib/armv6-m/libc_s.a(lib_a-memmove.o)
 .ARM.attributes
                0x00000a83       0x2c /home/iliya/work/SL/SimplicityStudio/SimplicityStudio_v3/developer/toolchains/gnu_arm/4.8_2013q4/bin/../lib/gcc/arm-none-eabi/4.8.3/../../../../arm-none-eabi/lib/armv6-m/libc_s.a(lib_a-nano-reallocr.o)
 .ARM.attributes
                0x00000aaf       0x2c /home/iliya/work/SL/SimplicityStudio/SimplicityStudio_v3/developer/toolchains/gnu_arm/4.8_2013q4/bin/../lib/gcc/arm-none-eabi/4.8.3/../../../../arm-none-eabi/lib/armv6-m/libc_s.a(lib_a-putc.o)
 .ARM.attributes
                0x00000adb       0x2c /home/iliya/work/SL/SimplicityStudio/SimplicityStudio_v3/developer/toolchains/gnu_arm/4.8_2013q4/bin/../lib/gcc/arm-none-eabi/4.8.3/../../../../arm-none-eabi/lib/armv6-m/libc_s.a(lib_a-reent.o)
 .ARM.attributes
                0x00000b07       0x2c /home/iliya/work/SL/SimplicityStudio/SimplicityStudio_v3/developer/toolchains/gnu_arm/4.8_2013q4/bin/../lib/gcc/arm-none-eabi/4.8.3/../../../../arm-none-eabi/lib/armv6-m/libc_s.a(lib_a-stdio.o)
 .ARM.attributes
                0x00000b33       0x2c /home/iliya/work/SL/SimplicityStudio/SimplicityStudio_v3/developer/toolchains/gnu_arm/4.8_2013q4/bin/../lib/gcc/arm-none-eabi/4.8.3/../../../../arm-none-eabi/lib/armv6-m/libc_s.a(lib_a-wbuf.o)
 .ARM.attributes
                0x00000b5f       0x2c /home/iliya/work/SL/SimplicityStudio/SimplicityStudio_v3/developer/toolchains/gnu_arm/4.8_2013q4/bin/../lib/gcc/arm-none-eabi/4.8.3/../../../../arm-none-eabi/lib/armv6-m/libc_s.a(lib_a-writer.o)
 .ARM.attributes
                0x00000b8b       0x2c /home/iliya/work/SL/SimplicityStudio/SimplicityStudio_v3/developer/toolchains/gnu_arm/4.8_2013q4/bin/../lib/gcc/arm-none-eabi/4.8.3/../../../../arm-none-eabi/lib/armv6-m/libc_s.a(lib_a-wsetup.o)
 .ARM.attributes
                0x00000bb7       0x2c /home/iliya/work/SL/SimplicityStudio/SimplicityStudio_v3/developer/toolchains/gnu_arm/4.8_2013q4/bin/../lib/gcc/arm-none-eabi/4.8.3/../../../../arm-none-eabi/lib/armv6-m/libc_s.a(lib_a-closer.o)
 .ARM.attributes
                0x00000be3       0x2c /home/iliya/work/SL/SimplicityStudio/SimplicityStudio_v3/developer/toolchains/gnu_arm/4.8_2013q4/bin/../lib/gcc/arm-none-eabi/4.8.3/../../../../arm-none-eabi/lib/armv6-m/libc_s.a(lib_a-fflush.o)
 .ARM.attributes
                0x00000c0f       0x2c /home/iliya/work/SL/SimplicityStudio/SimplicityStudio_v3/developer/toolchains/gnu_arm/4.8_2013q4/bin/../lib/gcc/arm-none-eabi/4.8.3/../../../../arm-none-eabi/lib/armv6-m/libc_s.a(lib_a-lseekr.o)
 .ARM.attributes
                0x00000c3b       0x2c /home/iliya/work/SL/SimplicityStudio/SimplicityStudio_v3/developer/toolchains/gnu_arm/4.8_2013q4/bin/../lib/gcc/arm-none-eabi/4.8.3/../../../../arm-none-eabi/lib/armv6-m/libc_s.a(lib_a-makebuf.o)
 .ARM.attributes
                0x00000c67       0x2c /home/iliya/work/SL/SimplicityStudio/SimplicityStudio_v3/developer/toolchains/gnu_arm/4.8_2013q4/bin/../lib/gcc/arm-none-eabi/4.8.3/../../../../arm-none-eabi/lib/armv6-m/libc_s.a(lib_a-nano-msizer.o)
 .ARM.attributes
                0x00000c93       0x2c /home/iliya/work/SL/SimplicityStudio/SimplicityStudio_v3/developer/toolchains/gnu_arm/4.8_2013q4/bin/../lib/gcc/arm-none-eabi/4.8.3/../../../../arm-none-eabi/lib/armv6-m/libc_s.a(lib_a-readr.o)
 .ARM.attributes
                0x00000cbf       0x2c /home/iliya/work/SL/SimplicityStudio/SimplicityStudio_v3/developer/toolchains/gnu_arm/4.8_2013q4/bin/../lib/gcc/arm-none-eabi/4.8.3/../../../../arm-none-eabi/lib/armv6-m/libc_s.a(lib_a-fstatr.o)
 .ARM.attributes
                0x00000ceb       0x2c /home/iliya/work/SL/SimplicityStudio/SimplicityStudio_v3/developer/toolchains/gnu_arm/4.8_2013q4/bin/../lib/gcc/arm-none-eabi/4.8.3/../../../../arm-none-eabi/lib/armv6-m/libc_s.a(lib_a-isattyr.o)
 .ARM.attributes
                0x00000d17       0x2c /home/iliya/work/SL/SimplicityStudio/SimplicityStudio_v3/developer/toolchains/gnu_arm/4.8_2013q4/bin/../lib/gcc/arm-none-eabi/4.8.3/../../../../arm-none-eabi/lib/armv6-m/libnosys.a(close.o)
 .ARM.attributes
                0x00000d43       0x2c /home/iliya/work/SL/SimplicityStudio/SimplicityStudio_v3/developer/toolchains/gnu_arm/4.8_2013q4/bin/../lib/gcc/arm-none-eabi/4.8.3/../../../../arm-none-eabi/lib/armv6-m/libnosys.a(fstat.o)
 .ARM.attributes
                0x00000d6f       0x2c /home/iliya/work/SL/SimplicityStudio/SimplicityStudio_v3/developer/toolchains/gnu_arm/4.8_2013q4/bin/../lib/gcc/arm-none-eabi/4.8.3/../../../../arm-none-eabi/lib/armv6-m/libnosys.a(isatty.o)
 .ARM.attributes
                0x00000d9b       0x2c /home/iliya/work/SL/SimplicityStudio/SimplicityStudio_v3/developer/toolchains/gnu_arm/4.8_2013q4/bin/../lib/gcc/arm-none-eabi/4.8.3/../../../../arm-none-eabi/lib/armv6-m/libnosys.a(lseek.o)
 .ARM.attributes
                0x00000dc7       0x2c /home/iliya/work/SL/SimplicityStudio/SimplicityStudio_v3/developer/toolchains/gnu_arm/4.8_2013q4/bin/../lib/gcc/arm-none-eabi/4.8.3/../../../../arm-none-eabi/lib/armv6-m/libnosys.a(read.o)
 .ARM.attributes
                0x00000df3       0x2c /home/iliya/work/SL/SimplicityStudio/SimplicityStudio_v3/developer/toolchains/gnu_arm/4.8_2013q4/bin/../lib/gcc/arm-none-eabi/4.8.3/../../../../arm-none-eabi/lib/armv6-m/libnosys.a(sbrk.o)
 .ARM.attributes
                0x00000e1f       0x2c /home/iliya/work/SL/SimplicityStudio/SimplicityStudio_v3/developer/toolchains/gnu_arm/4.8_2013q4/bin/../lib/gcc/arm-none-eabi/4.8.3/../../../../arm-none-eabi/lib/armv6-m/libnosys.a(write.o)
 .ARM.attributes
                0x00000e4b       0x2c /home/iliya/work/SL/SimplicityStudio/SimplicityStudio_v3/developer/toolchains/gnu_arm/4.8_2013q4/bin/../lib/gcc/arm-none-eabi/4.8.3/../../../../arm-none-eabi/lib/armv6-m/libnosys.a(_exit.o)
 .ARM.attributes
                0x00000e77       0x1e /home/iliya/work/SL/SimplicityStudio/SimplicityStudio_v3/developer/toolchains/gnu_arm/4.8_2013q4/bin/../lib/gcc/arm-none-eabi/4.8.3/armv6-m/libgcc.a(_thumb1_case_uqi.o)
 .ARM.attributes
                0x00000e95       0x2c /home/iliya/work/SL/SimplicityStudio/SimplicityStudio_v3/developer/toolchains/gnu_arm/4.8_2013q4/bin/../lib/gcc/arm-none-eabi/4.8.3/armv6-m/crtend.o
 .ARM.attributes
                0x00000ec1       0x1e /home/iliya/work/SL/SimplicityStudio/SimplicityStudio_v3/developer/toolchains/gnu_arm/4.8_2013q4/bin/../lib/gcc/arm-none-eabi/4.8.3/armv6-m/crtn.o

.comment        0x00000000       0x70
 .comment       0x00000000       0x70 ./src/descriptors.o
                                 0x71 (size before relaxing)
 .comment       0x00000000       0x71 ./src/main.o
 .comment       0x00000000       0x71 ./src/scrolllcd.o
 .comment       0x00000000       0x71 ./src/usbdrv_hal.o
 .comment       0x00000000       0x71 ./emusb/em_usbd.o
 .comment       0x00000000       0x71 ./emusb/em_usbdch9.o
 .comment       0x00000000       0x71 ./emusb/em_usbdep.o
 .comment       0x00000000       0x71 ./emusb/em_usbdint.o
 .comment       0x00000000       0x71 ./emusb/em_usbhal.o
 .comment       0x00000000       0x71 ./emusb/em_usbtimer.o
 .comment       0x00000000       0x71 ./emlib/em_cmu.o
 .comment       0x00000000       0x71 ./emlib/em_dma.o
 .comment       0x00000000       0x71 ./emlib/em_emu.o
 .comment       0x00000000       0x71 ./emlib/em_gpio.o
 .comment       0x00000000       0x71 ./emlib/em_int.o
 .comment       0x00000000       0x71 ./emlib/em_prs.o
 .comment       0x00000000       0x71 ./emlib/em_rtc.o
 .comment       0x00000000       0x71 ./emlib/em_system.o
 .comment       0x00000000       0x71 ./emlib/em_timer.o
 .comment       0x00000000       0x71 ./emlib/em_usart.o
 .comment       0x00000000       0x71 ./Drivers/cdc.o
 .comment       0x00000000       0x71 ./Drivers/display.o
 .comment       0x00000000       0x71 ./Drivers/displayls013b7dh03.o
 .comment       0x00000000       0x71 ./Drivers/displaypalemlib.o
 .comment       0x00000000       0x71 ./Drivers/dmactrl.o
 .comment       0x00000000       0x71 ./Drivers/udelay.o
 .comment       0x00000000       0x71 ./CMSIS/efm32hg/system_efm32hg.o

.debug_info     0x00000000    0x11806
 .debug_info    0x00000000      0x36e ./src/descriptors.o
 .debug_info    0x0000036e      0xadb ./src/main.o
 .debug_info    0x00000e49      0x3bd ./src/scrolllcd.o
 .debug_info    0x00001206      0x5c6 ./src/usbdrv_hal.o
 .debug_info    0x000017cc     0x1ecf ./emusb/em_usbd.o
 .debug_info    0x0000369b     0x14b0 ./emusb/em_usbdch9.o
 .debug_info    0x00004b4b     0x1047 ./emusb/em_usbdep.o
 .debug_info    0x00005b92     0x1305 ./emusb/em_usbdint.o
 .debug_info    0x00006e97     0x1511 ./emusb/em_usbhal.o
 .debug_info    0x000083a8      0xdda ./emusb/em_usbtimer.o
 .debug_info    0x00009182     0x1218 ./emlib/em_cmu.o
 .debug_info    0x0000a39a      0xfff ./emlib/em_dma.o
 .debug_info    0x0000b399      0x63b ./emlib/em_emu.o
 .debug_info    0x0000b9d4      0x642 ./emlib/em_gpio.o
 .debug_info    0x0000c016       0xa4 ./emlib/em_int.o
 .debug_info    0x0000c0ba      0x231 ./emlib/em_prs.o
 .debug_info    0x0000c2eb      0x32b ./emlib/em_rtc.o
 .debug_info    0x0000c616      0x243 ./emlib/em_system.o
 .debug_info    0x0000c859      0x8a3 ./emlib/em_timer.o
 .debug_info    0x0000d0fc      0xe13 ./emlib/em_usart.o
 .debug_info    0x0000df0f     0x11c4 ./Drivers/cdc.o
 .debug_info    0x0000f0d3      0x42c ./Drivers/display.o
 .debug_info    0x0000f4ff      0x5ed ./Drivers/displayls013b7dh03.o
 .debug_info    0x0000faec      0xd4b ./Drivers/displaypalemlib.o
 .debug_info    0x00010837      0x111 ./Drivers/dmactrl.o
 .debug_info    0x00010948      0x995 ./Drivers/udelay.o
 .debug_info    0x000112dd       0xa3 ./CMSIS/efm32hg/startup_gcc_efm32hg.o
 .debug_info    0x00011380      0x486 ./CMSIS/efm32hg/system_efm32hg.o

.debug_abbrev   0x00000000     0x32a2
 .debug_abbrev  0x00000000       0xdf ./src/descriptors.o
 .debug_abbrev  0x000000df      0x212 ./src/main.o
 .debug_abbrev  0x000002f1       0xfe ./src/scrolllcd.o
 .debug_abbrev  0x000003ef      0x187 ./src/usbdrv_hal.o
 .debug_abbrev  0x00000576      0x433 ./emusb/em_usbd.o
 .debug_abbrev  0x000009a9      0x30a ./emusb/em_usbdch9.o
 .debug_abbrev  0x00000cb3      0x2b5 ./emusb/em_usbdep.o
 .debug_abbrev  0x00000f68      0x362 ./emusb/em_usbdint.o
 .debug_abbrev  0x000012ca      0x39f ./emusb/em_usbhal.o
 .debug_abbrev  0x00001669      0x264 ./emusb/em_usbtimer.o
 .debug_abbrev  0x000018cd      0x2c0 ./emlib/em_cmu.o
 .debug_abbrev  0x00001b8d      0x228 ./emlib/em_dma.o
 .debug_abbrev  0x00001db5      0x1be ./emlib/em_emu.o
 .debug_abbrev  0x00001f73      0x1df ./emlib/em_gpio.o
 .debug_abbrev  0x00002152       0x44 ./emlib/em_int.o
 .debug_abbrev  0x00002196       0xe3 ./emlib/em_prs.o
 .debug_abbrev  0x00002279      0x16d ./emlib/em_rtc.o
 .debug_abbrev  0x000023e6       0xde ./emlib/em_system.o
 .debug_abbrev  0x000024c4      0x188 ./emlib/em_timer.o
 .debug_abbrev  0x0000264c      0x1d9 ./emlib/em_usart.o
 .debug_abbrev  0x00002825      0x279 ./Drivers/cdc.o
 .debug_abbrev  0x00002a9e       0xf5 ./Drivers/display.o
 .debug_abbrev  0x00002b93      0x165 ./Drivers/displayls013b7dh03.o
 .debug_abbrev  0x00002cf8      0x1c2 ./Drivers/displaypalemlib.o
 .debug_abbrev  0x00002eba       0x87 ./Drivers/dmactrl.o
 .debug_abbrev  0x00002f41      0x209 ./Drivers/udelay.o
 .debug_abbrev  0x0000314a       0x14 ./CMSIS/efm32hg/startup_gcc_efm32hg.o
 .debug_abbrev  0x0000315e      0x144 ./CMSIS/efm32hg/system_efm32hg.o

.debug_aranges  0x00000000      0xd10
 .debug_aranges
                0x00000000       0x18 ./src/descriptors.o
 .debug_aranges
                0x00000018       0x30 ./src/main.o
 .debug_aranges
                0x00000048       0x20 ./src/scrolllcd.o
 .debug_aranges
                0x00000068       0x78 ./src/usbdrv_hal.o
 .debug_aranges
                0x000000e0      0x168 ./emusb/em_usbd.o
 .debug_aranges
                0x00000248       0xb0 ./emusb/em_usbdch9.o
 .debug_aranges
                0x000002f8       0x58 ./emusb/em_usbdep.o
 .debug_aranges
                0x00000350       0xe0 ./emusb/em_usbdint.o
 .debug_aranges
                0x00000430       0xc0 ./emusb/em_usbhal.o
 .debug_aranges
                0x000004f0       0xb0 ./emusb/em_usbtimer.o
 .debug_aranges
                0x000005a0      0x158 ./emlib/em_cmu.o
 .debug_aranges
                0x000006f8       0xb0 ./emlib/em_dma.o
 .debug_aranges
                0x000007a8       0x70 ./emlib/em_emu.o
 .debug_aranges
                0x00000818       0x70 ./emlib/em_gpio.o
 .debug_aranges
                0x00000888       0x18 ./emlib/em_int.o
 .debug_aranges
                0x000008a0       0x28 ./emlib/em_prs.o
 .debug_aranges
                0x000008c8       0x58 ./emlib/em_rtc.o
 .debug_aranges
                0x00000920       0x28 ./emlib/em_system.o
 .debug_aranges
                0x00000948       0x50 ./emlib/em_timer.o
 .debug_aranges
                0x00000998       0xc0 ./emlib/em_usart.o
 .debug_aranges
                0x00000a58       0x80 ./Drivers/cdc.o
 .debug_aranges
                0x00000ad8       0x38 ./Drivers/display.o
 .debug_aranges
                0x00000b10       0x58 ./Drivers/displayls013b7dh03.o
 .debug_aranges
                0x00000b68       0xa8 ./Drivers/displaypalemlib.o
 .debug_aranges
                0x00000c10       0x18 ./Drivers/dmactrl.o
 .debug_aranges
                0x00000c28       0x60 ./Drivers/udelay.o
 .debug_aranges
                0x00000c88       0x20 ./CMSIS/efm32hg/startup_gcc_efm32hg.o
 .debug_aranges
                0x00000ca8       0x68 ./CMSIS/efm32hg/system_efm32hg.o

.debug_line     0x00000000     0x6bef
 .debug_line    0x00000000      0x184 ./src/descriptors.o
 .debug_line    0x00000184      0x3b8 ./src/main.o
 .debug_line    0x0000053c      0x27a ./src/scrolllcd.o
 .debug_line    0x000007b6      0x345 ./src/usbdrv_hal.o
 .debug_line    0x00000afb      0x869 ./emusb/em_usbd.o
 .debug_line    0x00001364      0x5f1 ./emusb/em_usbdch9.o
 .debug_line    0x00001955      0x396 ./emusb/em_usbdep.o
 .debug_line    0x00001ceb      0x626 ./emusb/em_usbdint.o
 .debug_line    0x00002311      0x67a ./emusb/em_usbhal.o
 .debug_line    0x0000298b      0x4ed ./emusb/em_usbtimer.o
 .debug_line    0x00002e78      0x8a4 ./emlib/em_cmu.o
 .debug_line    0x0000371c      0x594 ./emlib/em_dma.o
 .debug_line    0x00003cb0      0x3f9 ./emlib/em_emu.o
 .debug_line    0x000040a9      0x375 ./emlib/em_gpio.o
 .debug_line    0x0000441e       0xb5 ./emlib/em_int.o
 .debug_line    0x000044d3      0x1f0 ./emlib/em_prs.o
 .debug_line    0x000046c3      0x286 ./emlib/em_rtc.o
 .debug_line    0x00004949      0x207 ./emlib/em_system.o
 .debug_line    0x00004b50      0x4a6 ./emlib/em_timer.o
 .debug_line    0x00004ff6      0x53d ./emlib/em_usart.o
 .debug_line    0x00005533      0x576 ./Drivers/cdc.o
 .debug_line    0x00005aa9      0x20d ./Drivers/display.o
 .debug_line    0x00005cb6      0x2b4 ./Drivers/displayls013b7dh03.o
 .debug_line    0x00005f6a      0x509 ./Drivers/displaypalemlib.o
 .debug_line    0x00006473      0x148 ./Drivers/dmactrl.o
 .debug_line    0x000065bb      0x39f ./Drivers/udelay.o
 .debug_line    0x0000695a       0x74 ./CMSIS/efm32hg/startup_gcc_efm32hg.o
 .debug_line    0x000069ce      0x221 ./CMSIS/efm32hg/system_efm32hg.o

.debug_str      0x00000000     0x4b81
 .debug_str     0x00000000      0x30d ./src/descriptors.o
                                0x370 (size before relaxing)
 .debug_str     0x0000030d      0x79b ./src/main.o
                                0xaef (size before relaxing)
 .debug_str     0x00000aa8       0x63 ./src/scrolllcd.o
                                0x412 (size before relaxing)
 .debug_str     0x00000b0b      0x35f ./src/usbdrv_hal.o
                                0x5b2 (size before relaxing)
 .debug_str     0x00000e6a      0xb39 ./emusb/em_usbd.o
                               0x1521 (size before relaxing)
 .debug_str     0x000019a3      0x158 ./emusb/em_usbdch9.o
                                0xd09 (size before relaxing)
 .debug_str     0x00001afb       0x5c ./emusb/em_usbdep.o
                                0xbd9 (size before relaxing)
 .debug_str     0x00001b57      0x239 ./emusb/em_usbdint.o
                                0xda9 (size before relaxing)
 .debug_str     0x00001d90      0x12f ./emusb/em_usbhal.o
                                0xeaf (size before relaxing)
 .debug_str     0x00001ebf      0x6d0 ./emusb/em_usbtimer.o
                                0xc98 (size before relaxing)
 .debug_str     0x0000258f      0x740 ./emlib/em_cmu.o
                                0xd24 (size before relaxing)
 .debug_str     0x00002ccf      0x54e ./emlib/em_dma.o
                                0xb03 (size before relaxing)
 .debug_str     0x0000321d      0x151 ./emlib/em_emu.o
                                0x48e (size before relaxing)
 .debug_str     0x0000336e      0x3bb ./emlib/em_gpio.o
                                0x5f1 (size before relaxing)
 .debug_str     0x00003729       0x12 ./emlib/em_int.o
                                0x1fb (size before relaxing)
 .debug_str     0x0000373b       0xc0 ./emlib/em_prs.o
                                0x2c1 (size before relaxing)
 .debug_str     0x000037fb       0xaf ./emlib/em_rtc.o
                                0x2d7 (size before relaxing)
 .debug_str     0x000038aa       0xb9 ./emlib/em_system.o
                                0x2cd (size before relaxing)
 .debug_str     0x00003963      0x20b ./emlib/em_timer.o
                                0x927 (size before relaxing)
 .debug_str     0x00003b6e      0x872 ./emlib/em_usart.o
                                0xc62 (size before relaxing)
 .debug_str     0x000043e0      0x218 ./Drivers/cdc.o
                               0x1119 (size before relaxing)
 .debug_str     0x000045f8      0x107 ./Drivers/display.o
                                0x47b (size before relaxing)
 .debug_str     0x000046ff       0xe3 ./Drivers/displayls013b7dh03.o
                                0x4db (size before relaxing)
 .debug_str     0x000047e2      0x18d ./Drivers/displaypalemlib.o
                                0xc0f (size before relaxing)
 .debug_str     0x0000496f       0x15 ./Drivers/dmactrl.o
                                0x231 (size before relaxing)
 .debug_str     0x00004984       0xf1 ./Drivers/udelay.o
                                0x94a (size before relaxing)
 .debug_str     0x00004a75      0x10c ./CMSIS/efm32hg/system_efm32hg.o
                                0x43a (size before relaxing)

.debug_loc      0x00000000     0x465a
 .debug_loc     0x00000000       0xaa ./src/main.o
 .debug_loc     0x000000aa       0x3a ./src/scrolllcd.o
 .debug_loc     0x000000e4      0x294 ./src/usbdrv_hal.o
 .debug_loc     0x00000378      0x896 ./emusb/em_usbd.o
 .debug_loc     0x00000c0e      0x428 ./emusb/em_usbdch9.o
 .debug_loc     0x00001036      0x1c0 ./emusb/em_usbdep.o
 .debug_loc     0x000011f6      0x518 ./emusb/em_usbdint.o
 .debug_loc     0x0000170e      0x45c ./emusb/em_usbhal.o
 .debug_loc     0x00001b6a      0x41e ./emusb/em_usbtimer.o
 .debug_loc     0x00001f88      0x860 ./emlib/em_cmu.o
 .debug_loc     0x000027e8      0x428 ./emlib/em_dma.o
 .debug_loc     0x00002c10      0x22c ./emlib/em_emu.o
 .debug_loc     0x00002e3c      0x268 ./emlib/em_gpio.o
 .debug_loc     0x000030a4       0x70 ./emlib/em_prs.o
 .debug_loc     0x00003114      0x1a8 ./emlib/em_rtc.o
 .debug_loc     0x000032bc       0x70 ./emlib/em_system.o
 .debug_loc     0x0000332c      0x188 ./emlib/em_timer.o